Component: ARM Compiler 5.06 update 6 (build 750) Tool: armlink [4d35ed]

==============================================================================

Section Cross References

    gd32f1x0_it.o(i.SysTick_Handler) refers to systick.o(i.delay_decrement) for delay_decrement
    systick.o(i.delay_1ms) refers to systick.o(.data) for delay
    systick.o(i.delay_decrement) refers to systick.o(.data) for delay
    systick.o(i.systick_config) refers to systick.o(i.NVIC_SetPriority) for NVIC_SetPriority
    systick.o(i.systick_config) refers to system_gd32f1x0.o(.data) for SystemCoreClock
    main.o(i.main) refers to led.o(i.LED_Init) for LED_Init
    main.o(i.main) refers to systick.o(i.systick_config) for systick_config
    main.o(i.main) refers to gd32f1x0_gpio.o(i.gpio_bit_set) for gpio_bit_set
    system_gd32f1x0.o(i.SystemCoreClockUpdate) refers to system_gd32f1x0.o(.data) for SystemCoreClock
    system_gd32f1x0.o(i.SystemInit) refers to system_gd32f1x0.o(i.system_clock_config) for system_clock_config
    system_gd32f1x0.o(i.SystemInit) refers to gd32f1x0_misc.o(i.nvic_vector_table_set) for nvic_vector_table_set
    system_gd32f1x0.o(i.system_clock_config) refers to system_gd32f1x0.o(i.system_clock_72m_hxtal) for system_clock_72m_hxtal
    gd32f1x0_adc.o(i.adc_deinit) refers to gd32f1x0_rcu.o(i.rcu_periph_reset_enable) for rcu_periph_reset_enable
    gd32f1x0_adc.o(i.adc_deinit) refers to gd32f1x0_rcu.o(i.rcu_periph_reset_disable) for rcu_periph_reset_disable
    gd32f1x0_cec.o(i.cec_deinit) refers to gd32f1x0_rcu.o(i.rcu_periph_reset_enable) for rcu_periph_reset_enable
    gd32f1x0_cec.o(i.cec_deinit) refers to gd32f1x0_rcu.o(i.rcu_periph_reset_disable) for rcu_periph_reset_disable
    gd32f1x0_dac.o(i.dac_deinit) refers to gd32f1x0_rcu.o(i.rcu_periph_reset_enable) for rcu_periph_reset_enable
    gd32f1x0_dac.o(i.dac_deinit) refers to gd32f1x0_rcu.o(i.rcu_periph_reset_disable) for rcu_periph_reset_disable
    gd32f1x0_dma.o(i.dma_init) refers to gd32f1x0_dma.o(i.dma_channel_disable) for dma_channel_disable
    gd32f1x0_fmc.o(i.fmc_halfword_program) refers to gd32f1x0_fmc.o(i.fmc_ready_wait) for fmc_ready_wait
    gd32f1x0_fmc.o(i.fmc_mass_erase) refers to gd32f1x0_fmc.o(i.fmc_ready_wait) for fmc_ready_wait
    gd32f1x0_fmc.o(i.fmc_page_erase) refers to gd32f1x0_fmc.o(i.fmc_ready_wait) for fmc_ready_wait
    gd32f1x0_fmc.o(i.fmc_ready_wait) refers to gd32f1x0_fmc.o(i.fmc_state_get) for fmc_state_get
    gd32f1x0_fmc.o(i.fmc_word_program) refers to gd32f1x0_fmc.o(i.fmc_ready_wait) for fmc_ready_wait
    gd32f1x0_fmc.o(i.ob_data_program) refers to gd32f1x0_fmc.o(i.ob_obstat_plevel_get) for ob_obstat_plevel_get
    gd32f1x0_fmc.o(i.ob_data_program) refers to gd32f1x0_fmc.o(i.fmc_ready_wait) for fmc_ready_wait
    gd32f1x0_fmc.o(i.ob_erase) refers to gd32f1x0_fmc.o(i.ob_obstat_plevel_get) for ob_obstat_plevel_get
    gd32f1x0_fmc.o(i.ob_erase) refers to gd32f1x0_fmc.o(i.fmc_ready_wait) for fmc_ready_wait
    gd32f1x0_fmc.o(i.ob_security_protection_config) refers to gd32f1x0_fmc.o(i.ob_obstat_plevel_get) for ob_obstat_plevel_get
    gd32f1x0_fmc.o(i.ob_security_protection_config) refers to gd32f1x0_fmc.o(i.fmc_ready_wait) for fmc_ready_wait
    gd32f1x0_fmc.o(i.ob_user_write) refers to gd32f1x0_fmc.o(i.ob_obstat_plevel_get) for ob_obstat_plevel_get
    gd32f1x0_fmc.o(i.ob_user_write) refers to gd32f1x0_fmc.o(i.fmc_ready_wait) for fmc_ready_wait
    gd32f1x0_fmc.o(i.ob_write_protection_enable) refers to gd32f1x0_fmc.o(i.ob_obstat_plevel_get) for ob_obstat_plevel_get
    gd32f1x0_fmc.o(i.ob_write_protection_enable) refers to gd32f1x0_fmc.o(i.fmc_ready_wait) for fmc_ready_wait
    gd32f1x0_gpio.o(i.gpio_deinit) refers to gd32f1x0_rcu.o(i.rcu_periph_reset_enable) for rcu_periph_reset_enable
    gd32f1x0_gpio.o(i.gpio_deinit) refers to gd32f1x0_rcu.o(i.rcu_periph_reset_disable) for rcu_periph_reset_disable
    gd32f1x0_i2c.o(i.i2c_clock_config) refers to gd32f1x0_rcu.o(i.rcu_clock_freq_get) for rcu_clock_freq_get
    gd32f1x0_i2c.o(i.i2c_deinit) refers to gd32f1x0_rcu.o(i.rcu_periph_reset_enable) for rcu_periph_reset_enable
    gd32f1x0_i2c.o(i.i2c_deinit) refers to gd32f1x0_rcu.o(i.rcu_periph_reset_disable) for rcu_periph_reset_disable
    gd32f1x0_misc.o(i.nvic_irq_enable) refers to gd32f1x0_misc.o(i.nvic_priority_group_set) for nvic_priority_group_set
    gd32f1x0_pmu.o(i.pmu_deinit) refers to gd32f1x0_rcu.o(i.rcu_periph_reset_enable) for rcu_periph_reset_enable
    gd32f1x0_pmu.o(i.pmu_deinit) refers to gd32f1x0_rcu.o(i.rcu_periph_reset_disable) for rcu_periph_reset_disable
    gd32f1x0_pmu.o(i.pmu_to_deepsleepmode) refers to gd32f1x0_pmu.o(.bss) for reg_snap
    gd32f1x0_rcu.o(i.rcu_osci_stab_wait) refers to gd32f1x0_rcu.o(i.rcu_flag_get) for rcu_flag_get
    gd32f1x0_rtc.o(i.rtc_deinit) refers to gd32f1x0_rtc.o(i.rtc_init_mode_enter) for rtc_init_mode_enter
    gd32f1x0_rtc.o(i.rtc_deinit) refers to gd32f1x0_rtc.o(i.rtc_register_sync_wait) for rtc_register_sync_wait
[...]
    Removing gd32f1x0_adc.o(i.adc_inserted_channel_config), (140 bytes).
    Removing gd32f1x0_adc.o(i.adc_inserted_channel_offset_config), (48 bytes).
    Removing gd32f1x0_adc.o(i.adc_inserted_data_read), (64 bytes).
    Removing gd32f1x0_adc.o(i.adc_interrupt_disable), (60 bytes).
    Removing gd32f1x0_adc.o(i.adc_interrupt_enable), (60 bytes).
    Removing gd32f1x0_adc.o(i.adc_interrupt_flag_clear), (16 bytes).
    Removing gd32f1x0_adc.o(i.adc_interrupt_flag_get), (108 bytes).
    Removing gd32f1x0_adc.o(i.adc_regular_channel_config), (220 bytes).
    Removing gd32f1x0_adc.o(i.adc_regular_data_read), (12 bytes).
    Removing gd32f1x0_adc.o(i.adc_software_trigger_enable), (44 bytes).
    Removing gd32f1x0_adc.o(i.adc_special_function_config), (128 bytes).
    Removing gd32f1x0_adc.o(i.adc_tempsensor_vrefint_disable), (20 bytes).
    Removing gd32f1x0_adc.o(i.adc_tempsensor_vrefint_enable), (20 bytes).
    Removing gd32f1x0_adc.o(i.adc_vbat_disable), (20 bytes).
    Removing gd32f1x0_adc.o(i.adc_vbat_enable), (20 bytes).
    Removing gd32f1x0_adc.o(i.adc_watchdog_disable), (24 bytes).
    Removing gd32f1x0_adc.o(i.adc_watchdog_group_channel_enable), (84 bytes).
    Removing gd32f1x0_adc.o(i.adc_watchdog_single_channel_enable), (48 bytes).
    Removing gd32f1x0_adc.o(i.adc_watchdog_threshold_config), (24 bytes).
    Removing gd32f1x0_cec.o(.rev16_text), (4 bytes).
    Removing gd32f1x0_cec.o(.revsh_text), (4 bytes).
    Removing gd32f1x0_cec.o(i.cec_data_receive), (12 bytes).
    Removing gd32f1x0_cec.o(i.cec_data_send), (12 bytes).
    Removing gd32f1x0_cec.o(i.cec_deinit), (20 bytes).
    Removing gd32f1x0_cec.o(i.cec_disable), (20 bytes).
    Removing gd32f1x0_cec.o(i.cec_enable), (20 bytes).
    Removing gd32f1x0_cec.o(i.cec_error_config), (56 bytes).
    Removing gd32f1x0_cec.o(i.cec_flag_clear), (16 bytes).
    Removing gd32f1x0_cec.o(i.cec_flag_get), (24 bytes).
    Removing gd32f1x0_cec.o(i.cec_generate_errorbit_config), (32 bytes).
    Removing gd32f1x0_cec.o(i.cec_init), (60 bytes).
    Removing gd32f1x0_cec.o(i.cec_interrupt_disable), (16 bytes).
    Removing gd32f1x0_cec.o(i.cec_interrupt_enable), (16 bytes).
    Removing gd32f1x0_cec.o(i.cec_interrupt_flag_clear), (12 bytes).
    Removing gd32f1x0_cec.o(i.cec_interrupt_flag_get), (40 bytes).
    Removing gd32f1x0_cec.o(i.cec_listen_mode_disable), (20 bytes).
    Removing gd32f1x0_cec.o(i.cec_listen_mode_enable), (20 bytes).
    Removing gd32f1x0_cec.o(i.cec_own_address_config), (36 bytes).
    Removing gd32f1x0_cec.o(i.cec_reception_tolerance_disable), (20 bytes).
    Removing gd32f1x0_cec.o(i.cec_reception_tolerance_enable), (20 bytes).
    Removing gd32f1x0_cec.o(i.cec_sft_config), (28 bytes).
    Removing gd32f1x0_cec.o(i.cec_stop_receive_bre_config), (36 bytes).
    Removing gd32f1x0_cec.o(i.cec_transmission_end), (20 bytes).
    Removing gd32f1x0_cec.o(i.cec_transmission_start), (20 bytes).
    Removing gd32f1x0_cmp.o(.rev16_text), (4 bytes).
    Removing gd32f1x0_cmp.o(.revsh_text), (4 bytes).
    Removing gd32f1x0_cmp.o(i.cmp_deinit), (12 bytes).
    Removing gd32f1x0_cmp.o(i.cmp_disable), (36 bytes).
    Removing gd32f1x0_cmp.o(i.cmp_enable), (36 bytes).
    Removing gd32f1x0_cmp.o(i.cmp_lock_enable), (36 bytes).
    Removing gd32f1x0_cmp.o(i.cmp_mode_init), (104 bytes).
    Removing gd32f1x0_cmp.o(i.cmp_output_init), (92 bytes).
    Removing gd32f1x0_cmp.o(i.cmp_output_level_get), (44 bytes).
    Removing gd32f1x0_cmp.o(i.cmp_switch_disable), (20 bytes).
    Removing gd32f1x0_cmp.o(i.cmp_switch_enable), (20 bytes).
    Removing gd32f1x0_cmp.o(i.cmp_window_disable), (20 bytes).
    Removing gd32f1x0_cmp.o(i.cmp_window_enable), (20 bytes).
    Removing gd32f1x0_crc.o(.rev16_text), (4 bytes).
    Removing gd32f1x0_crc.o(.revsh_text), (4 bytes).
    Removing gd32f1x0_crc.o(i.crc_block_data_calculate), (96 bytes).
    Removing gd32f1x0_crc.o(i.crc_data_register_read), (12 bytes).
    Removing gd32f1x0_crc.o(i.crc_data_register_reset), (20 bytes).
    Removing gd32f1x0_crc.o(i.crc_deinit), (24 bytes).
    Removing gd32f1x0_crc.o(i.crc_free_data_register_read), (12 bytes).
    Removing gd32f1x0_crc.o(i.crc_free_data_register_write), (12 bytes).
    Removing gd32f1x0_crc.o(i.crc_init_data_register_write), (12 bytes).
    Removing gd32f1x0_crc.o(i.crc_input_data_reverse_config), (28 bytes).
    Removing gd32f1x0_crc.o(i.crc_reverse_output_data_disable), (20 bytes).
    Removing gd32f1x0_crc.o(i.crc_reverse_output_data_enable), (28 bytes).
    Removing gd32f1x0_crc.o(i.crc_single_data_calculate), (36 bytes).
    Removing gd32f1x0_dac.o(.rev16_text), (4 bytes).
    Removing gd32f1x0_dac.o(.revsh_text), (4 bytes).
    Removing gd32f1x0_dac.o(i.dac0_data_set), (44 bytes).
    Removing gd32f1x0_dac.o(i.dac0_disable), (20 bytes).
    Removing gd32f1x0_dac.o(i.dac0_dma_disable), (20 bytes).
    Removing gd32f1x0_dac.o(i.dac0_dma_enable), (20 bytes).
    Removing gd32f1x0_dac.o(i.dac0_enable), (20 bytes).
    Removing gd32f1x0_dac.o(i.dac0_flag_clear), (20 bytes).
    Removing gd32f1x0_dac.o(i.dac0_flag_get), (24 bytes).
    Removing gd32f1x0_dac.o(i.dac0_interrupt_disable), (20 bytes).
    Removing gd32f1x0_dac.o(i.dac0_interrupt_enable), (20 bytes).
    Removing gd32f1x0_dac.o(i.dac0_interrupt_flag_clear), (20 bytes).
    Removing gd32f1x0_dac.o(i.dac0_interrupt_flag_get), (40 bytes).
    Removing gd32f1x0_dac.o(i.dac0_output_buffer_disable), (20 bytes).
    Removing gd32f1x0_dac.o(i.dac0_output_buffer_enable), (20 bytes).
    Removing gd32f1x0_dac.o(i.dac0_output_value_get), (16 bytes).
    Removing gd32f1x0_dac.o(i.dac0_software_trigger_disable), (20 bytes).
    Removing gd32f1x0_dac.o(i.dac0_software_trigger_enable), (20 bytes).
    Removing gd32f1x0_dac.o(i.dac0_trigger_disable), (20 bytes).
    Removing gd32f1x0_dac.o(i.dac0_trigger_enable), (20 bytes).
    Removing gd32f1x0_dac.o(i.dac0_trigger_source_config), (28 bytes).
    Removing gd32f1x0_dac.o(i.dac_deinit), (20 bytes).
    Removing gd32f1x0_dbg.o(.rev16_text), (4 bytes).
    Removing gd32f1x0_dbg.o(.revsh_text), (4 bytes).
    Removing gd32f1x0_dbg.o(i.dbg_deinit), (16 bytes).
    Removing gd32f1x0_dbg.o(i.dbg_id_get), (12 bytes).
    Removing gd32f1x0_dbg.o(i.dbg_low_power_disable), (16 bytes).
    Removing gd32f1x0_dbg.o(i.dbg_low_power_enable), (16 bytes).
    Removing gd32f1x0_dbg.o(i.dbg_periph_disable), (32 bytes).
    Removing gd32f1x0_dbg.o(i.dbg_periph_enable), (32 bytes).
    Removing gd32f1x0_dma.o(.rev16_text), (4 bytes).
    Removing gd32f1x0_dma.o(.revsh_text), (4 bytes).
    Removing gd32f1x0_dma.o(i.dma_channel_disable), (36 bytes).
    Removing gd32f1x0_dma.o(i.dma_channel_enable), (36 bytes).
    Removing gd32f1x0_dma.o(i.dma_circulation_disable), (36 bytes).
    Removing gd32f1x0_dma.o(i.dma_circulation_enable), (36 bytes).
    Removing gd32f1x0_dma.o(i.dma_deinit), (92 bytes).
    Removing gd32f1x0_dma.o(i.dma_flag_clear), (24 bytes).
    Removing gd32f1x0_dma.o(i.dma_flag_get), (32 bytes).
    Removing gd32f1x0_dma.o(i.dma_init), (284 bytes).
    Removing gd32f1x0_dma.o(i.dma_interrupt_disable), (36 bytes).
    Removing gd32f1x0_dma.o(i.dma_interrupt_enable), (36 bytes).
    Removing gd32f1x0_dma.o(i.dma_interrupt_flag_clear), (24 bytes).
    Removing gd32f1x0_dma.o(i.dma_interrupt_flag_get), (140 bytes).
    Removing gd32f1x0_dma.o(i.dma_memory_address_config), (20 bytes).
    Removing gd32f1x0_dma.o(i.dma_memory_increase_disable), (36 bytes).
    Removing gd32f1x0_dma.o(i.dma_memory_increase_enable), (36 bytes).
    Removing gd32f1x0_dma.o(i.dma_memory_to_memory_disable), (36 bytes).
    Removing gd32f1x0_dma.o(i.dma_memory_to_memory_enable), (36 bytes).
    Removing gd32f1x0_dma.o(i.dma_memory_width_config), (40 bytes).
    Removing gd32f1x0_dma.o(i.dma_periph_address_config), (20 bytes).
    Removing gd32f1x0_dma.o(i.dma_periph_increase_disable), (36 bytes).
    Removing gd32f1x0_dma.o(i.dma_periph_increase_enable), (36 bytes).
    Removing gd32f1x0_dma.o(i.dma_periph_width_config), (40 bytes).
    Removing gd32f1x0_dma.o(i.dma_priority_config), (40 bytes).
    Removing gd32f1x0_dma.o(i.dma_struct_para_init), (22 bytes).
    Removing gd32f1x0_dma.o(i.dma_transfer_direction_config), (68 bytes).
    Removing gd32f1x0_dma.o(i.dma_transfer_number_config), (24 bytes).
    Removing gd32f1x0_dma.o(i.dma_transfer_number_get), (20 bytes).
    Removing gd32f1x0_exti.o(.rev16_text), (4 bytes).
    Removing gd32f1x0_exti.o(.revsh_text), (4 bytes).
    Removing gd32f1x0_exti.o(i.exti_deinit), (32 bytes).
    Removing gd32f1x0_exti.o(i.exti_event_disable), (16 bytes).
    Removing gd32f1x0_exti.o(i.exti_event_enable), (16 bytes).
    Removing gd32f1x0_exti.o(i.exti_flag_clear), (12 bytes).
    Removing gd32f1x0_exti.o(i.exti_flag_get), (24 bytes).
    Removing gd32f1x0_exti.o(i.exti_init), (188 bytes).
    Removing gd32f1x0_exti.o(i.exti_interrupt_disable), (16 bytes).
    Removing gd32f1x0_exti.o(i.exti_interrupt_enable), (16 bytes).
    Removing gd32f1x0_exti.o(i.exti_interrupt_flag_clear), (12 bytes).
    Removing gd32f1x0_exti.o(i.exti_interrupt_flag_get), (36 bytes).
    Removing gd32f1x0_exti.o(i.exti_software_interrupt_disable), (16 bytes).
    Removing gd32f1x0_exti.o(i.exti_software_interrupt_enable), (16 bytes).
    Removing gd32f1x0_fmc.o(.rev16_text), (4 bytes).
    Removing gd32f1x0_fmc.o(.revsh_text), (4 bytes).
    Removing gd32f1x0_fmc.o(i.fmc_flag_clear), (12 bytes).
    Removing gd32f1x0_fmc.o(i.fmc_flag_get), (20 bytes).
    Removing gd32f1x0_fmc.o(i.fmc_halfword_program), (64 bytes).
    Removing gd32f1x0_fmc.o(i.fmc_interrupt_disable), (16 bytes).
    Removing gd32f1x0_fmc.o(i.fmc_interrupt_enable), (16 bytes).
    Removing gd32f1x0_fmc.o(i.fmc_interrupt_flag_clear), (12 bytes).
    Removing gd32f1x0_fmc.o(i.fmc_interrupt_flag_get), (20 bytes).
    Removing gd32f1x0_fmc.o(i.fmc_lock), (20 bytes).
    Removing gd32f1x0_fmc.o(i.fmc_mass_erase), (68 bytes).
    Removing gd32f1x0_fmc.o(i.fmc_page_erase), (72 bytes).
    Removing gd32f1x0_fmc.o(i.fmc_ready_wait), (34 bytes).
    Removing gd32f1x0_fmc.o(i.fmc_state_get), (48 bytes).
    Removing gd32f1x0_fmc.o(i.fmc_unlock), (36 bytes).
    Removing gd32f1x0_fmc.o(i.fmc_wait_state_disable), (24 bytes).
    Removing gd32f1x0_fmc.o(i.fmc_wait_state_enable), (24 bytes).
    Removing gd32f1x0_fmc.o(i.fmc_word_program), (64 bytes).
    Removing gd32f1x0_fmc.o(i.fmc_wscnt_set), (24 bytes).
    Removing gd32f1x0_fmc.o(i.ob_data_get), (12 bytes).
    Removing gd32f1x0_fmc.o(i.ob_data_program), (212 bytes).
    Removing gd32f1x0_fmc.o(i.ob_erase), (148 bytes).
    Removing gd32f1x0_fmc.o(i.ob_lock), (20 bytes).
    Removing gd32f1x0_fmc.o(i.ob_obstat_plevel_get), (16 bytes).
    Removing gd32f1x0_fmc.o(i.ob_reset), (20 bytes).
    Removing gd32f1x0_fmc.o(i.ob_security_protection_config), (204 bytes).
    Removing gd32f1x0_fmc.o(i.ob_unlock), (36 bytes).
    Removing gd32f1x0_fmc.o(i.ob_user_get), (16 bytes).
    Removing gd32f1x0_fmc.o(i.ob_user_write), (208 bytes).
    Removing gd32f1x0_fmc.o(i.ob_write_protection_enable), (216 bytes).
    Removing gd32f1x0_fmc.o(i.ob_write_protection_get), (12 bytes).
    Removing gd32f1x0_fwdgt.o(.rev16_text), (4 bytes).
    Removing gd32f1x0_fwdgt.o(.revsh_text), (4 bytes).
    Removing gd32f1x0_fwdgt.o(i.fwdgt_config), (104 bytes).
    Removing gd32f1x0_fwdgt.o(i.fwdgt_counter_reload), (16 bytes).
    Removing gd32f1x0_fwdgt.o(i.fwdgt_enable), (16 bytes).
    Removing gd32f1x0_fwdgt.o(i.fwdgt_flag_get), (24 bytes).
    Removing gd32f1x0_fwdgt.o(i.fwdgt_prescaler_value_config), (60 bytes).
    Removing gd32f1x0_fwdgt.o(i.fwdgt_reload_value_config), (64 bytes).
    Removing gd32f1x0_fwdgt.o(i.fwdgt_window_value_config), (64 bytes).
    Removing gd32f1x0_fwdgt.o(i.fwdgt_write_disable), (12 bytes).
    Removing gd32f1x0_fwdgt.o(i.fwdgt_write_enable), (16 bytes).
    Removing gd32f1x0_gpio.o(.rev16_text), (4 bytes).
    Removing gd32f1x0_gpio.o(.revsh_text), (4 bytes).
    Removing gd32f1x0_gpio.o(i.gpio_af_set), (94 bytes).
    Removing gd32f1x0_gpio.o(i.gpio_bit_write), (10 bytes).
    Removing gd32f1x0_gpio.o(i.gpio_deinit), (148 bytes).
    Removing gd32f1x0_gpio.o(i.gpio_input_bit_get), (16 bytes).
    Removing gd32f1x0_gpio.o(i.gpio_input_port_get), (8 bytes).
    Removing gd32f1x0_gpio.o(i.gpio_output_bit_get), (16 bytes).
    Removing gd32f1x0_gpio.o(i.gpio_output_port_get), (8 bytes).
    Removing gd32f1x0_gpio.o(i.gpio_pin_lock), (18 bytes).
    Removing gd32f1x0_gpio.o(i.gpio_port_write), (4 bytes).
    Removing gd32f1x0_i2c.o(.rev16_text), (4 bytes).
    Removing gd32f1x0_i2c.o(.revsh_text), (4 bytes).
    Removing gd32f1x0_i2c.o(i.i2c_ack_config), (24 bytes).
    Removing gd32f1x0_i2c.o(i.i2c_ackpos_config), (22 bytes).
    Removing gd32f1x0_i2c.o(i.i2c_clock_config), (228 bytes).
    Removing gd32f1x0_i2c.o(i.i2c_data_receive), (8 bytes).
    Removing gd32f1x0_i2c.o(i.i2c_data_transmit), (6 bytes).
    Removing gd32f1x0_i2c.o(i.i2c_deinit), (64 bytes).
    Removing gd32f1x0_i2c.o(i.i2c_disable), (10 bytes).
    Removing gd32f1x0_i2c.o(i.i2c_dma_enable), (16 bytes).
    Removing gd32f1x0_i2c.o(i.i2c_dma_last_transfer_config), (16 bytes).
    Removing gd32f1x0_i2c.o(i.i2c_dualaddr_disable), (10 bytes).
    Removing gd32f1x0_i2c.o(i.i2c_dualaddr_enable), (12 bytes).
    Removing gd32f1x0_i2c.o(i.i2c_enable), (10 bytes).
    Removing gd32f1x0_i2c.o(i.i2c_flag_clear), (40 bytes).
    Removing gd32f1x0_i2c.o(i.i2c_flag_get), (30 bytes).
    Removing gd32f1x0_i2c.o(i.i2c_interrupt_disable), (26 bytes).
    Removing gd32f1x0_i2c.o(i.i2c_interrupt_enable), (26 bytes).
    Removing gd32f1x0_i2c.o(i.i2c_interrupt_flag_clear), (44 bytes).
    Removing gd32f1x0_i2c.o(i.i2c_interrupt_flag_get), (92 bytes).
    Removing gd32f1x0_i2c.o(i.i2c_master_addressing), (20 bytes).
    Removing gd32f1x0_i2c.o(i.i2c_mode_addr_config), (28 bytes).
    Removing gd32f1x0_i2c.o(i.i2c_pec_enable), (16 bytes).
    Removing gd32f1x0_i2c.o(i.i2c_pec_transfer_enable), (16 bytes).
    Removing gd32f1x0_i2c.o(i.i2c_pec_value_get), (10 bytes).
    Removing gd32f1x0_i2c.o(i.i2c_slave_response_to_gcall_config), (16 bytes).
    Removing gd32f1x0_i2c.o(i.i2c_smbus_arp_enable), (16 bytes).
    Removing gd32f1x0_i2c.o(i.i2c_smbus_issue_alert), (16 bytes).
    Removing gd32f1x0_i2c.o(i.i2c_smbus_type_config), (24 bytes).
    Removing gd32f1x0_i2c.o(i.i2c_software_reset_config), (16 bytes).
    Removing gd32f1x0_i2c.o(i.i2c_start_on_bus), (10 bytes).
    Removing gd32f1x0_i2c.o(i.i2c_stop_on_bus), (10 bytes).
    Removing gd32f1x0_i2c.o(i.i2c_stretch_scl_low_config), (16 bytes).
    Removing gd32f1x0_misc.o(.rev16_text), (4 bytes).
    Removing gd32f1x0_misc.o(.revsh_text), (4 bytes).
    Removing gd32f1x0_misc.o(i.nvic_irq_disable), (24 bytes).
    Removing gd32f1x0_misc.o(i.nvic_irq_enable), (172 bytes).
    Removing gd32f1x0_misc.o(i.nvic_priority_group_set), (20 bytes).
    Removing gd32f1x0_misc.o(i.system_lowpower_reset), (16 bytes).
    Removing gd32f1x0_misc.o(i.system_lowpower_set), (16 bytes).
    Removing gd32f1x0_misc.o(i.systick_clksource_set), (40 bytes).
    Removing gd32f1x0_pmu.o(.rev16_text), (4 bytes).
    Removing gd32f1x0_pmu.o(.revsh_text), (4 bytes).
    Removing gd32f1x0_pmu.o(i.pmu_backup_write_disable), (20 bytes).
    Removing gd32f1x0_pmu.o(i.pmu_backup_write_enable), (20 bytes).
    Removing gd32f1x0_pmu.o(i.pmu_deinit), (20 bytes).
    Removing gd32f1x0_pmu.o(i.pmu_flag_clear), (40 bytes).
    Removing gd32f1x0_pmu.o(i.pmu_flag_get), (20 bytes).
    Removing gd32f1x0_pmu.o(i.pmu_lvd_disable), (20 bytes).
    Removing gd32f1x0_pmu.o(i.pmu_lvd_select), (48 bytes).
    Removing gd32f1x0_pmu.o(i.pmu_to_deepsleepmode), (196 bytes).
    Removing gd32f1x0_pmu.o(i.pmu_to_sleepmode), (28 bytes).
    Removing gd32f1x0_pmu.o(i.pmu_to_standbymode), (52 bytes).
    Removing gd32f1x0_pmu.o(i.pmu_wakeup_pin_disable), (16 bytes).
    Removing gd32f1x0_pmu.o(i.pmu_wakeup_pin_enable), (16 bytes).
    Removing gd32f1x0_pmu.o(.bss), (16 bytes).
    Removing gd32f1x0_rcu.o(.rev16_text), (4 bytes).
    Removing gd32f1x0_rcu.o(.revsh_text), (4 bytes).
    Removing gd32f1x0_rcu.o(i.rcu_adc_clock_config), (152 bytes).
    Removing gd32f1x0_rcu.o(i.rcu_ahb_clock_config), (28 bytes).
    Removing gd32f1x0_rcu.o(i.rcu_all_reset_flag_clear), (20 bytes).
    Removing gd32f1x0_rcu.o(i.rcu_apb1_clock_config), (28 bytes).
    Removing gd32f1x0_rcu.o(i.rcu_apb2_clock_config), (28 bytes).
    Removing gd32f1x0_rcu.o(i.rcu_bkp_reset_disable), (20 bytes).
    Removing gd32f1x0_rcu.o(i.rcu_bkp_reset_enable), (20 bytes).
    Removing gd32f1x0_rcu.o(i.rcu_cec_clock_config), (28 bytes).
    Removing gd32f1x0_rcu.o(i.rcu_ckout_config), (28 bytes).
    Removing gd32f1x0_rcu.o(i.rcu_clock_freq_get), (680 bytes).
    Removing gd32f1x0_rcu.o(i.rcu_deepsleep_voltage_set), (36 bytes).
    Removing gd32f1x0_rcu.o(i.rcu_deinit), (140 bytes).
    Removing gd32f1x0_rcu.o(i.rcu_flag_get), (36 bytes).
    Removing gd32f1x0_rcu.o(i.rcu_hxtal_clock_monitor_disable), (20 bytes).
    Removing gd32f1x0_rcu.o(i.rcu_hxtal_clock_monitor_enable), (20 bytes).
    Removing gd32f1x0_rcu.o(i.rcu_hxtal_prediv_config), (24 bytes).
    Removing gd32f1x0_rcu.o(i.rcu_interrupt_disable), (16 bytes).
    Removing gd32f1x0_rcu.o(i.rcu_interrupt_enable), (16 bytes).
    Removing gd32f1x0_rcu.o(i.rcu_interrupt_flag_clear), (16 bytes).
    Removing gd32f1x0_rcu.o(i.rcu_interrupt_flag_get), (24 bytes).
    Removing gd32f1x0_rcu.o(i.rcu_irc14m_adjust_value_set), (24 bytes).
    Removing gd32f1x0_rcu.o(i.rcu_irc8m_adjust_value_set), (24 bytes).
    Removing gd32f1x0_rcu.o(i.rcu_lxtal_drive_capability_config), (28 bytes).
    Removing gd32f1x0_rcu.o(i.rcu_osci_bypass_mode_disable), (100 bytes).
    Removing gd32f1x0_rcu.o(i.rcu_osci_bypass_mode_enable), (100 bytes).
    Removing gd32f1x0_rcu.o(i.rcu_osci_off), (32 bytes).
    Removing gd32f1x0_rcu.o(i.rcu_osci_on), (32 bytes).
    Removing gd32f1x0_rcu.o(i.rcu_osci_stab_wait), (268 bytes).
    Removing gd32f1x0_rcu.o(i.rcu_periph_clock_disable), (32 bytes).
    Removing gd32f1x0_rcu.o(i.rcu_periph_clock_sleep_disable), (32 bytes).
    Removing gd32f1x0_rcu.o(i.rcu_periph_clock_sleep_enable), (32 bytes).
    Removing gd32f1x0_rcu.o(i.rcu_periph_reset_disable), (32 bytes).
    Removing gd32f1x0_rcu.o(i.rcu_periph_reset_enable), (32 bytes).
    Removing gd32f1x0_rcu.o(i.rcu_pll_config), (36 bytes).
    Removing gd32f1x0_rcu.o(i.rcu_power_down_voltage_set), (36 bytes).
    Removing gd32f1x0_rcu.o(i.rcu_rtc_clock_config), (28 bytes).
    Removing gd32f1x0_rcu.o(i.rcu_system_clock_source_config), (28 bytes).
    Removing gd32f1x0_rcu.o(i.rcu_system_clock_source_get), (16 bytes).
    Removing gd32f1x0_rcu.o(i.rcu_usart_clock_config), (28 bytes).
    Removing gd32f1x0_rcu.o(i.rcu_usbd_clock_config), (28 bytes).
    Removing gd32f1x0_rcu.o(i.rcu_voltage_key_unlock), (40 bytes).
    Removing gd32f1x0_rtc.o(.rev16_text), (4 bytes).
    Removing gd32f1x0_rtc.o(.revsh_text), (4 bytes).
    Removing gd32f1x0_rtc.o(i.rtc_alarm_config), (84 bytes).
    Removing gd32f1x0_rtc.o(i.rtc_alarm_disable), (80 bytes).
    Removing gd32f1x0_rtc.o(i.rtc_alarm_enable), (40 bytes).
    Removing gd32f1x0_rtc.o(i.rtc_alarm_get), (56 bytes).
    Removing gd32f1x0_rtc.o(i.rtc_alarm_subsecond_config), (32 bytes).
    Removing gd32f1x0_rtc.o(i.rtc_alarm_subsecond_get), (16 bytes).
    Removing gd32f1x0_rtc.o(i.rtc_alter_output_config), (76 bytes).
    Removing gd32f1x0_rtc.o(i.rtc_bypass_shadow_disable), (40 bytes).
    Removing gd32f1x0_rtc.o(i.rtc_bypass_shadow_enable), (40 bytes).
    Removing gd32f1x0_rtc.o(i.rtc_calibration_config), (76 bytes).
    Removing gd32f1x0_rtc.o(i.rtc_current_time_get), (100 bytes).
    Removing gd32f1x0_rtc.o(i.rtc_deinit), (128 bytes).
    Removing gd32f1x0_rtc.o(i.rtc_flag_clear), (16 bytes).
    Removing gd32f1x0_rtc.o(i.rtc_flag_get), (20 bytes).
    Removing gd32f1x0_rtc.o(i.rtc_hour_adjust), (36 bytes).
    Removing gd32f1x0_rtc.o(i.rtc_init), (196 bytes).
    Removing gd32f1x0_rtc.o(i.rtc_init_mode_enter), (68 bytes).
    Removing gd32f1x0_rtc.o(i.rtc_init_mode_exit), (20 bytes).
    Removing gd32f1x0_rtc.o(i.rtc_interrupt_disable), (60 bytes).
    Removing gd32f1x0_rtc.o(i.rtc_interrupt_enable), (60 bytes).
    Removing gd32f1x0_rtc.o(i.rtc_refclock_detection_disable), (56 bytes).
    Removing gd32f1x0_rtc.o(i.rtc_refclock_detection_enable), (56 bytes).
    Removing gd32f1x0_rtc.o(i.rtc_register_sync_wait), (96 bytes).
    Removing gd32f1x0_rtc.o(i.rtc_second_adjust), (108 bytes).
    Removing gd32f1x0_rtc.o(i.rtc_subsecond_get), (20 bytes).
    Removing gd32f1x0_rtc.o(i.rtc_tamper_disable), (16 bytes).
    Removing gd32f1x0_rtc.o(i.rtc_tamper_enable), (164 bytes).
    Removing gd32f1x0_rtc.o(i.rtc_timestamp_disable), (40 bytes).
    Removing gd32f1x0_rtc.o(i.rtc_timestamp_enable), (48 bytes).
    Removing gd32f1x0_rtc.o(i.rtc_timestamp_get), (60 bytes).
    Removing gd32f1x0_rtc.o(i.rtc_timestamp_subsecond_get), (12 bytes).
    Removing gd32f1x0_spi.o(.rev16_text), (4 bytes).
    Removing gd32f1x0_spi.o(.revsh_text), (4 bytes).
    Removing gd32f1x0_spi.o(i.i2s_disable), (10 bytes).
    Removing gd32f1x0_spi.o(i.i2s_enable), (10 bytes).
    Removing gd32f1x0_spi.o(i.i2s_init), (28 bytes).
    Removing gd32f1x0_spi.o(i.i2s_psc_config), (164 bytes).
    Removing gd32f1x0_spi.o(i.spi_bidirectional_transfer_config), (26 bytes).
    Removing gd32f1x0_spi.o(i.spi_crc_error_clear), (10 bytes).
    Removing gd32f1x0_spi.o(i.spi_crc_get), (16 bytes).
    Removing gd32f1x0_spi.o(i.spi_crc_next), (10 bytes).
    Removing gd32f1x0_spi.o(i.spi_crc_off), (10 bytes).
    Removing gd32f1x0_spi.o(i.spi_crc_on), (10 bytes).
    Removing gd32f1x0_spi.o(i.spi_crc_polynomial_get), (8 bytes).
    Removing gd32f1x0_spi.o(i.spi_crc_polynomial_set), (12 bytes).
    Removing gd32f1x0_spi.o(i.spi_disable), (10 bytes).
    Removing gd32f1x0_spi.o(i.spi_dma_disable), (22 bytes).
    Removing gd32f1x0_spi.o(i.spi_dma_enable), (22 bytes).
    Removing gd32f1x0_spi.o(i.spi_enable), (10 bytes).
    Removing gd32f1x0_spi.o(i.spi_i2s_data_frame_format_config), (16 bytes).
    Removing gd32f1x0_spi.o(i.spi_i2s_data_receive), (8 bytes).
    Removing gd32f1x0_spi.o(i.spi_i2s_data_transmit), (4 bytes).
    Removing gd32f1x0_spi.o(i.spi_i2s_deinit), (88 bytes).
    Removing gd32f1x0_spi.o(i.spi_i2s_flag_get), (16 bytes).
    Removing gd32f1x0_spi.o(i.spi_i2s_interrupt_disable), (48 bytes).
    Removing gd32f1x0_spi.o(i.spi_i2s_interrupt_enable), (48 bytes).
    Removing gd32f1x0_spi.o(i.spi_i2s_interrupt_flag_get), (100 bytes).
    Removing gd32f1x0_spi.o(i.spi_init), (50 bytes).
    Removing gd32f1x0_spi.o(i.spi_nss_internal_high), (10 bytes).
    Removing gd32f1x0_spi.o(i.spi_nss_internal_low), (10 bytes).
    Removing gd32f1x0_spi.o(i.spi_nss_output_disable), (10 bytes).
    Removing gd32f1x0_spi.o(i.spi_nss_output_enable), (10 bytes).
    Removing gd32f1x0_spi.o(i.spi_struct_para_init), (18 bytes).
    Removing gd32f1x0_syscfg.o(.rev16_text), (4 bytes).
    Removing gd32f1x0_syscfg.o(.revsh_text), (4 bytes).
    Removing gd32f1x0_syscfg.o(i.syscfg_deinit), (20 bytes).
    Removing gd32f1x0_syscfg.o(i.syscfg_dma_remap_disable), (16 bytes).
    Removing gd32f1x0_syscfg.o(i.syscfg_dma_remap_enable), (16 bytes).
    Removing gd32f1x0_syscfg.o(i.syscfg_exti_line_config), (160 bytes).
    Removing gd32f1x0_syscfg.o(i.syscfg_flag_clear), (16 bytes).
    Removing gd32f1x0_syscfg.o(i.syscfg_flag_get), (24 bytes).
    Removing gd32f1x0_syscfg.o(i.syscfg_high_current_disable), (20 bytes).
    Removing gd32f1x0_syscfg.o(i.syscfg_high_current_enable), (20 bytes).
    Removing gd32f1x0_syscfg.o(i.syscfg_lock_config), (16 bytes).
    Removing gd32f1x0_timer.o(.rev16_text), (4 bytes).
    Removing gd32f1x0_timer.o(.revsh_text), (4 bytes).
    Removing gd32f1x0_timer.o(i.timer_auto_reload_shadow_disable), (10 bytes).
    Removing gd32f1x0_timer.o(i.timer_auto_reload_shadow_enable), (10 bytes).
    Removing gd32f1x0_timer.o(i.timer_automatic_output_disable), (10 bytes).
    Removing gd32f1x0_timer.o(i.timer_automatic_output_enable), (10 bytes).
    Removing gd32f1x0_timer.o(i.timer_autoreload_value_config), (4 bytes).
    Removing gd32f1x0_timer.o(i.timer_break_config), (30 bytes).
    Removing gd32f1x0_timer.o(i.timer_break_disable), (10 bytes).
    Removing gd32f1x0_timer.o(i.timer_break_enable), (10 bytes).
    Removing gd32f1x0_timer.o(i.timer_break_struct_para_init), (18 bytes).
    Removing gd32f1x0_timer.o(i.timer_channel_capture_value_register_read), (42 bytes).
    Removing gd32f1x0_timer.o(i.timer_channel_complementary_output_polarity_config), (92 bytes).
    Removing gd32f1x0_timer.o(i.timer_channel_complementary_output_state_config), (70 bytes).
    Removing gd32f1x0_timer.o(i.timer_channel_control_shadow_config), (24 bytes).
    Removing gd32f1x0_timer.o(i.timer_channel_control_shadow_update_config), (26 bytes).
    Removing gd32f1x0_timer.o(i.timer_channel_dma_request_source_select), (26 bytes).
    Removing gd32f1x0_timer.o(i.timer_channel_input_capture_prescaler_config), (90 bytes).
    Removing gd32f1x0_timer.o(i.timer_channel_input_struct_para_init), (16 bytes).
    Removing gd32f1x0_timer.o(i.timer_channel_output_clear_config), (90 bytes).
    Removing gd32f1x0_timer.o(i.timer_channel_output_config), (520 bytes).
    Removing gd32f1x0_timer.o(i.timer_channel_output_fast_config), (90 bytes).
    Removing gd32f1x0_timer.o(i.timer_channel_output_mode_config), (90 bytes).
    Removing gd32f1x0_timer.o(i.timer_channel_output_polarity_config), (92 bytes).
    Removing gd32f1x0_timer.o(i.timer_channel_output_pulse_value_config), (38 bytes).
    Removing gd32f1x0_timer.o(i.timer_channel_output_shadow_config), (90 bytes).
    Removing gd32f1x0_timer.o(i.timer_channel_output_state_config), (92 bytes).
    Removing gd32f1x0_timer.o(i.timer_channel_output_struct_para_init), (16 bytes).
    Removing gd32f1x0_timer.o(i.timer_channel_remap_config), (4 bytes).
    Removing gd32f1x0_timer.o(i.timer_counter_alignment), (16 bytes).
    Removing gd32f1x0_timer.o(i.timer_counter_down_direction), (10 bytes).
    Removing gd32f1x0_timer.o(i.timer_counter_read), (8 bytes).
    Removing gd32f1x0_timer.o(i.timer_counter_up_direction), (10 bytes).
    Removing gd32f1x0_timer.o(i.timer_counter_value_config), (4 bytes).
    Removing gd32f1x0_timer.o(i.timer_deinit), (220 bytes).
    Removing gd32f1x0_timer.o(i.timer_disable), (10 bytes).
    Removing gd32f1x0_timer.o(i.timer_dma_disable), (8 bytes).
    Removing gd32f1x0_timer.o(i.timer_dma_enable), (8 bytes).
    Removing gd32f1x0_timer.o(i.timer_dma_transfer_config), (24 bytes).
    Removing gd32f1x0_timer.o(i.timer_enable), (10 bytes).
    Removing gd32f1x0_timer.o(i.timer_event_software_generate), (8 bytes).
    Removing gd32f1x0_timer.o(i.timer_external_clock_mode0_config), (40 bytes).
    Removing gd32f1x0_timer.o(i.timer_external_clock_mode1_config), (32 bytes).
    Removing gd32f1x0_timer.o(i.timer_external_clock_mode1_disable), (10 bytes).
    Removing gd32f1x0_timer.o(i.timer_external_trigger_as_external_clock_config), (166 bytes).
    Removing gd32f1x0_timer.o(i.timer_external_trigger_config), (30 bytes).
    Removing gd32f1x0_timer.o(i.timer_flag_clear), (6 bytes).
    Removing gd32f1x0_timer.o(i.timer_flag_get), (16 bytes).
    Removing gd32f1x0_timer.o(i.timer_hall_mode_config), (26 bytes).
    Removing gd32f1x0_timer.o(i.timer_init), (172 bytes).
    Removing gd32f1x0_timer.o(i.timer_input_capture_config), (326 bytes).
    Removing gd32f1x0_timer.o(i.timer_input_pwm_capture_config), (356 bytes).
    Removing gd32f1x0_timer.o(i.timer_input_trigger_source_select), (16 bytes).
    Removing gd32f1x0_timer.o(i.timer_internal_clock_config), (10 bytes).
    Removing gd32f1x0_timer.o(i.timer_internal_trigger_as_external_clock_config), (32 bytes).
    Removing gd32f1x0_timer.o(i.timer_interrupt_disable), (8 bytes).
    Removing gd32f1x0_timer.o(i.timer_interrupt_enable), (8 bytes).
    Removing gd32f1x0_timer.o(i.timer_interrupt_flag_clear), (6 bytes).
    Removing gd32f1x0_timer.o(i.timer_interrupt_flag_get), (24 bytes).
    Removing gd32f1x0_timer.o(i.timer_master_output_trigger_source_select), (16 bytes).
    Removing gd32f1x0_timer.o(i.timer_master_slave_mode_config), (26 bytes).
    Removing gd32f1x0_timer.o(i.timer_ocpre_clear_source_config), (26 bytes).
    Removing gd32f1x0_timer.o(i.timer_prescaler_config), (14 bytes).
    Removing gd32f1x0_timer.o(i.timer_prescaler_read), (10 bytes).
    Removing gd32f1x0_timer.o(i.timer_primary_output_config), (24 bytes).
    Removing gd32f1x0_timer.o(i.timer_quadrature_decoder_mode_config), (64 bytes).
    Removing gd32f1x0_timer.o(i.timer_repetition_value_config), (4 bytes).
    Removing gd32f1x0_timer.o(i.timer_single_pulse_mode_config), (26 bytes).
    Removing gd32f1x0_timer.o(i.timer_slave_mode_select), (16 bytes).
    Removing gd32f1x0_timer.o(i.timer_struct_para_init), (22 bytes).
    Removing gd32f1x0_timer.o(i.timer_update_event_disable), (10 bytes).
    Removing gd32f1x0_timer.o(i.timer_update_event_enable), (10 bytes).
    Removing gd32f1x0_timer.o(i.timer_update_source_config), (26 bytes).
    Removing gd32f1x0_tsi.o(.rev16_text), (4 bytes).
    Removing gd32f1x0_tsi.o(.revsh_text), (4 bytes).
    Removing gd32f1x0_tsi.o(i.tsi_analog_off), (16 bytes).
    Removing gd32f1x0_tsi.o(i.tsi_analog_on), (16 bytes).
    Removing gd32f1x0_tsi.o(i.tsi_channel_pin_disable), (16 bytes).
    Removing gd32f1x0_tsi.o(i.tsi_channel_pin_enable), (16 bytes).
    Removing gd32f1x0_tsi.o(i.tsi_deinit), (20 bytes).
    Removing gd32f1x0_tsi.o(i.tsi_disable), (20 bytes).
    Removing gd32f1x0_tsi.o(i.tsi_enable), (20 bytes).
    Removing gd32f1x0_tsi.o(i.tsi_extend_charge_config), (100 bytes).
    Removing gd32f1x0_tsi.o(i.tsi_flag_clear), (16 bytes).
    Removing gd32f1x0_tsi.o(i.tsi_flag_get), (24 bytes).
    Removing gd32f1x0_tsi.o(i.tsi_group0_cycle_get), (12 bytes).
    Removing gd32f1x0_tsi.o(i.tsi_group1_cycle_get), (12 bytes).
    Removing gd32f1x0_tsi.o(i.tsi_group2_cycle_get), (12 bytes).
    Removing gd32f1x0_tsi.o(i.tsi_group3_cycle_get), (12 bytes).
    Removing gd32f1x0_tsi.o(i.tsi_group4_cycle_get), (12 bytes).
    Removing gd32f1x0_tsi.o(i.tsi_group5_cycle_get), (12 bytes).
    Removing gd32f1x0_tsi.o(i.tsi_group_disable), (16 bytes).
    Removing gd32f1x0_tsi.o(i.tsi_group_enable), (16 bytes).
    Removing gd32f1x0_tsi.o(i.tsi_group_status_get), (24 bytes).
    Removing gd32f1x0_tsi.o(i.tsi_hardware_mode_config), (56 bytes).
    Removing gd32f1x0_tsi.o(i.tsi_hysteresis_off), (16 bytes).
    Removing gd32f1x0_tsi.o(i.tsi_hysteresis_on), (16 bytes).
    Removing gd32f1x0_tsi.o(i.tsi_init), (48 bytes).
    Removing gd32f1x0_tsi.o(i.tsi_interrupt_disable), (16 bytes).
    Removing gd32f1x0_tsi.o(i.tsi_interrupt_enable), (16 bytes).
    Removing gd32f1x0_tsi.o(i.tsi_interrupt_flag_clear), (16 bytes).
    Removing gd32f1x0_tsi.o(i.tsi_interrupt_flag_get), (40 bytes).
    Removing gd32f1x0_tsi.o(i.tsi_max_number_config), (32 bytes).
    Removing gd32f1x0_tsi.o(i.tsi_pin_mode_config), (44 bytes).
    Removing gd32f1x0_tsi.o(i.tsi_plus_config), (48 bytes).
    Removing gd32f1x0_tsi.o(i.tsi_sample_pin_disable), (28 bytes).
    Removing gd32f1x0_tsi.o(i.tsi_sample_pin_enable), (28 bytes).
    Removing gd32f1x0_tsi.o(i.tsi_software_mode_config), (28 bytes).
    Removing gd32f1x0_tsi.o(i.tsi_software_start), (20 bytes).
    Removing gd32f1x0_tsi.o(i.tsi_software_stop), (20 bytes).
    Removing gd32f1x0_usart.o(.rev16_text), (4 bytes).
    Removing gd32f1x0_usart.o(.revsh_text), (4 bytes).
    Removing gd32f1x0_usart.o(i.usart_address_config), (32 bytes).
    Removing gd32f1x0_usart.o(i.usart_address_detection_mode_config), (28 bytes).
    Removing gd32f1x0_usart.o(i.usart_autobaud_detection_disable), (10 bytes).
    Removing gd32f1x0_usart.o(i.usart_autobaud_detection_enable), (10 bytes).
    Removing gd32f1x0_usart.o(i.usart_autobaud_detection_mode_config), (16 bytes).
    Removing gd32f1x0_usart.o(i.usart_baudrate_set), (124 bytes).
    Removing gd32f1x0_usart.o(i.usart_block_length_config), (24 bytes).
    Removing gd32f1x0_usart.o(i.usart_clock_disable), (18 bytes).
    Removing gd32f1x0_usart.o(i.usart_clock_enable), (18 bytes).
    Removing gd32f1x0_usart.o(i.usart_command_enable), (8 bytes).
    Removing gd32f1x0_usart.o(i.usart_data_first_config), (28 bytes).
    Removing gd32f1x0_usart.o(i.usart_data_receive), (10 bytes).
    Removing gd32f1x0_usart.o(i.usart_data_transmit), (8 bytes).
    Removing gd32f1x0_usart.o(i.usart_deinit), (64 bytes).
    Removing gd32f1x0_usart.o(i.usart_depolarity_config), (28 bytes).
    Removing gd32f1x0_usart.o(i.usart_disable), (10 bytes).
    Removing gd32f1x0_usart.o(i.usart_dma_receive_config), (16 bytes).
    Removing gd32f1x0_usart.o(i.usart_dma_transmit_config), (16 bytes).
    Removing gd32f1x0_usart.o(i.usart_driver_assertime_config), (32 bytes).
    Removing gd32f1x0_usart.o(i.usart_driver_deassertime_config), (32 bytes).
    Removing gd32f1x0_usart.o(i.usart_enable), (10 bytes).
    Removing gd32f1x0_usart.o(i.usart_flag_clear), (18 bytes).
    Removing gd32f1x0_usart.o(i.usart_flag_get), (30 bytes).
    Removing gd32f1x0_usart.o(i.usart_guard_time_config), (32 bytes).
    Removing gd32f1x0_usart.o(i.usart_halfduplex_disable), (18 bytes).
    Removing gd32f1x0_usart.o(i.usart_halfduplex_enable), (18 bytes).
    Removing gd32f1x0_usart.o(i.usart_hardware_flow_cts_config), (24 bytes).
    Removing gd32f1x0_usart.o(i.usart_hardware_flow_rts_config), (24 bytes).
    Removing gd32f1x0_usart.o(i.usart_interrupt_disable), (26 bytes).
    Removing gd32f1x0_usart.o(i.usart_interrupt_enable), (26 bytes).
    Removing gd32f1x0_usart.o(i.usart_interrupt_flag_clear), (18 bytes).
    Removing gd32f1x0_usart.o(i.usart_interrupt_flag_get), (56 bytes).
    Removing gd32f1x0_usart.o(i.usart_invert_config), (110 bytes).
    Removing gd32f1x0_usart.o(i.usart_irda_lowpower_config), (28 bytes).
    Removing gd32f1x0_usart.o(i.usart_irda_mode_disable), (18 bytes).
    Removing gd32f1x0_usart.o(i.usart_irda_mode_enable), (18 bytes).
    Removing gd32f1x0_usart.o(i.usart_lin_break_detection_length_config), (28 bytes).
    Removing gd32f1x0_usart.o(i.usart_lin_mode_disable), (18 bytes).
    Removing gd32f1x0_usart.o(i.usart_lin_mode_enable), (18 bytes).
    Removing gd32f1x0_usart.o(i.usart_mute_mode_disable), (10 bytes).
    Removing gd32f1x0_usart.o(i.usart_mute_mode_enable), (10 bytes).
    Removing gd32f1x0_usart.o(i.usart_mute_mode_wakeup_config), (24 bytes).
    Removing gd32f1x0_usart.o(i.usart_overrun_disable), (18 bytes).
    Removing gd32f1x0_usart.o(i.usart_overrun_enable), (18 bytes).
    Removing gd32f1x0_usart.o(i.usart_oversample_config), (24 bytes).
    Removing gd32f1x0_usart.o(i.usart_parity_config), (24 bytes).
    Removing gd32f1x0_usart.o(i.usart_prescaler_config), (24 bytes).
    Removing gd32f1x0_usart.o(i.usart_receive_config), (16 bytes).
    Removing gd32f1x0_usart.o(i.usart_receiver_timeout_disable), (10 bytes).
    Removing gd32f1x0_usart.o(i.usart_receiver_timeout_enable), (10 bytes).
    Removing gd32f1x0_usart.o(i.usart_receiver_timeout_threshold_config), (16 bytes).
    Removing gd32f1x0_usart.o(i.usart_reception_error_dma_disable), (18 bytes).
    Removing gd32f1x0_usart.o(i.usart_reception_error_dma_enable), (18 bytes).
    Removing gd32f1x0_usart.o(i.usart_rs485_driver_disable), (18 bytes).
    Removing gd32f1x0_usart.o(i.usart_rs485_driver_enable), (18 bytes).
    Removing gd32f1x0_usart.o(i.usart_sample_bit_config), (24 bytes).
    Removing gd32f1x0_usart.o(i.usart_smartcard_autoretry_config), (32 bytes).
    Removing gd32f1x0_usart.o(i.usart_smartcard_mode_disable), (18 bytes).
    Removing gd32f1x0_usart.o(i.usart_smartcard_mode_enable), (18 bytes).
    Removing gd32f1x0_usart.o(i.usart_smartcard_mode_nack_disable), (18 bytes).
    Removing gd32f1x0_usart.o(i.usart_smartcard_mode_nack_enable), (18 bytes).
    Removing gd32f1x0_usart.o(i.usart_stop_bit_set), (24 bytes).
    Removing gd32f1x0_usart.o(i.usart_synchronous_clock_config), (50 bytes).
    Removing gd32f1x0_usart.o(i.usart_transmit_config), (16 bytes).
    Removing gd32f1x0_usart.o(i.usart_wakeup_disable), (10 bytes).
    Removing gd32f1x0_usart.o(i.usart_wakeup_enable), (10 bytes).
    Removing gd32f1x0_usart.o(i.usart_wakeup_mode_config), (28 bytes).
    Removing gd32f1x0_usart.o(i.usart_word_length_set), (24 bytes).
    Removing gd32f1x0_wwdgt.o(.rev16_text), (4 bytes).
    Removing gd32f1x0_wwdgt.o(.revsh_text), (4 bytes).
    Removing gd32f1x0_wwdgt.o(i.wwdgt_config), (56 bytes).
    Removing gd32f1x0_wwdgt.o(i.wwdgt_counter_update), (28 bytes).
    Removing gd32f1x0_wwdgt.o(i.wwdgt_deinit), (20 bytes).
    Removing gd32f1x0_wwdgt.o(i.wwdgt_enable), (20 bytes).
    Removing gd32f1x0_wwdgt.o(i.wwdgt_flag_clear), (20 bytes).
    Removing gd32f1x0_wwdgt.o(i.wwdgt_flag_get), (24 bytes).
    Removing gd32f1x0_wwdgt.o(i.wwdgt_interrupt_enable), (20 bytes).
    Removing gd32f130g_start.o(.rev16_text), (4 bytes).
    Removing gd32f130g_start.o(.revsh_text), (4 bytes).
    Removing gd32f130g_start.o(i.gd_eval_key_init), (128 bytes).
    Removing gd32f130g_start.o(i.gd_eval_key_state_get), (32 bytes).
    Removing gd32f130g_start.o(i.gd_eval_led_init), (84 bytes).
    Removing gd32f130g_start.o(i.gd_eval_led_off), (24 bytes).
    Removing gd32f130g_start.o(i.gd_eval_led_on), (24 bytes).
    Removing gd32f130g_start.o(i.gd_eval_led_toggle), (56 bytes).
    Removing gd32f130g_start.o(.constdata), (31 bytes).
    Removing spi.o(.rev16_text), (4 bytes).
    Removing spi.o(.revsh_text), (4 bytes).
    Removing spi.o(i.SPI_Init), (80 bytes).
    Removing spi.o(i.SPI_ReadWriteByte), (88 bytes).
    Removing led.o(.rev16_text), (4 bytes).
    Removing led.o(.revsh_text), (4 bytes).
    Removing pid.o(i.pid_control), (128 bytes).
    Removing pid.o(.data), (28 bytes).
    Removing delay.o(.rev16_text), (4 bytes).
    Removing delay.o(.revsh_text), (4 bytes).
    Removing delay.o(i.Delay), (10 bytes).
    Removing delay.o(i.delay_ms), (76 bytes).
    Removing delay.o(i.delay_us), (76 bytes).
    Removing delay.o(.data), (4 bytes).

608 unused section(s) (total 22469 bytes) removed from the image.

==============================================================================

Image Symbol Table

    Local Symbols

    Symbol Name                              Value     Ov Type        Size  Object(Section)

    ../clib/angel/boardlib.s                 0x00000000   Number         0  boardinit3.o ABSOLUTE
    ../clib/angel/boardlib.s                 0x00000000   Number         0  boardshut.o ABSOLUTE
    ../clib/angel/boardlib.s                 0x00000000   Number         0  boardinit1.o ABSOLUTE
    ../clib/angel/boardlib.s                 0x00000000   Number         0  boardinit2.o ABSOLUTE
    ../clib/angel/handlers.s                 0x00000000   Number         0  __scatter_zi.o ABSOLUTE
    ../clib/angel/handlers.s                 0x00000000   Number         0  __scatter_copy.o ABSOLUTE
    ../clib/angel/kernel.s                   0x00000000   Number         0  __rtentry2.o ABSOLUTE
    ../clib/angel/kernel.s                   0x00000000   Number         0  __rtentry.o ABSOLUTE
    ../clib/angel/kernel.s                   0x00000000   Number         0  rtexit2.o ABSOLUTE
    ../clib/angel/kernel.s                   0x00000000   Number         0  __rtentry4.o ABSOLUTE
    ../clib/angel/kernel.s                   0x00000000   Number         0  rtexit.o ABSOLUTE
    ../clib/angel/rt.s                       0x00000000   Number         0  rt_raise.o ABSOLUTE
    ../clib/angel/scatter.s                  0x00000000   Number         0  __scatter.o ABSOLUTE
    ../clib/angel/startup.s                  0x00000000   Number         0  __main.o ABSOLUTE
    ../clib/angel/sys.s                      0x00000000   Number         0  libspace.o ABSOLUTE
    ../clib/angel/sys.s                      0x00000000   Number         0  indicate_semi.o ABSOLUTE
    ../clib/angel/sys.s                      0x00000000   Number         0  use_no_semi.o ABSOLUTE
    ../clib/angel/sys.s                      0x00000000   Number         0  sys_stackheap_outer.o ABSOLUTE
    ../clib/angel/sysapp.c                   0x00000000   Number         0  sys_wrch.o ABSOLUTE
    ../clib/angel/sysapp.c                   0x00000000   Number         0  sys_command.o ABSOLUTE
    ../clib/angel/sysapp.c                   0x00000000   Number         0  sys_exit.o ABSOLUTE
    ../clib/armsys.c                         0x00000000   Number         0  argv_veneer.o ABSOLUTE
    ../clib/armsys.c                         0x00000000   Number         0  no_argv.o ABSOLUTE
    ../clib/armsys.c                         0x00000000   Number         0  _get_argv_nomalloc.o ABSOLUTE
    ../clib/armsys.c                         0x00000000   Number         0  argv_veneer.o ABSOLUTE
    ../clib/heapalloc.c                      0x00000000   Number         0  hrguard.o ABSOLUTE
    ../clib/heapaux.c                        0x00000000   Number         0  heapauxi.o ABSOLUTE
    ../clib/libinit.s                        0x00000000   Number         0  libshutdown.o ABSOLUTE
    ../clib/libinit.s                        0x00000000   Number         0  libshutdown2.o ABSOLUTE
    ../clib/libinit.s                        0x00000000   Number         0  libinit2.o ABSOLUTE
    ../clib/libinit.s                        0x00000000   Number         0  libinit.o ABSOLUTE
    ../clib/signal.c                         0x00000000   Number         0  defsig_cppl_inner.o ABSOLUTE
    ../clib/signal.c                         0x00000000   Number         0  defsig_rtmem_formal.o ABSOLUTE
    ../clib/signal.c                         0x00000000   Number         0  defsig_rtmem_outer.o ABSOLUTE
    ../clib/signal.c                         0x00000000   Number         0  defsig_pvfn_inner.o ABSOLUTE
    ../clib/signal.c                         0x00000000   Number         0  defsig_stak_inner.o ABSOLUTE
    ../clib/signal.c                         0x00000000   Number         0  defsig_general.o ABSOLUTE
    ../clib/signal.c                         0x00000000   Number         0  defsig_other.o ABSOLUTE
    ../clib/signal.c                         0x00000000   Number         0  defsig_segv_inner.o ABSOLUTE
    ../clib/signal.c                         0x00000000   Number         0  defsig_exit.o ABSOLUTE
    ../clib/signal.c                         0x00000000   Number         0  defsig_fpe_inner.o ABSOLUTE
    ../clib/signal.c                         0x00000000   Number         0  defsig_abrt_inner.o ABSOLUTE
    ../clib/signal.c                         0x00000000   Number         0  defsig_rtmem_inner.o ABSOLUTE
    ../clib/signal.c                         0x00000000   Number         0  __raise.o ABSOLUTE
    ../clib/signal.c                         0x00000000   Number         0  defsig_rtred_inner.o ABSOLUTE
    ../clib/signal.s                         0x00000000   Number         0  defsig.o ABSOLUTE
    ../clib/stdlib.c                         0x00000000   Number         0  exit.o ABSOLUTE
    ../fplib/faddsub.s                       0x00000000   Number         0  faddsub_clz.o ABSOLUTE
    ../fplib/fmul.s                          0x00000000   Number         0  fmul.o ABSOLUTE
    ../fplib/fnaninf.s                       0x00000000   Number         0  fnaninf.o ABSOLUTE
    ../fplib/fpinit.s                        0x00000000   Number         0  fpinit.o ABSOLUTE
    ../fplib/fretinf.s                       0x00000000   Number         0  fretinf.o ABSOLUTE
    ../fplib/usenofp.s                       0x00000000   Number         0  usenofp.o ABSOLUTE
    ..\..\..\..\GD32F1x0_Firmware_Library\CMSIS\GD\GD32F1x0\Source\ARM\startup_gd32f1x0.s 0x00000000   Number         0  startup_gd32f1x0.o ABSOLUTE
    ..\..\..\..\GD32F1x0_Firmware_Library\CMSIS\GD\GD32F1x0\Source\system_gd32f1x0.c 0x00000000   Number         0  system_gd32f1x0.o ABSOLUTE
    ..\..\..\..\GD32F1x0_Firmware_Library\GD32F1x0_standard_peripheral\Source\gd32f1x0_adc.c 0x00000000   Number         0  gd32f1x0_adc.o ABSOLUTE
    ..\..\..\..\GD32F1x0_Firmware_Library\GD32F1x0_standard_peripheral\Source\gd32f1x0_can.c 0x00000000   Number         0  gd32f1x0_can.o ABSOLUTE
    ..\..\..\..\GD32F1x0_Firmware_Library\GD32F1x0_standard_peripheral\Source\gd32f1x0_cec.c 0x00000000   Number         0  gd32f1x0_cec.o ABSOLUTE
    ..\..\..\..\GD32F1x0_Firmware_Library\GD32F1x0_standard_peripheral\Source\gd32f1x0_cmp.c 0x00000000   Number         0  gd32f1x0_cmp.o ABSOLUTE
    ..\..\..\..\GD32F1x0_Firmware_Library\GD32F1x0_standard_peripheral\Source\gd32f1x0_crc.c 0x00000000   Number         0  gd32f1x0_crc.o ABSOLUTE
    ..\..\..\..\GD32F1x0_Firmware_Library\GD32F1x0_standard_peripheral\Source\gd32f1x0_dac.c 0x00000000   Number         0  gd32f1x0_dac.o ABSOLUTE
    ..\..\..\..\GD32F1x0_Firmware_Library\GD32F1x0_standard_peripheral\Source\gd32f1x0_dbg.c 0x00000000   Number         0  gd32f1x0_dbg.o ABSOLUTE
    ..\..\..\..\GD32F1x0_Firmware_Library\GD32F1x0_standard_peripheral\Source\gd32f1x0_dma.c 0x00000000   Number         0  gd32f1x0_dma.o ABSOLUTE
    ..\..\..\..\GD32F1x0_Firmware_Library\GD32F1x0_standard_peripheral\Source\gd32f1x0_exti.c 0x00000000   Number         0  gd32f1x0_exti.o ABSOLUTE
    ..\..\..\..\GD32F1x0_Firmware_Library\GD32F1x0_standard_peripheral\Source\gd32f1x0_fmc.c 0x00000000   Number         0  gd32f1x0_fmc.o ABSOLUTE
    ..\..\..\..\GD32F1x0_Firmware_Library\GD32F1x0_standard_peripheral\Source\gd32f1x0_fwdgt.c 0x00000000   Number         0  gd32f1x0_fwdgt.o ABSOLUTE
    ..\..\..\..\GD32F1x0_Firmware_Library\GD32F1x0_standard_peripheral\Source\gd32f1x0_gpio.c 0x00000000   Number         0  gd32f1x0_gpio.o ABSOLUTE
    ..\..\..\..\GD32F1x0_Firmware_Library\GD32F1x0_standard_peripheral\Source\gd32f1x0_i2c.c 0x00000000   Number         0  gd32f1x0_i2c.o ABSOLUTE
    ..\..\..\..\GD32F1x0_Firmware_Library\GD32F1x0_standard_peripheral\Source\gd32f1x0_ivref.c 0x00000000   Number         0  gd32f1x0_ivref.o ABSOLUTE
    ..\..\..\..\GD32F1x0_Firmware_Library\GD32F1x0_standard_peripheral\Source\gd32f1x0_misc.c 0x00000000   Number         0  gd32f1x0_misc.o ABSOLUTE
    ..\..\..\..\GD32F1x0_Firmware_Library\GD32F1x0_standard_peripheral\Source\gd32f1x0_opa.c 0x00000000   Number         0  gd32f1x0_opa.o ABSOLUTE
    ..\..\..\..\GD32F1x0_Firmware_Library\GD32F1x0_standard_peripheral\Source\gd32f1x0_pmu.c 0x00000000   Number         0  gd32f1x0_pmu.o ABSOLUTE
    ..\..\..\..\GD32F1x0_Firmware_Library\GD32F1x0_standard_peripheral\Source\gd32f1x0_rcu.c 0x00000000   Number         0  gd32f1x0_rcu.o ABSOLUTE
    ..\..\..\..\GD32F1x0_Firmware_Library\GD32F1x0_standard_peripheral\Source\gd32f1x0_rtc.c 0x00000000   Number         0  gd32f1x0_rtc.o ABSOLUTE
    ..\..\..\..\GD32F1x0_Firmware_Library\GD32F1x0_standard_peripheral\Source\gd32f1x0_slcd.c 0x00000000   Number         0  gd32f1x0_slcd.o ABSOLUTE
    ..\..\..\..\GD32F1x0_Firmware_Library\GD32F1x0_standard_peripheral\Source\gd32f1x0_spi.c 0x00000000   Number         0  gd32f1x0_spi.o ABSOLUTE
    ..\..\..\..\GD32F1x0_Firmware_Library\GD32F1x0_standard_peripheral\Source\gd32f1x0_syscfg.c 0x00000000   Number         0  gd32f1x0_syscfg.o ABSOLUTE
    ..\..\..\..\GD32F1x0_Firmware_Library\GD32F1x0_standard_peripheral\Source\gd32f1x0_timer.c 0x00000000   Number         0  gd32f1x0_timer.o ABSOLUTE
    ..\..\..\..\GD32F1x0_Firmware_Library\GD32F1x0_standard_peripheral\Source\gd32f1x0_tsi.c 0x00000000   Number         0  gd32f1x0_tsi.o ABSOLUTE
    ..\..\..\..\GD32F1x0_Firmware_Library\GD32F1x0_standard_peripheral\Source\gd32f1x0_usart.c 0x00000000   Number         0  gd32f1x0_usart.o ABSOLUTE
    ..\..\..\..\GD32F1x0_Firmware_Library\GD32F1x0_standard_peripheral\Source\gd32f1x0_wwdgt.c 0x00000000   Number         0  gd32f1x0_wwdgt.o ABSOLUTE
    ..\..\..\Utilities\gd32f130g_start.c     0x00000000   Number         0  gd32f130g_start.o ABSOLUTE
    ..\HARDWARE\delay.c                      0x00000000   Number         0  delay.o ABSOLUTE
    ..\HARDWARE\led.c                        0x00000000   Number         0  led.o ABSOLUTE
    ..\HARDWARE\pid.c                        0x00000000   Number         0  pid.o ABSOLUTE
    ..\HARDWARE\spi.c                        0x00000000   Number         0  spi.o ABSOLUTE
    ..\\..\\..\\..\\GD32F1x0_Firmware_Library\\CMSIS\\GD\\GD32F1x0\\Source\\system_gd32f1x0.c 0x00000000   Number         0  system_gd32f1x0.o ABSOLUTE
    ..\\..\\..\\..\\GD32F1x0_Firmware_Library\\GD32F1x0_standard_peripheral\\Source\\gd32f1x0_adc.c 0x00000000   Number         0  gd32f1x0_adc.o ABSOLUTE
    ..\\..\\..\\..\\GD32F1x0_Firmware_Library\\GD32F1x0_standard_peripheral\\Source\\gd32f1x0_cec.c 0x00000000   Number         0  gd32f1x0_cec.o ABSOLUTE
    ..\\..\\..\\..\\GD32F1x0_Firmware_Library\\GD32F1x0_standard_peripheral\\Source\\gd32f1x0_cmp.c 0x00000000   Number         0  gd32f1x0_cmp.o ABSOLUTE
    ..\\..\\..\\..\\GD32F1x0_Firmware_Library\\GD32F1x0_standard_peripheral\\Source\\gd32f1x0_crc.c 0x00000000   Number         0  gd32f1x0_crc.o ABSOLUTE
    ..\\..\\..\\..\\GD32F1x0_Firmware_Library\\GD32F1x0_standard_peripheral\\Source\\gd32f1x0_dac.c 0x00000000   Number         0  gd32f1x0_dac.o ABSOLUTE
    ..\\..\\..\\..\\GD32F1x0_Firmware_Library\\GD32F1x0_standard_peripheral\\Source\\gd32f1x0_dbg.c 0x00000000   Number         0  gd32f1x0_dbg.o ABSOLUTE
    ..\\..\\..\\..\\GD32F1x0_Firmware_Library\\GD32F1x0_standard_peripheral\\Source\\gd32f1x0_dma.c 0x00000000   Number         0  gd32f1x0_dma.o ABSOLUTE
    ..\\..\\..\\..\\GD32F1x0_Firmware_Library\\GD32F1x0_standard_peripheral\\Source\\gd32f1x0_exti.c 0x00000000   Number         0  gd32f1x0_exti.o ABSOLUTE
    ..\\..\\..\\..\\GD32F1x0_Firmware_Library\\GD32F1x0_standard_peripheral\\Source\\gd32f1x0_fmc.c 0x00000000   Number         0  gd32f1x0_fmc.o ABSOLUTE
    ..\\..\\..\\..\\GD32F1x0_Firmware_Library\\GD32F1x0_standard_peripheral\\Source\\gd32f1x0_fwdgt.c 0x00000000   Number         0  gd32f1x0_fwdgt.o ABSOLUTE
    ..\\..\\..\\..\\GD32F1x0_Firmware_Library\\GD32F1x0_standard_peripheral\\Source\\gd32f1x0_gpio.c 0x00000000   Number         0  gd32f1x0_gpio.o ABSOLUTE
    ..\\..\\..\\..\\GD32F1x0_Firmware_Library\\GD32F1x0_standard_peripheral\\Source\\gd32f1x0_i2c.c 0x00000000   Number         0  gd32f1x0_i2c.o ABSOLUTE
    ..\\..\\..\\..\\GD32F1x0_Firmware_Library\\GD32F1x0_standard_peripheral\\Source\\gd32f1x0_misc.c 0x00000000   Number         0  gd32f1x0_misc.o ABSOLUTE
    ..\\..\\..\\..\\GD32F1x0_Firmware_Library\\GD32F1x0_standard_peripheral\\Source\\gd32f1x0_pmu.c 0x00000000   Number         0  gd32f1x0_pmu.o ABSOLUTE
    ..\\..\\..\\..\\GD32F1x0_Firmware_Library\\GD32F1x0_standard_peripheral\\Source\\gd32f1x0_rcu.c 0x00000000   Number         0  gd32f1x0_rcu.o ABSOLUTE
    ..\\..\\..\\..\\GD32F1x0_Firmware_Library\\GD32F1x0_standard_peripheral\\Source\\gd32f1x0_rtc.c 0x00000000   Number         0  gd32f1x0_rtc.o ABSOLUTE
    ..\\..\\..\\..\\GD32F1x0_Firmware_Library\\GD32F1x0_standard_peripheral\\Source\\gd32f1x0_spi.c 0x00000000   Number         0  gd32f1x0_spi.o ABSOLUTE
    ..\\..\\..\\..\\GD32F1x0_Firmware_Library\\GD32F1x0_standard_peripheral\\Source\\gd32f1x0_syscfg.c 0x00000000   Number         0  gd32f1x0_syscfg.o ABSOLUTE
    ..\\..\\..\\..\\GD32F1x0_Firmware_Library\\GD32F1x0_standard_peripheral\\Source\\gd32f1x0_timer.c 0x00000000   Number         0  gd32f1x0_timer.o ABSOLUTE
    ..\\..\\..\\..\\GD32F1x0_Firmware_Library\\GD32F1x0_standard_peripheral\\Source\\gd32f1x0_tsi.c 0x00000000   Number         0  gd32f1x0_tsi.o ABSOLUTE
    ..\\..\\..\\..\\GD32F1x0_Firmware_Library\\GD32F1x0_standard_peripheral\\Source\\gd32f1x0_usart.c 0x00000000   Number         0  gd32f1x0_usart.o ABSOLUTE
    ..\\..\\..\\..\\GD32F1x0_Firmware_Library\\GD32F1x0_standard_peripheral\\Source\\gd32f1x0_wwdgt.c 0x00000000   Number         0  gd32f1x0_wwdgt.o ABSOLUTE
    ..\\..\\..\\Utilities\\gd32f130g_start.c 0x00000000   Number         0  gd32f130g_start.o ABSOLUTE
    ..\\HARDWARE\\delay.c                    0x00000000   Number         0  delay.o ABSOLUTE
    ..\\HARDWARE\\led.c                      0x00000000   Number         0  led.o ABSOLUTE
    ..\\HARDWARE\\spi.c                      0x00000000   Number         0  spi.o ABSOLUTE
    ..\\gd32f1x0_it.c                        0x00000000   Number         0  gd32f1x0_it.o ABSOLUTE
    ..\\main.c                               0x00000000   Number         0  main.o ABSOLUTE
    ..\\systick.c                            0x00000000   Number         0  systick.o ABSOLUTE
    ..\gd32f1x0_it.c                         0x00000000   Number         0  gd32f1x0_it.o ABSOLUTE
    ..\main.c                                0x00000000   Number         0  main.o ABSOLUTE
    ..\systick.c                             0x00000000   Number         0  systick.o ABSOLUTE
    dc.s                                     0x00000000   Number         0  dc.o ABSOLUTE
    RESET                                    0x08000000   Section      360  startup_gd32f1x0.o(RESET)
    !!!main                                  0x08000168   Section        8  __main.o(!!!main)
    !!!scatter                               0x08000170   Section       52  __scatter.o(!!!scatter)
    !!handler_copy                           0x080001a4   Section       26  __scatter_copy.o(!!handler_copy)
    !!handler_zi                             0x080001c0   Section       28  __scatter_zi.o(!!handler_zi)
    .ARM.Collect$$libinit$$00000000          0x080001dc   Section        2  libinit.o(.ARM.Collect$$libinit$$00000000)
    .ARM.Collect$$libinit$$00000002          0x080001de   Section        0  libinit2.o(.ARM.Collect$$libinit$$00000002)
    .ARM.Collect$$libinit$$00000004          0x080001de   Section        0  libinit2.o(.ARM.Collect$$libinit$$00000004)
    .ARM.Collect$$libinit$$0000000A          0x080001de   Section        0  libinit2.o(.ARM.Collect$$libinit$$0000000A)
    .ARM.Collect$$libinit$$0000000C          0x080001de   Section        0  libinit2.o(.ARM.Collect$$libinit$$0000000C)
    .ARM.Collect$$libinit$$0000000E          0x080001de   Section        0  libinit2.o(.ARM.Collect$$libinit$$0000000E)
    .ARM.Collect$$libinit$$00000011          0x080001de   Section        0  libinit2.o(.ARM.Collect$$libinit$$00000011)
    .ARM.Collect$$libinit$$00000013          0x080001de   Section        0  libinit2.o(.ARM.Collect$$libinit$$00000013)
    .ARM.Collect$$libinit$$00000015          0x080001de   Section        0  libinit2.o(.ARM.Collect$$libinit$$00000015)
    .ARM.Collect$$libinit$$00000017          0x080001de   Section        0  libinit2.o(.ARM.Collect$$libinit$$00000017)
    .ARM.Collect$$libinit$$00000019          0x080001de   Section        0  libinit2.o(.ARM.Collect$$libinit$$00000019)
    .ARM.Collect$$libinit$$0000001B          0x080001de   Section        0  libinit2.o(.ARM.Collect$$libinit$$0000001B)
    .ARM.Collect$$libinit$$0000001D          0x080001de   Section        0  libinit2.o(.ARM.Collect$$libinit$$0000001D)
    .ARM.Collect$$libinit$$0000001F          0x080001de   Section        0  libinit2.o(.ARM.Collect$$libinit$$0000001F)
    .ARM.Collect$$libinit$$00000021          0x080001de   Section        0  libinit2.o(.ARM.Collect$$libinit$$00000021)
    .ARM.Collect$$libinit$$00000023          0x080001de   Section        0  libinit2.o(.ARM.Collect$$libinit$$00000023)
    .ARM.Collect$$libinit$$00000025          0x080001de   Section        0  libinit2.o(.ARM.Collect$$libinit$$00000025)
    .ARM.Collect$$libinit$$0000002C          0x080001de   Section        0  libinit2.o(.ARM.Collect$$libinit$$0000002C)
    .ARM.Collect$$libinit$$0000002E          0x080001de   Section        0  libinit2.o(.ARM.Collect$$libinit$$0000002E)
    .ARM.Collect$$libinit$$00000030          0x080001de   Section        0  libinit2.o(.ARM.Collect$$libinit$$00000030)
    .ARM.Collect$$libinit$$00000032          0x080001de   Section        0  libinit2.o(.ARM.Collect$$libinit$$00000032)
    .ARM.Collect$$libinit$$00000033          0x080001de   Section        2  libinit2.o(.ARM.Collect$$libinit$$00000033)
    .ARM.Collect$$libshutdown$$00000000      0x080001e0   Section        2  libshutdown.o(.ARM.Collect$$libshutdown$$00000000)
    .ARM.Collect$$libshutdown$$00000002      0x080001e2   Section        0  libshutdown2.o(.ARM.Collect$$libshutdown$$00000002)
    .ARM.Collect$$libshutdown$$00000004      0x080001e2   Section        0  libshutdown2.o(.ARM.Collect$$libshutdown$$00000004)
    .ARM.Collect$$libshutdown$$00000007      0x080001e2   Section        0  libshutdown2.o(.ARM.Collect$$libshutdown$$00000007)
    .ARM.Collect$$libshutdown$$0000000A      0x080001e2   Section        0  libshutdown2.o(.ARM.Collect$$libshutdown$$0000000A)
    .ARM.Collect$$libshutdown$$0000000C      0x080001e2   Section        0  libshutdown2.o(.ARM.Collect$$libshutdown$$0000000C)
    .ARM.Collect$$libshutdown$$0000000F      0x080001e2   Section        0  libshutdown2.o(.ARM.Collect$$libshutdown$$0000000F)
    .ARM.Collect$$libshutdown$$00000010      0x080001e2   Section        2  libshutdown2.o(.ARM.Collect$$libshutdown$$00000010)
    .ARM.Collect$$rtentry$$00000000          0x080001e4   Section        0  __rtentry.o(.ARM.Collect$$rtentry$$00000000)
    .ARM.Collect$$rtentry$$00000002          0x080001e4   Section        0  __rtentry2.o(.ARM.Collect$$rtentry$$00000002)
    .ARM.Collect$$rtentry$$00000004          0x080001e4   Section        6  __rtentry4.o(.ARM.Collect$$rtentry$$00000004)
    .ARM.Collect$$rtentry$$00000009          0x080001ea   Section        0  __rtentry2.o(.ARM.Collect$$rtentry$$00000009)
    .ARM.Collect$$rtentry$$0000000A          0x080001ea   Section        4  __rtentry2.o(.ARM.Collect$$rtentry$$0000000A)
    .ARM.Collect$$rtentry$$0000000C          0x080001ee   Section        0  __rtentry2.o(.ARM.Collect$$rtentry$$0000000C)
    .ARM.Collect$$rtentry$$0000000D          0x080001ee   Section        8  __rtentry2.o(.ARM.Collect$$rtentry$$0000000D)
    .ARM.Collect$$rtexit$$00000000           0x080001f6   Section        2  rtexit.o(.ARM.Collect$$rtexit$$00000000)
    .ARM.Collect$$rtexit$$00000002           0x080001f8   Section        0  rtexit2.o(.ARM.Collect$$rtexit$$00000002)
    .ARM.Collect$$rtexit$$00000003           0x080001f8   Section        4  rtexit2.o(.ARM.Collect$$rtexit$$00000003)
    .ARM.Collect$$rtexit$$00000004           0x080001fc   Section        6  rtexit2.o(.ARM.Collect$$rtexit$$00000004)
    .text                                    0x08000204   Section       64  startup_gd32f1x0.o(.text)
    .text                                    0x08000244   Section        0  heapauxi.o(.text)
    .text                                    0x0800024a   Section       74  sys_stackheap_outer.o(.text)
    .text                                    0x08000294   Section        0  exit.o(.text)
    .text                                    0x080002a8   Section        8  libspace.o(.text)
    .text                                    0x080002b0   Section        0  sys_exit.o(.text)
    .text                                    0x080002bc   Section        2  use_no_semi.o(.text)
    .text                                    0x080002be   Section        0  indicate_semi.o(.text)
    i.BusFault_Handler                       0x080002be   Section        0  gd32f1x0_it.o(i.BusFault_Handler)
    i.DebugMon_Handler                       0x080002c2   Section        0  gd32f1x0_it.o(i.DebugMon_Handler)
    i.HardFault_Handler                      0x080002c4   Section        0  gd32f1x0_it.o(i.HardFault_Handler)
    i.LED_Init                               0x080002c8   Section        0  led.o(i.LED_Init)
    i.MemManage_Handler                      0x080002fa   Section        0  gd32f1x0_it.o(i.MemManage_Handler)
    i.NMI_Handler                            0x080002fe   Section        0  gd32f1x0_it.o(i.NMI_Handler)
    i.NVIC_SetPriority                       0x08000300   Section        0  systick.o(i.NVIC_SetPriority)
    NVIC_SetPriority                         0x08000301   Thumb Code    32  systick.o(i.NVIC_SetPriority)
    i.PendSV_Handler                         0x08000328   Section        0  gd32f1x0_it.o(i.PendSV_Handler)
    i.SVC_Handler                            0x0800032a   Section        0  gd32f1x0_it.o(i.SVC_Handler)
    i.SysTick_Handler                        0x0800032c   Section        0  gd32f1x0_it.o(i.SysTick_Handler)
    i.SystemInit                             0x08000334   Section        0  system_gd32f1x0.o(i.SystemInit)
    i.UsageFault_Handler                     0x08000410   Section        0  gd32f1x0_it.o(i.UsageFault_Handler)
    i.delay_decrement                        0x08000414   Section        0  systick.o(i.delay_decrement)
    i.gpio_bit_reset                         0x0800042c   Section        0  gd32f1x0_gpio.o(i.gpio_bit_reset)
    i.gpio_bit_set                           0x08000430   Section        0  gd32f1x0_gpio.o(i.gpio_bit_set)
    i.gpio_mode_set                          0x08000434   Section        0  gd32f1x0_gpio.o(i.gpio_mode_set)
    i.gpio_output_options_set                0x08000482   Section        0  gd32f1x0_gpio.o(i.gpio_output_options_set)
    i.main                                   0x080004c4   Section        0  main.o(i.main)
    i.nvic_vector_table_set                  0x080004dc   Section        0  gd32f1x0_misc.o(i.nvic_vector_table_set)
    i.rcu_periph_clock_enable                0x080004f4   Section        0  gd32f1x0_rcu.o(i.rcu_periph_clock_enable)
    i.system_clock_72m_hxtal                 0x08000514   Section        0  system_gd32f1x0.o(i.system_clock_72m_hxtal)
    system_clock_72m_hxtal                   0x08000515   Thumb Code   154  system_gd32f1x0.o(i.system_clock_72m_hxtal)
    i.system_clock_config                    0x080005b8   Section        0  system_gd32f1x0.o(i.system_clock_config)
    system_clock_config                      0x080005b9   Thumb Code     8  system_gd32f1x0.o(i.system_clock_config)
    i.systick_config                         0x080005c0   Section        0  systick.o(i.systick_config)
    .data                                    0x20000000   Section        4  systick.o(.data)
    delay                                    0x20000000   Data           4  systick.o(.data)
    .data                                    0x20000004   Section        4  system_gd32f1x0.o(.data)
    .bss                                     0x20000008   Section       96  libspace.o(.bss)
    HEAP                                     0x20000068   Section     1024  startup_gd32f1x0.o(HEAP)
    Heap_Mem                                 0x20000068   Data        1024  startup_gd32f1x0.o(HEAP)
    STACK                                    0x20000468   Section     1024  startup_gd32f1x0.o(STACK)
    Stack_Mem                                0x20000468   Data        1024  startup_gd32f1x0.o(STACK)
    __initial_sp                             0x20000868   Data           0  startup_gd32f1x0.o(STACK)

    Global Symbols

    Symbol Name                              Value     Ov Type        Size  Object(Section)

    BuildAttributes$$THM_ISAv4$P$D$K$B$S$PE$A:L22UL41UL21$X:L11$S22US41US21$IEEE1$IW$USESV6$~STKCKD$USESV7$~SHL$OSPACE$ROPI$EBA8$UX$STANDARDLIB$REQ8$PRES8$EABIv2 0x00000000   Number         0  anon$$obj.o ABSOLUTE
    __ARM_use_no_argv                        0x00000000   Number         0  main.o ABSOLUTE
    __ARM_exceptions_init                     - Undefined Weak Reference
    __alloca_initialize                       - Undefined Weak Reference
    __arm_preinit_                            - Undefined Weak Reference
    __cpp_initialize__aeabi_                  - Undefined Weak Reference
    __cxa_finalize                            - Undefined Weak Reference
    __rt_locale                               - Undefined Weak Reference
    __sigvec_lookup                           - Undefined Weak Reference
    _atexit_init                              - Undefined Weak Reference
    _call_atexit_fns                          - Undefined Weak Reference
    _clock_init                               - Undefined Weak Reference
    _fp_trap_init                             - Undefined Weak Reference
    _fp_trap_shutdown                         - Undefined Weak Reference
    _get_lc_collate                           - Undefined Weak Reference
    _get_lc_ctype                             - Undefined Weak Reference
    _get_lc_monetary                          - Undefined Weak Reference
    _get_lc_numeric                           - Undefined Weak Reference
    _get_lc_time                              - Undefined Weak Reference
    _getenv_init                              - Undefined Weak Reference
    _handle_redirection                       - Undefined Weak Reference
    _init_alloc                               - Undefined Weak Reference
    _init_user_alloc                          - Undefined Weak Reference
    _initio                                   - Undefined Weak Reference
    _rand_init                                - Undefined Weak Reference
    _signal_finish                            - Undefined Weak Reference
    _signal_init                              - Undefined Weak Reference
    _terminate_alloc                          - Undefined Weak Reference
    _terminate_user_alloc                     - Undefined Weak Reference
    _terminateio                              - Undefined Weak Reference
    __Vectors_Size                           0x00000168   Number         0  startup_gd32f1x0.o ABSOLUTE
    __Vectors                                0x08000000   Data           4  startup_gd32f1x0.o(RESET)
    __Vectors_End                            0x08000168   Data           0  startup_gd32f1x0.o(RESET)
    __main                                   0x08000169   Thumb Code     8  __main.o(!!!main)
    __scatterload                            0x08000171   Thumb Code     0  __scatter.o(!!!scatter)
    __scatterload_rt2                        0x08000171   Thumb Code    44  __scatter.o(!!!scatter)
    __scatterload_rt2_thumb_only             0x08000171   Thumb Code     0  __scatter.o(!!!scatter)
    __scatterload_null                       0x0800017f   Thumb Code     0  __scatter.o(!!!scatter)
    __scatterload_copy                       0x080001a5   Thumb Code    26  __scatter_copy.o(!!handler_copy)
    __scatterload_zeroinit                   0x080001c1   Thumb Code    28  __scatter_zi.o(!!handler_zi)
    __rt_lib_init                            0x080001dd   Thumb Code     0  libinit.o(.ARM.Collect$$libinit$$00000000)
    __rt_lib_init_alloca_1                   0x080001df   Thumb Code     0  libinit2.o(.ARM.Collect$$libinit$$0000002E)
    __rt_lib_init_argv_1                     0x080001df   Thumb Code     0  libinit2.o(.ARM.Collect$$libinit$$0000002C)
    __rt_lib_init_atexit_1                   0x080001df   Thumb Code     0  libinit2.o(.ARM.Collect$$libinit$$0000001B)
    __rt_lib_init_clock_1                    0x080001df   Thumb Code     0  libinit2.o(.ARM.Collect$$libinit$$00000021)
    __rt_lib_init_cpp_1                      0x080001df   Thumb Code     0  libinit2.o(.ARM.Collect$$libinit$$00000032)
    __rt_lib_init_exceptions_1               0x080001df   Thumb Code     0  libinit2.o(.ARM.Collect$$libinit$$00000030)
    __rt_lib_init_fp_1                       0x080001df   Thumb Code     0  libinit2.o(.ARM.Collect$$libinit$$00000002)
    __rt_lib_init_fp_trap_1                  0x080001df   Thumb Code     0  libinit2.o(.ARM.Collect$$libinit$$0000001F)
    __rt_lib_init_getenv_1                   0x080001df   Thumb Code     0  libinit2.o(.ARM.Collect$$libinit$$00000023)
    __rt_lib_init_heap_1                     0x080001df   Thumb Code     0  libinit2.o(.ARM.Collect$$libinit$$0000000A)
    __rt_lib_init_lc_collate_1               0x080001df   Thumb Code     0  libinit2.o(.ARM.Collect$$libinit$$00000011)
    __rt_lib_init_lc_ctype_1                 0x080001df   Thumb Code     0  libinit2.o(.ARM.Collect$$libinit$$00000013)
    __rt_lib_init_lc_monetary_1              0x080001df   Thumb Code     0  libinit2.o(.ARM.Collect$$libinit$$00000015)
    __rt_lib_init_lc_numeric_1               0x080001df   Thumb Code     0  libinit2.o(.ARM.Collect$$libinit$$00000017)
    __rt_lib_init_lc_time_1                  0x080001df   Thumb Code     0  libinit2.o(.ARM.Collect$$libinit$$00000019)
    __rt_lib_init_preinit_1                  0x080001df   Thumb Code     0  libinit2.o(.ARM.Collect$$libinit$$00000004)
    __rt_lib_init_rand_1                     0x080001df   Thumb Code     0  libinit2.o(.ARM.Collect$$libinit$$0000000E)
    __rt_lib_init_return                     0x080001df   Thumb Code     0  libinit2.o(.ARM.Collect$$libinit$$00000033)
    __rt_lib_init_signal_1                   0x080001df   Thumb Code     0  libinit2.o(.ARM.Collect$$libinit$$0000001D)
    __rt_lib_init_stdio_1                    0x080001df   Thumb Code     0  libinit2.o(.ARM.Collect$$libinit$$00000025)
    __rt_lib_init_user_alloc_1               0x080001df   Thumb Code     0  libinit2.o(.ARM.Collect$$libinit$$0000000C)
    __rt_lib_shutdown                        0x080001e1   Thumb Code     0  libshutdown.o(.ARM.Collect$$libshutdown$$00000000)
    __rt_lib_shutdown_cpp_1                  0x080001e3   Thumb Code     0  libshutdown2.o(.ARM.Collect$$libshutdown$$00000002)
    __rt_lib_shutdown_fp_trap_1              0x080001e3   Thumb Code     0  libshutdown2.o(.ARM.Collect$$libshutdown$$00000007)
    __rt_lib_shutdown_heap_1                 0x080001e3   Thumb Code     0  libshutdown2.o(.ARM.Collect$$libshutdown$$0000000F)
    __rt_lib_shutdown_return                 0x080001e3   Thumb Code     0  libshutdown2.o(.ARM.Collect$$libshutdown$$00000010)
    __rt_lib_shutdown_signal_1               0x080001e3   Thumb Code     0  libshutdown2.o(.ARM.Collect$$libshutdown$$0000000A)
    __rt_lib_shutdown_stdio_1                0x080001e3   Thumb Code     0  libshutdown2.o(.ARM.Collect$$libshutdown$$00000004)
    __rt_lib_shutdown_user_alloc_1           0x080001e3   Thumb Code     0  libshutdown2.o(.ARM.Collect$$libshutdown$$0000000C)
    __rt_entry                               0x080001e5   Thumb Code     0  __rtentry.o(.ARM.Collect$$rtentry$$00000000)
    __rt_entry_presh_1                       0x080001e5   Thumb Code     0  __rtentry2.o(.ARM.Collect$$rtentry$$00000002)
    __rt_entry_sh                            0x080001e5   Thumb Code     0  __rtentry4.o(.ARM.Collect$$rtentry$$00000004)
    __rt_entry_li                            0x080001eb   Thumb Code     0  __rtentry2.o(.ARM.Collect$$rtentry$$0000000A)
    __rt_entry_postsh_1                      0x080001eb   Thumb Code     0  __rtentry2.o(.ARM.Collect$$rtentry$$00000009)
    __rt_entry_main                          0x080001ef   Thumb Code     0  __rtentry2.o(.ARM.Collect$$rtentry$$0000000D)
    __rt_entry_postli_1                      0x080001ef   Thumb Code     0  __rtentry2.o(.ARM.Collect$$rtentry$$0000000C)
    __rt_exit                                0x080001f7   Thumb Code     0  rtexit.o(.ARM.Collect$$rtexit$$00000000)
    __rt_exit_ls                             0x080001f9   Thumb Code     0  rtexit2.o(.ARM.Collect$$rtexit$$00000003)
    __rt_exit_prels_1                        0x080001f9   Thumb Code     0  rtexit2.o(.ARM.Collect$$rtexit$$00000002)
    __rt_exit_exit                           0x080001fd   Thumb Code     0  rtexit2.o(.ARM.Collect$$rtexit$$00000004)
    Reset_Handler                            0x08000205   Thumb Code     8  startup_gd32f1x0.o(.text)
    ADC_CMP_IRQHandler                       0x0800021f   Thumb Code     0  startup_gd32f1x0.o(.text)
    CAN0_RX0_IRQHandler                      0x0800021f   Thumb Code     0  startup_gd32f1x0.o(.text)
    CAN0_RX1_IRQHandler                      0x0800021f   Thumb Code     0  startup_gd32f1x0.o(.text)
    CAN0_SCE_IRQHandler                      0x0800021f   Thumb Code     0  startup_gd32f1x0.o(.text)
    CAN0_TX_IRQHandler                       0x0800021f   Thumb Code     0  startup_gd32f1x0.o(.text)
    CAN1_RX0_IRQHandler                      0x0800021f   Thumb Code     0  startup_gd32f1x0.o(.text)
    CAN1_RX1_IRQHandler                      0x0800021f   Thumb Code     0  startup_gd32f1x0.o(.text)
    CAN1_SCE_IRQHandler                      0x0800021f   Thumb Code     0  startup_gd32f1x0.o(.text)
    CAN1_TX_IRQHandler                       0x0800021f   Thumb Code     0  startup_gd32f1x0.o(.text)
    CEC_IRQHandler                           0x0800021f   Thumb Code     0  startup_gd32f1x0.o(.text)
    DMA_Channel0_IRQHandler                  0x0800021f   Thumb Code     0  startup_gd32f1x0.o(.text)
    DMA_Channel1_2_IRQHandler                0x0800021f   Thumb Code     0  startup_gd32f1x0.o(.text)
    DMA_Channel3_4_IRQHandler                0x0800021f   Thumb Code     0  startup_gd32f1x0.o(.text)
    DMA_Channel5_6_IRQHandler                0x0800021f   Thumb Code     0  startup_gd32f1x0.o(.text)
    EXTI0_1_IRQHandler                       0x0800021f   Thumb Code     0  startup_gd32f1x0.o(.text)
    EXTI2_3_IRQHandler                       0x0800021f   Thumb Code     0  startup_gd32f1x0.o(.text)
    EXTI4_15_IRQHandler                      0x0800021f   Thumb Code     0  startup_gd32f1x0.o(.text)
    FMC_IRQHandler                           0x0800021f   Thumb Code     0  startup_gd32f1x0.o(.text)
    I2C0_ER_IRQHandler                       0x0800021f   Thumb Code     0  startup_gd32f1x0.o(.text)
    I2C0_EV_IRQHandler                       0x0800021f   Thumb Code     0  startup_gd32f1x0.o(.text)
    I2C1_ER_IRQHandler                       0x0800021f   Thumb Code     0  startup_gd32f1x0.o(.text)
    I2C1_EV_IRQHandler                       0x0800021f   Thumb Code     0  startup_gd32f1x0.o(.text)
    I2C2_ER_IRQHandler                       0x0800021f   Thumb Code     0  startup_gd32f1x0.o(.text)
    I2C2_EV_IRQHandler                       0x0800021f   Thumb Code     0  startup_gd32f1x0.o(.text)
    LVD_IRQHandler                           0x0800021f   Thumb Code     0  startup_gd32f1x0.o(.text)
    RCU_IRQHandler                           0x0800021f   Thumb Code     0  startup_gd32f1x0.o(.text)
    RTC_IRQHandler                           0x0800021f   Thumb Code     0  startup_gd32f1x0.o(.text)
    SLCD_IRQHandler                          0x0800021f   Thumb Code     0  startup_gd32f1x0.o(.text)
    SPI0_IRQHandler                          0x0800021f   Thumb Code     0  startup_gd32f1x0.o(.text)
    SPI1_IRQHandler                          0x0800021f   Thumb Code     0  startup_gd32f1x0.o(.text)
    SPI2_IRQHandler                          0x0800021f   Thumb Code     0  startup_gd32f1x0.o(.text)
    TIMER0_BRK_UP_TRG_COM_IRQHandler         0x0800021f   Thumb Code     0  startup_gd32f1x0.o(.text)
    TIMER0_Channel_IRQHandler                0x0800021f   Thumb Code     0  startup_gd32f1x0.o(.text)
    TIMER13_IRQHandler                       0x0800021f   Thumb Code     0  startup_gd32f1x0.o(.text)
    TIMER14_IRQHandler                       0x0800021f   Thumb Code     0  startup_gd32f1x0.o(.text)
    TIMER15_IRQHandler                       0x0800021f   Thumb Code     0  startup_gd32f1x0.o(.text)
    TIMER16_IRQHandler                       0x0800021f   Thumb Code     0  startup_gd32f1x0.o(.text)
    TIMER1_IRQHandler                        0x0800021f   Thumb Code     0  startup_gd32f1x0.o(.text)
    TIMER2_IRQHandler                        0x0800021f   Thumb Code     0  startup_gd32f1x0.o(.text)
    TIMER5_DAC_IRQHandler                    0x0800021f   Thumb Code     0  startup_gd32f1x0.o(.text)
    TSI_IRQHandler                           0x0800021f   Thumb Code     0  startup_gd32f1x0.o(.text)
    USART0_IRQHandler                        0x0800021f   Thumb Code     0  startup_gd32f1x0.o(.text)
    USART1_IRQHandler                        0x0800021f   Thumb Code     0  startup_gd32f1x0.o(.text)
    USBDWakeUp_IRQHandler                    0x0800021f   Thumb Code     0  startup_gd32f1x0.o(.text)
    USBD_HP_IRQHandler                       0x0800021f   Thumb Code     0  startup_gd32f1x0.o(.text)
    USBD_LP_IRQHandler                       0x0800021f   Thumb Code     0  startup_gd32f1x0.o(.text)
    WWDGT_IRQHandler                         0x0800021f   Thumb Code     0  startup_gd32f1x0.o(.text)
    __user_initial_stackheap                 0x08000221   Thumb Code    10  startup_gd32f1x0.o(.text)
    __use_two_region_memory                  0x08000245   Thumb Code     2  heapauxi.o(.text)
    __rt_heap_escrow$2region                 0x08000247   Thumb Code     2  heapauxi.o(.text)
    __rt_heap_expand$2region                 0x08000249   Thumb Code     2  heapauxi.o(.text)
    __user_setup_stackheap                   0x0800024b   Thumb Code    74  sys_stackheap_outer.o(.text)
    exit                                     0x08000295   Thumb Code    18  exit.o(.text)
    __user_libspace                          0x080002a9   Thumb Code     8  libspace.o(.text)
    __user_perproc_libspace                  0x080002a9   Thumb Code     0  libspace.o(.text)
    __user_perthread_libspace                0x080002a9   Thumb Code     0  libspace.o(.text)
    _sys_exit                                0x080002b1   Thumb Code     8  sys_exit.o(.text)
    __I$use$semihosting                      0x080002bd   Thumb Code     0  use_no_semi.o(.text)
    __use_no_semihosting_swi                 0x080002bd   Thumb Code     2  use_no_semi.o(.text)
    BusFault_Handler                         0x080002bf   Thumb Code     4  gd32f1x0_it.o(i.BusFault_Handler)
    __semihosting_library_function           0x080002bf   Thumb Code     0  indicate_semi.o(.text)
    DebugMon_Handler                         0x080002c3   Thumb Code     2  gd32f1x0_it.o(i.DebugMon_Handler)
    HardFault_Handler                        0x080002c5   Thumb Code     4  gd32f1x0_it.o(i.HardFault_Handler)
    LED_Init                                 0x080002c9   Thumb Code    50  led.o(i.LED_Init)
    MemManage_Handler                        0x080002fb   Thumb Code     4  gd32f1x0_it.o(i.MemManage_Handler)
    NMI_Handler                              0x080002ff   Thumb Code     2  gd32f1x0_it.o(i.NMI_Handler)
    PendSV_Handler                           0x08000329   Thumb Code     2  gd32f1x0_it.o(i.PendSV_Handler)
    SVC_Handler                              0x0800032b   Thumb Code     2  gd32f1x0_it.o(i.SVC_Handler)
    SysTick_Handler                          0x0800032d   Thumb Code     8  gd32f1x0_it.o(i.SysTick_Handler)
    SystemInit                               0x08000335   Thumb Code   204  system_gd32f1x0.o(i.SystemInit)
    UsageFault_Handler                       0x08000411   Thumb Code     4  gd32f1x0_it.o(i.UsageFault_Handler)
    delay_decrement                          0x08000415   Thumb Code    18  systick.o(i.delay_decrement)
    gpio_bit_reset                           0x0800042d   Thumb Code     4  gd32f1x0_gpio.o(i.gpio_bit_reset)
    gpio_bit_set                             0x08000431   Thumb Code     4  gd32f1x0_gpio.o(i.gpio_bit_set)
    gpio_mode_set                            0x08000435   Thumb Code    78  gd32f1x0_gpio.o(i.gpio_mode_set)
    gpio_output_options_set                  0x08000483   Thumb Code    66  gd32f1x0_gpio.o(i.gpio_output_options_set)
    main                                     0x080004c5   Thumb Code    22  main.o(i.main)
    nvic_vector_table_set                    0x080004dd   Thumb Code    16  gd32f1x0_misc.o(i.nvic_vector_table_set)
    rcu_periph_clock_enable                  0x080004f5   Thumb Code    28  gd32f1x0_rcu.o(i.rcu_periph_clock_enable)
    systick_config                           0x080005c1   Thumb Code    74  systick.o(i.systick_config)
    Region$$Table$$Base                      0x08000610   Number         0  anon$$obj.o(Region$$Table)
    Region$$Table$$Limit                     0x08000630   Number         0  anon$$obj.o(Region$$Table)
    SystemCoreClock                          0x20000004   Data           4  system_gd32f1x0.o(.data)
    __libspace_start                         0x20000008   Data          96  libspace.o(.bss)
    __temporary_stack_top$libspace           0x20000068   Data           0  libspace.o(.bss)



==============================================================================

Memory Map of the image

  Image Entry point : 0x08000169

  Load Region LR_IROM1 (Base: 0x08000000, Size: 0x00000638, Max: 0x00008000, ABSOLUTE)

    Execution Region ER_IROM1 (Exec base: 0x08000000, Load base: 0x08000000, Size: 0x00000630, Max: 0x00008000, ABSOLUTE)

    Exec Addr    Load Addr    Size         Type   Attr      Idx    E Section Name        Object

    0x08000000   0x08000000   0x00000168   Data   RO         3913    RESET               startup_gd32f1x0.o
    0x08000168   0x08000168   0x00000008   Code   RO         4033  * !!!main             c_w.l(__main.o)
    0x08000170   0x08000170   0x00000034   Code   RO         4203    !!!scatter          c_w.l(__scatter.o)
    0x080001a4   0x080001a4   0x0000001a   Code   RO         4205    !!handler_copy      c_w.l(__scatter_copy.o)
    0x080001be   0x080001be   0x00000002   PAD
    0x080001c0   0x080001c0   0x0000001c   Code   RO         4207    !!handler_zi        c_w.l(__scatter_zi.o)
    0x080001dc   0x080001dc   0x00000002   Code   RO         4073    .ARM.Collect$$libinit$$00000000  c_w.l(libinit.o)
    0x080001de   0x080001de   0x00000000   Code   RO         4080    .ARM.Collect$$libinit$$00000002  c_w.l(libinit2.o)
    0x080001de   0x080001de   0x00000000   Code   RO         4082    .ARM.Collect$$libinit$$00000004  c_w.l(libinit2.o)
    0x080001de   0x080001de   0x00000000   Code   RO         4085    .ARM.Collect$$libinit$$0000000A  c_w.l(libinit2.o)
    0x080001de   0x080001de   0x00000000   Code   RO         4087    .ARM.Collect$$libinit$$0000000C  c_w.l(libinit2.o)
    0x080001de   0x080001de   0x00000000   Code   RO         4089    .ARM.Collect$$libinit$$0000000E  c_w.l(libinit2.o)
    0x080001de   0x080001de   0x00000000   Code   RO         4092    .ARM.Collect$$libinit$$00000011  c_w.l(libinit2.o)
    0x080001de   0x080001de   0x00000000   Code   RO         4094    .ARM.Collect$$libinit$$00000013  c_w.l(libinit2.o)
    0x080001de   0x080001de   0x00000000   Code   RO         4096    .ARM.Collect$$libinit$$00000015  c_w.l(libinit2.o)
    0x080001de   0x080001de   0x00000000   Code   RO         4098    .ARM.Collect$$libinit$$00000017  c_w.l(libinit2.o)
    0x080001de   0x080001de   0x00000000   Code   RO         4100    .ARM.Collect$$libinit$$00000019  c_w.l(libinit2.o)
    0x080001de   0x080001de   0x00000000   Code   RO         4102    .ARM.Collect$$libinit$$0000001B  c_w.l(libinit2.o)
    0x080001de   0x080001de   0x00000000   Code   RO         4104    .ARM.Collect$$libinit$$0000001D  c_w.l(libinit2.o)
    0x080001de   0x080001de   0x00000000   Code   RO         4106    .ARM.Collect$$libinit$$0000001F  c_w.l(libinit2.o)
    0x080001de   0x080001de   0x00000000   Code   RO         4108    .ARM.Collect$$libinit$$00000021  c_w.l(libinit2.o)
    0x080001de   0x080001de   0x00000000   Code   RO         4110    .ARM.Collect$$libinit$$00000023  c_w.l(libinit2.o)
    0x080001de   0x080001de   0x00000000   Code   RO         4112    .ARM.Collect$$libinit$$00000025  c_w.l(libinit2.o)
    0x080001de   0x080001de   0x00000000   Code   RO         4116    .ARM.Collect$$libinit$$0000002C  c_w.l(libinit2.o)
    0x080001de   0x080001de   0x00000000   Code   RO         4118    .ARM.Collect$$libinit$$0000002E  c_w.l(libinit2.o)
    0x080001de   0x080001de   0x00000000   Code   RO         4120    .ARM.Collect$$libinit$$00000030  c_w.l(libinit2.o)
    0x080001de   0x080001de   0x00000000   Code   RO         4122    .ARM.Collect$$libinit$$00000032  c_w.l(libinit2.o)
    0x080001de   0x080001de   0x00000002   Code   RO         4123    .ARM.Collect$$libinit$$00000033  c_w.l(libinit2.o)
    0x080001e0   0x080001e0   0x00000002   Code   RO         4143    .ARM.Collect$$libshutdown$$00000000  c_w.l(libshutdown.o)
    0x080001e2   0x080001e2   0x00000000   Code   RO         4156    .ARM.Collect$$libshutdown$$00000002  c_w.l(libshutdown2.o)
    0x080001e2   0x080001e2   0x00000000   Code   RO         4158    .ARM.Collect$$libshutdown$$00000004  c_w.l(libshutdown2.o)
    0x080001e2   0x080001e2   0x00000000   Code   RO         4161    .ARM.Collect$$libshutdown$$00000007  c_w.l(libshutdown2.o)
    0x080001e2   0x080001e2   0x00000000   Code   RO         4164    .ARM.Collect$$libshutdown$$0000000A  c_w.l(libshutdown2.o)
    0x080001e2   0x080001e2   0x00000000   Code   RO         4166    .ARM.Collect$$libshutdown$$0000000C  c_w.l(libshutdown2.o)
    0x080001e2   0x080001e2   0x00000000   Code   RO         4169    .ARM.Collect$$libshutdown$$0000000F  c_w.l(libshutdown2.o)
    0x080001e2   0x080001e2   0x00000002   Code   RO         4170    .ARM.Collect$$libshutdown$$00000010  c_w.l(libshutdown2.o)
    0x080001e4   0x080001e4   0x00000000   Code   RO         4043    .ARM.Collect$$rtentry$$00000000  c_w.l(__rtentry.o)
    0x080001e4   0x080001e4   0x00000000   Code   RO         4050    .ARM.Collect$$rtentry$$00000002  c_w.l(__rtentry2.o)
    0x080001e4   0x080001e4   0x00000006   Code   RO         4062    .ARM.Collect$$rtentry$$00000004  c_w.l(__rtentry4.o)
    0x080001ea   0x080001ea   0x00000000   Code   RO         4052    .ARM.Collect$$rtentry$$00000009  c_w.l(__rtentry2.o)
    0x080001ea   0x080001ea   0x00000004   Code   RO         4053    .ARM.Collect$$rtentry$$0000000A  c_w.l(__rtentry2.o)
    0x080001ee   0x080001ee   0x00000000   Code   RO         4055    .ARM.Collect$$rtentry$$0000000C  c_w.l(__rtentry2.o)
    0x080001ee   0x080001ee   0x00000008   Code   RO         4056    .ARM.Collect$$rtentry$$0000000D  c_w.l(__rtentry2.o)
    0x080001f6   0x080001f6   0x00000002   Code   RO         4077    .ARM.Collect$$rtexit$$00000000  c_w.l(rtexit.o)
    0x080001f8   0x080001f8   0x00000000   Code   RO         4125    .ARM.Collect$$rtexit$$00000002  c_w.l(rtexit2.o)
    0x080001f8   0x080001f8   0x00000004   Code   RO         4126    .ARM.Collect$$rtexit$$00000003  c_w.l(rtexit2.o)
    0x080001fc   0x080001fc   0x00000006   Code   RO         4127    .ARM.Collect$$rtexit$$00000004  c_w.l(rtexit2.o)
    0x08000202   0x08000202   0x00000002   PAD
    0x08000204   0x08000204   0x00000040   Code   RO         3914    .text               startup_gd32f1x0.o
    0x08000244   0x08000244   0x00000006   Code   RO         4031    .text               c_w.l(heapauxi.o)
    0x0800024a   0x0800024a   0x0000004a   Code   RO         4064    .text               c_w.l(sys_stackheap_outer.o)
    0x08000294   0x08000294   0x00000012   Code   RO         4066    .text               c_w.l(exit.o)
    0x080002a6   0x080002a6   0x00000002   PAD
    0x080002a8   0x080002a8   0x00000008   Code   RO         4074    .text               c_w.l(libspace.o)
    0x080002b0   0x080002b0   0x0000000c   Code   RO         4135    .text               c_w.l(sys_exit.o)
    0x080002bc   0x080002bc   0x00000002   Code   RO         4146    .text               c_w.l(use_no_semi.o)
    0x080002be   0x080002be   0x00000000   Code   RO         4148    .text               c_w.l(indicate_semi.o)
    0x080002be   0x080002be   0x00000004   Code   RO            3    i.BusFault_Handler  gd32f1x0_it.o
    0x080002c2   0x080002c2   0x00000002   Code   RO            4    i.DebugMon_Handler  gd32f1x0_it.o
    0x080002c4   0x080002c4   0x00000004   Code   RO            5    i.HardFault_Handler  gd32f1x0_it.o
    0x080002c8   0x080002c8   0x00000032   Code   RO         3959    i.LED_Init          led.o
    0x080002fa   0x080002fa   0x00000004   Code   RO            6    i.MemManage_Handler  gd32f1x0_it.o
    0x080002fe   0x080002fe   0x00000002   Code   RO            7    i.NMI_Handler       gd32f1x0_it.o
    0x08000300   0x08000300   0x00000028   Code   RO          169    i.NVIC_SetPriority  systick.o
    0x08000328   0x08000328   0x00000002   Code   RO            8    i.PendSV_Handler    gd32f1x0_it.o
    0x0800032a   0x0800032a   0x00000002   Code   RO            9    i.SVC_Handler       gd32f1x0_it.o
    0x0800032c   0x0800032c   0x00000008   Code   RO           10    i.SysTick_Handler   gd32f1x0_it.o
    0x08000334   0x08000334   0x000000dc   Code   RO          285    i.SystemInit        system_gd32f1x0.o
    0x08000410   0x08000410   0x00000004   Code   RO           11    i.UsageFault_Handler  gd32f1x0_it.o
    0x08000414   0x08000414   0x00000018   Code   RO          171    i.delay_decrement   systick.o
    0x0800042c   0x0800042c   0x00000004   Code   RO         1548    i.gpio_bit_reset    gd32f1x0_gpio.o
    0x08000430   0x08000430   0x00000004   Code   RO         1549    i.gpio_bit_set      gd32f1x0_gpio.o
    0x08000434   0x08000434   0x0000004e   Code   RO         1554    i.gpio_mode_set     gd32f1x0_gpio.o
    0x08000482   0x08000482   0x00000042   Code   RO         1556    i.gpio_output_options_set  gd32f1x0_gpio.o
    0x080004c4   0x080004c4   0x00000016   Code   RO          254    i.main              main.o
    0x080004da   0x080004da   0x00000002   PAD
    0x080004dc   0x080004dc   0x00000018   Code   RO         1845    i.nvic_vector_table_set  gd32f1x0_misc.o
    0x080004f4   0x080004f4   0x00000020   Code   RO         2017    i.rcu_periph_clock_enable  gd32f1x0_rcu.o
    0x08000514   0x08000514   0x000000a4   Code   RO          286    i.system_clock_72m_hxtal  system_gd32f1x0.o
    0x080005b8   0x080005b8   0x00000008   Code   RO          287    i.system_clock_config  system_gd32f1x0.o
    0x080005c0   0x080005c0   0x00000050   Code   RO          172    i.systick_config    systick.o
    0x08000610   0x08000610   0x00000020   Data   RO         4201    Region$$Table       anon$$obj.o


    Execution Region RW_IRAM1 (Exec base: 0x20000000, Load base: 0x08000630, Size: 0x00000868, Max: 0x00001000, ABSOLUTE)

    Exec Addr    Load Addr    Size         Type   Attr      Idx    E Section Name        Object

    0x20000000   0x08000630   0x00000004   Data   RW          173    .data               systick.o
    0x20000004   0x08000634   0x00000004   Data   RW          288    .data               system_gd32f1x0.o
    0x20000008        -       0x00000060   Zero   RW         4075    .bss                c_w.l(libspace.o)
    0x20000068        -       0x00000400   Zero   RW         3912    HEAP                startup_gd32f1x0.o
    0x20000468        -       0x00000400   Zero   RW         3911    STACK               startup_gd32f1x0.o


==============================================================================

Image component sizes


      Code (inc. data)   RO Data    RW Data    ZI Data      Debug   Object Name

       152          0          0          0          0       3122   gd32f1x0_gpio.o
        32          0          0          0          0      22586   gd32f1x0_it.o
        24          8          0          0          0        692   gd32f1x0_misc.o
        32          4          0          0          0        646   gd32f1x0_rcu.o
        50          0          0          0          0        471   led.o
        22          0          0          0          0        455   main.o
        64         26        360          0       2048       1004   startup_gd32f1x0.o
       392         26          0          4          0       3215   system_gd32f1x0.o
       144         20          0          4          0      30462   systick.o

    ----------------------------------------------------------------------
       914         84        392          8       2048      62653   Object Totals
         0          0         32          0          0          0   (incl. Generated)
         2          0          0          0          0          0   (incl. Padding)

    ----------------------------------------------------------------------

      Code (inc. data)   RO Data    RW Data    ZI Data      Debug   Library Member Name

         8          0          0          0          0         68   __main.o
         0          0          0          0          0          0   __rtentry.o
        12          0          0          0          0          0   __rtentry2.o
         6          0          0          0          0          0   __rtentry4.o
        52          8          0          0          0          0   __scatter.o
        26          0          0          0          0          0   __scatter_copy.o
        28          0          0          0          0          0   __scatter_zi.o
        18          0          0          0          0         80   exit.o
         6          0          0          0          0        152   heapauxi.o
         0          0          0          0          0          0   indicate_semi.o
         2          0          0          0          0          0   libinit.o
         2          0          0          0          0          0   libinit2.o
         2          0          0          0          0          0   libshutdown.o
         2          0          0          0          0          0   libshutdown2.o
         8          4          0          0         96         68   libspace.o
         2          0          0          0          0          0   rtexit.o
        10          0          0          0          0          0   rtexit2.o
        12          4          0          0          0         68   sys_exit.o
        74          0          0          0          0         80   sys_stackheap_outer.o
         2          0          0          0          0         68   use_no_semi.o

    ----------------------------------------------------------------------
       278         16          0          0         96        584   Library Totals
         6          0          0          0          0          0   (incl. Padding)

    ----------------------------------------------------------------------

      Code (inc. data)   RO Data    RW Data    ZI Data      Debug   Library Name

       272         16          0          0         96        584   c_w.l

    ----------------------------------------------------------------------
       278         16          0          0         96        584   Library Totals

    ----------------------------------------------------------------------

==============================================================================


      Code (inc. data)   RO Data    RW Data    ZI Data      Debug   

      1192        100        392          8       2144      62037   Grand Totals
      1192        100        392          8       2144      62037   ELF Image Totals
      1192        100        392          8          0          0   ROM Totals

==============================================================================

    Total RO  Size (Code + RO Data)                 1584 (   1.55kB)
    Total RW  Size (RW Data + ZI Data)              2152 (   2.10kB)
    Total ROM Size (Code + RO Data + RW Data)       1592 (   1.55kB)

==============================================================================

