Component: ARM Compiler 5.06 update 6 (build 750) Tool: armlink [4d35ed]

==============================================================================

Section Cross References

    gd32f1x0_it.o(i.SysTick_Handler) refers to systick.o(i.delay_decrement) for delay_decrement
    systick.o(i.delay_1ms) refers to systick.o(.data) for .data
    systick.o(i.delay_decrement) refers to systick.o(.data) for .data
    systick.o(i.systick_config) refers to system_gd32f1x0.o(.data) for SystemCoreClock
    main.o(i.main) refers to led.o(i.LED_Init) for LED_Init
    main.o(i.main) refers to spi.o(i.SPI_Init) for SPI_Init
    main.o(i.main) refers to rtc6705.o(i.PA_Init) for PA_Init
    main.o(i.main) refers to rtc6705.o(i.RTC6705_WriteREG) for RTC6705_WriteREG
    main.o(i.main) refers to rtc6705.o(i.SetFreq) for SetFreq
    main.o(i.main) refers to adc.o(i.Vpd_ADC_Init) for Vpd_ADC_Init
    main.o(i.main) refers to pwm.o(i.TIM1_PWM_Init) for TIM1_PWM_Init
    main.o(i.main) refers to pwm.o(i.TIM2_PWM_Init) for TIM2_PWM_Init
    main.o(i.main) refers to uart.o(i.UART0_Init) for UART0_Init
    main.o(i.main) refers to systick.o(i.systick_config) for systick_config
    main.o(i.main) refers to adc.o(i.get_adc_ch) for get_adc_ch
    main.o(i.main) refers to fflt_clz.o(x$fpl$ffltu) for __aeabi_ui2f
    main.o(i.main) refers to filter.o(i.LimitFilter) for LimitFilter
    main.o(i.main) refers to fdiv.o(x$fpl$fdiv) for __aeabi_fdiv
    main.o(i.main) refers to f2d.o(x$fpl$f2d) for __aeabi_f2d
    main.o(i.main) refers to daddsub_clz.o(x$fpl$dadd) for __aeabi_dadd
    main.o(i.main) refers to d2f.o(x$fpl$d2f) for __aeabi_d2f
    main.o(i.main) refers to pid.o(i.pid_control) for pid_control
    main.o(i.main) refers to ffix.o(x$fpl$ffix) for __aeabi_f2iz
    main.o(i.main) refers to filter.o(i.Constrain) for Constrain
    main.o(i.main) refers to fflt_clz.o(x$fpl$fflt) for __aeabi_i2f
    main.o(i.main) refers to ffixu.o(x$fpl$ffixu) for __aeabi_f2uiz
    main.o(i.main) refers to gd32f1x0_timer.o(i.timer_channel_output_pulse_value_config) for timer_channel_output_pulse_value_config
    main.o(i.main) refers to gd32f1x0_usart.o(i.usart_transmit_config) for usart_transmit_config
    main.o(i.main) refers to uart.o(i.usart0_data_send) for usart0_data_send
    main.o(i.main) refers to uart.o(i.USART0_RestoreReceive) for USART0_RestoreReceive
    main.o(i.main) refers to main.o(.data) for .data
    main.o(i.main) refers to smartaudio.o(.bss) for SmartAudio
    main.o(i.main) refers to uart.o(.bss) for receiver_buffer0
    system_gd32f1x0.o(i.SystemCoreClockUpdate) refers to system_gd32f1x0.o(.data) for .data
    system_gd32f1x0.o(i.SystemInit) refers to system_gd32f1x0.o(i.system_clock_config) for system_clock_config
    system_gd32f1x0.o(i.SystemInit) refers to gd32f1x0_misc.o(i.nvic_vector_table_set) for nvic_vector_table_set
    system_gd32f1x0.o(i.system_clock_config) refers to system_gd32f1x0.o(i.system_clock_72m_irc8m) for system_clock_72m_irc8m
    gd32f1x0_adc.o(i.adc_deinit) refers to gd32f1x0_rcu.o(i.rcu_periph_reset_enable) for rcu_periph_reset_enable
    gd32f1x0_adc.o(i.adc_deinit) refers to gd32f1x0_rcu.o(i.rcu_periph_reset_disable) for rcu_periph_reset_disable
    gd32f1x0_cec.o(i.cec_deinit) refers to gd32f1x0_rcu.o(i.rcu_periph_reset_enable) for rcu_periph_reset_enable
    gd32f1x0_cec.o(i.cec_deinit) refers to gd32f1x0_rcu.o(i.rcu_periph_reset_disable) for rcu_periph_reset_disable
    gd32f1x0_dac.o(i.dac_deinit) refers to gd32f1x0_rcu.o(i.rcu_periph_reset_enable) for rcu_periph_reset_enable
    gd32f1x0_dac.o(i.dac_deinit) refers to gd32f1x0_rcu.o(i.rcu_periph_reset_disable) for rcu_periph_reset_disable
    gd32f1x0_dma.o(i.dma_init) refers to gd32f1x0_dma.o(i.dma_channel_disable) for dma_channel_disable
    gd32f1x0_fmc.o(i.fmc_halfword_program) refers to gd32f1x0_fmc.o(i.fmc_ready_wait) for fmc_ready_wait
    gd32f1x0_fmc.o(i.fmc_mass_erase) refers to gd32f1x0_fmc.o(i.fmc_ready_wait) for fmc_ready_wait
    gd32f1x0_fmc.o(i.fmc_page_erase) refers to gd32f1x0_fmc.o(i.fmc_ready_wait) for fmc_ready_wait
    gd32f1x0_fmc.o(i.fmc_ready_wait) refers to gd32f1x0_fmc.o(i.fmc_state_get) for fmc_state_get
    gd32f1x0_fmc.o(i.fmc_word_program) refers to gd32f1x0_fmc.o(i.fmc_ready_wait) for fmc_ready_wait
    gd32f1x0_fmc.o(i.ob_data_program) refers to gd32f1x0_fmc.o(i.ob_obstat_plevel_get) for ob_obstat_plevel_get
    gd32f1x0_fmc.o(i.ob_data_program) refers to gd32f1x0_fmc.o(i.fmc_ready_wait) for fmc_ready_wait
    gd32f1x0_fmc.o(i.ob_erase) refers to gd32f1x0_fmc.o(i.ob_obstat_plevel_get) for ob_obstat_plevel_get
    gd32f1x0_fmc.o(i.ob_erase) refers to gd32f1x0_fmc.o(i.fmc_ready_wait) for fmc_ready_wait
    gd32f1x0_fmc.o(i.ob_security_protection_config) refers to gd32f1x0_fmc.o(i.ob_obstat_plevel_get) for ob_obstat_plevel_get
    gd32f1x0_fmc.o(i.ob_security_protection_config) refers to gd32f1x0_fmc.o(i.fmc_ready_wait) for fmc_ready_wait
[...]
    ../clib/signal.c                         0x00000000   Number         0  defsig_rtred_inner.o ABSOLUTE
    ../clib/signal.c                         0x00000000   Number         0  defsig_fpe_inner.o ABSOLUTE
    ../clib/signal.c                         0x00000000   Number         0  defsig_abrt_inner.o ABSOLUTE
    ../clib/signal.c                         0x00000000   Number         0  defsig_other.o ABSOLUTE
    ../clib/signal.c                         0x00000000   Number         0  defsig_segv_inner.o ABSOLUTE
    ../clib/signal.c                         0x00000000   Number         0  defsig_rtmem_outer.o ABSOLUTE
    ../clib/signal.c                         0x00000000   Number         0  defsig_rtmem_formal.o ABSOLUTE
    ../clib/signal.s                         0x00000000   Number         0  defsig.o ABSOLUTE
    ../clib/stdlib.c                         0x00000000   Number         0  exit.o ABSOLUTE
    ../fplib/d2f.s                           0x00000000   Number         0  d2f.o ABSOLUTE
    ../fplib/daddsub.s                       0x00000000   Number         0  daddsub_clz.o ABSOLUTE
    ../fplib/dcmpi.s                         0x00000000   Number         0  dcmpi.o ABSOLUTE
    ../fplib/ddiv.s                          0x00000000   Number         0  ddiv.o ABSOLUTE
    ../fplib/dfixu.s                         0x00000000   Number         0  dfixu.o ABSOLUTE
    ../fplib/dflt.s                          0x00000000   Number         0  dflt_clz.o ABSOLUTE
    ../fplib/dleqf.s                         0x00000000   Number         0  dleqf.o ABSOLUTE
    ../fplib/dnaninf.s                       0x00000000   Number         0  dnaninf.o ABSOLUTE
    ../fplib/dretinf.s                       0x00000000   Number         0  dretinf.o ABSOLUTE
    ../fplib/f2d.s                           0x00000000   Number         0  f2d.o ABSOLUTE
    ../fplib/faddsub.s                       0x00000000   Number         0  faddsub_clz.o ABSOLUTE
    ../fplib/fcmpi.s                         0x00000000   Number         0  fcmpi.o ABSOLUTE
    ../fplib/fdiv.s                          0x00000000   Number         0  fdiv.o ABSOLUTE
    ../fplib/ffix.s                          0x00000000   Number         0  ffix.o ABSOLUTE
    ../fplib/ffixu.s                         0x00000000   Number         0  ffixu.o ABSOLUTE
    ../fplib/fflt.s                          0x00000000   Number         0  fflt_clz.o ABSOLUTE
    ../fplib/fleqf.s                         0x00000000   Number         0  fleqf.o ABSOLUTE
    ../fplib/fmul.s                          0x00000000   Number         0  fmul.o ABSOLUTE
    ../fplib/fnaninf.s                       0x00000000   Number         0  fnaninf.o ABSOLUTE
    ../fplib/fpinit.s                        0x00000000   Number         0  fpinit.o ABSOLUTE
    ../fplib/fretinf.s                       0x00000000   Number         0  fretinf.o ABSOLUTE
    ../fplib/frleqf.s                        0x00000000   Number         0  frleqf.o ABSOLUTE
    ../fplib/usenofp.s                       0x00000000   Number         0  usenofp.o ABSOLUTE
    ..\..\..\..\GD32F1x0_Firmware_Library\CMSIS\GD\GD32F1x0\Source\ARM\startup_gd32f1x0.s 0x00000000   Number         0  startup_gd32f1x0.o ABSOLUTE
    ..\..\..\..\GD32F1x0_Firmware_Library\CMSIS\GD\GD32F1x0\Source\system_gd32f1x0.c 0x00000000   Number         0  system_gd32f1x0.o ABSOLUTE
    ..\..\..\..\GD32F1x0_Firmware_Library\GD32F1x0_standard_peripheral\Source\gd32f1x0_adc.c 0x00000000   Number         0  gd32f1x0_adc.o ABSOLUTE
    ..\..\..\..\GD32F1x0_Firmware_Library\GD32F1x0_standard_peripheral\Source\gd32f1x0_can.c 0x00000000   Number         0  gd32f1x0_can.o ABSOLUTE
    ..\..\..\..\GD32F1x0_Firmware_Library\GD32F1x0_standard_peripheral\Source\gd32f1x0_cec.c 0x00000000   Number         0  gd32f1x0_cec.o ABSOLUTE
    ..\..\..\..\GD32F1x0_Firmware_Library\GD32F1x0_standard_peripheral\Source\gd32f1x0_cmp.c 0x00000000   Number         0  gd32f1x0_cmp.o ABSOLUTE
    ..\..\..\..\GD32F1x0_Firmware_Library\GD32F1x0_standard_peripheral\Source\gd32f1x0_crc.c 0x00000000   Number         0  gd32f1x0_crc.o ABSOLUTE
    ..\..\..\..\GD32F1x0_Firmware_Library\GD32F1x0_standard_peripheral\Source\gd32f1x0_dac.c 0x00000000   Number         0  gd32f1x0_dac.o ABSOLUTE
    ..\..\..\..\GD32F1x0_Firmware_Library\GD32F1x0_standard_peripheral\Source\gd32f1x0_dbg.c 0x00000000   Number         0  gd32f1x0_dbg.o ABSOLUTE
    ..\..\..\..\GD32F1x0_Firmware_Library\GD32F1x0_standard_peripheral\Source\gd32f1x0_dma.c 0x00000000   Number         0  gd32f1x0_dma.o ABSOLUTE
    ..\..\..\..\GD32F1x0_Firmware_Library\GD32F1x0_standard_peripheral\Source\gd32f1x0_exti.c 0x00000000   Number         0  gd32f1x0_exti.o ABSOLUTE
    ..\..\..\..\GD32F1x0_Firmware_Library\GD32F1x0_standard_peripheral\Source\gd32f1x0_fmc.c 0x00000000   Number         0  gd32f1x0_fmc.o ABSOLUTE
    ..\..\..\..\GD32F1x0_Firmware_Library\GD32F1x0_standard_peripheral\Source\gd32f1x0_fwdgt.c 0x00000000   Number         0  gd32f1x0_fwdgt.o ABSOLUTE
    ..\..\..\..\GD32F1x0_Firmware_Library\GD32F1x0_standard_peripheral\Source\gd32f1x0_gpio.c 0x00000000   Number         0  gd32f1x0_gpio.o ABSOLUTE
    ..\..\..\..\GD32F1x0_Firmware_Library\GD32F1x0_standard_peripheral\Source\gd32f1x0_i2c.c 0x00000000   Number         0  gd32f1x0_i2c.o ABSOLUTE
    ..\..\..\..\GD32F1x0_Firmware_Library\GD32F1x0_standard_peripheral\Source\gd32f1x0_ivref.c 0x00000000   Number         0  gd32f1x0_ivref.o ABSOLUTE
    ..\..\..\..\GD32F1x0_Firmware_Library\GD32F1x0_standard_peripheral\Source\gd32f1x0_misc.c 0x00000000   Number         0  gd32f1x0_misc.o ABSOLUTE
    ..\..\..\..\GD32F1x0_Firmware_Library\GD32F1x0_standard_peripheral\Source\gd32f1x0_opa.c 0x00000000   Number         0  gd32f1x0_opa.o ABSOLUTE
    ..\..\..\..\GD32F1x0_Firmware_Library\GD32F1x0_standard_peripheral\Source\gd32f1x0_pmu.c 0x00000000   Number         0  gd32f1x0_pmu.o ABSOLUTE
    ..\..\..\..\GD32F1x0_Firmware_Library\GD32F1x0_standard_peripheral\Source\gd32f1x0_rcu.c 0x00000000   Number         0  gd32f1x0_rcu.o ABSOLUTE
    ..\..\..\..\GD32F1x0_Firmware_Library\GD32F1x0_standard_peripheral\Source\gd32f1x0_rtc.c 0x00000000   Number         0  gd32f1x0_rtc.o ABSOLUTE
    ..\..\..\..\GD32F1x0_Firmware_Library\GD32F1x0_standard_peripheral\Source\gd32f1x0_slcd.c 0x00000000   Number         0  gd32f1x0_slcd.o ABSOLUTE
    ..\..\..\..\GD32F1x0_Firmware_Library\GD32F1x0_standard_peripheral\Source\gd32f1x0_spi.c 0x00000000   Number         0  gd32f1x0_spi.o ABSOLUTE
    ..\..\..\..\GD32F1x0_Firmware_Library\GD32F1x0_standard_peripheral\Source\gd32f1x0_syscfg.c 0x00000000   Number         0  gd32f1x0_syscfg.o ABSOLUTE
    ..\..\..\..\GD32F1x0_Firmware_Library\GD32F1x0_standard_peripheral\Source\gd32f1x0_timer.c 0x00000000   Number         0  gd32f1x0_timer.o ABSOLUTE
    ..\..\..\..\GD32F1x0_Firmware_Library\GD32F1x0_standard_peripheral\Source\gd32f1x0_tsi.c 0x00000000   Number         0  gd32f1x0_tsi.o ABSOLUTE
    ..\..\..\..\GD32F1x0_Firmware_Library\GD32F1x0_standard_peripheral\Source\gd32f1x0_usart.c 0x00000000   Number         0  gd32f1x0_usart.o ABSOLUTE
    ..\..\..\..\GD32F1x0_Firmware_Library\GD32F1x0_standard_peripheral\Source\gd32f1x0_wwdgt.c 0x00000000   Number         0  gd32f1x0_wwdgt.o ABSOLUTE
    ..\..\..\Utilities\gd32f130g_start.c     0x00000000   Number         0  gd32f130g_start.o ABSOLUTE
    ..\HARDWARE\RTC6705.c                    0x00000000   Number         0  rtc6705.o ABSOLUTE
    ..\HARDWARE\adc.c                        0x00000000   Number         0  adc.o ABSOLUTE
    ..\HARDWARE\led.c                        0x00000000   Number         0  led.o ABSOLUTE
    ..\HARDWARE\pid.c                        0x00000000   Number         0  pid.o ABSOLUTE
    ..\HARDWARE\pwm.c                        0x00000000   Number         0  pwm.o ABSOLUTE
    ..\HARDWARE\spi.c                        0x00000000   Number         0  spi.o ABSOLUTE
    ..\HARDWARE\uart.c                       0x00000000   Number         0  uart.o ABSOLUTE
    ..\SOFTWARE\SmartAudio.c                 0x00000000   Number         0  smartaudio.o ABSOLUTE
    ..\SOFTWARE\delay.c                      0x00000000   Number         0  delay.o ABSOLUTE
    ..\SOFTWARE\filter.c                     0x00000000   Number         0  filter.o ABSOLUTE
    ..\\..\\..\\..\\GD32F1x0_Firmware_Library\\CMSIS\\GD\\GD32F1x0\\Source\\system_gd32f1x0.c 0x00000000   Number         0  system_gd32f1x0.o ABSOLUTE
    ..\\..\\..\\..\\GD32F1x0_Firmware_Library\\GD32F1x0_standard_peripheral\\Source\\gd32f1x0_adc.c 0x00000000   Number         0  gd32f1x0_adc.o ABSOLUTE
    ..\\..\\..\\..\\GD32F1x0_Firmware_Library\\GD32F1x0_standard_peripheral\\Source\\gd32f1x0_cec.c 0x00000000   Number         0  gd32f1x0_cec.o ABSOLUTE
    ..\\..\\..\\..\\GD32F1x0_Firmware_Library\\GD32F1x0_standard_peripheral\\Source\\gd32f1x0_cmp.c 0x00000000   Number         0  gd32f1x0_cmp.o ABSOLUTE
    ..\\..\\..\\..\\GD32F1x0_Firmware_Library\\GD32F1x0_standard_peripheral\\Source\\gd32f1x0_crc.c 0x00000000   Number         0  gd32f1x0_crc.o ABSOLUTE
    ..\\..\\..\\..\\GD32F1x0_Firmware_Library\\GD32F1x0_standard_peripheral\\Source\\gd32f1x0_dac.c 0x00000000   Number         0  gd32f1x0_dac.o ABSOLUTE
    ..\\..\\..\\..\\GD32F1x0_Firmware_Library\\GD32F1x0_standard_peripheral\\Source\\gd32f1x0_dbg.c 0x00000000   Number         0  gd32f1x0_dbg.o ABSOLUTE
    ..\\..\\..\\..\\GD32F1x0_Firmware_Library\\GD32F1x0_standard_peripheral\\Source\\gd32f1x0_dma.c 0x00000000   Number         0  gd32f1x0_dma.o ABSOLUTE
    ..\\..\\..\\..\\GD32F1x0_Firmware_Library\\GD32F1x0_standard_peripheral\\Source\\gd32f1x0_exti.c 0x00000000   Number         0  gd32f1x0_exti.o ABSOLUTE
    ..\\..\\..\\..\\GD32F1x0_Firmware_Library\\GD32F1x0_standard_peripheral\\Source\\gd32f1x0_fmc.c 0x00000000   Number         0  gd32f1x0_fmc.o ABSOLUTE
    ..\\..\\..\\..\\GD32F1x0_Firmware_Library\\GD32F1x0_standard_peripheral\\Source\\gd32f1x0_fwdgt.c 0x00000000   Number         0  gd32f1x0_fwdgt.o ABSOLUTE
    ..\\..\\..\\..\\GD32F1x0_Firmware_Library\\GD32F1x0_standard_peripheral\\Source\\gd32f1x0_gpio.c 0x00000000   Number         0  gd32f1x0_gpio.o ABSOLUTE
    ..\\..\\..\\..\\GD32F1x0_Firmware_Library\\GD32F1x0_standard_peripheral\\Source\\gd32f1x0_i2c.c 0x00000000   Number         0  gd32f1x0_i2c.o ABSOLUTE
    ..\\..\\..\\..\\GD32F1x0_Firmware_Library\\GD32F1x0_standard_peripheral\\Source\\gd32f1x0_misc.c 0x00000000   Number         0  gd32f1x0_misc.o ABSOLUTE
    ..\\..\\..\\..\\GD32F1x0_Firmware_Library\\GD32F1x0_standard_peripheral\\Source\\gd32f1x0_pmu.c 0x00000000   Number         0  gd32f1x0_pmu.o ABSOLUTE
    ..\\..\\..\\..\\GD32F1x0_Firmware_Library\\GD32F1x0_standard_peripheral\\Source\\gd32f1x0_rcu.c 0x00000000   Number         0  gd32f1x0_rcu.o ABSOLUTE
    ..\\..\\..\\..\\GD32F1x0_Firmware_Library\\GD32F1x0_standard_peripheral\\Source\\gd32f1x0_rtc.c 0x00000000   Number         0  gd32f1x0_rtc.o ABSOLUTE
    ..\\..\\..\\..\\GD32F1x0_Firmware_Library\\GD32F1x0_standard_peripheral\\Source\\gd32f1x0_spi.c 0x00000000   Number         0  gd32f1x0_spi.o ABSOLUTE
    ..\\..\\..\\..\\GD32F1x0_Firmware_Library\\GD32F1x0_standard_peripheral\\Source\\gd32f1x0_syscfg.c 0x00000000   Number         0  gd32f1x0_syscfg.o ABSOLUTE
    ..\\..\\..\\..\\GD32F1x0_Firmware_Library\\GD32F1x0_standard_peripheral\\Source\\gd32f1x0_timer.c 0x00000000   Number         0  gd32f1x0_timer.o ABSOLUTE
    ..\\..\\..\\..\\GD32F1x0_Firmware_Library\\GD32F1x0_standard_peripheral\\Source\\gd32f1x0_tsi.c 0x00000000   Number         0  gd32f1x0_tsi.o ABSOLUTE
    ..\\..\\..\\..\\GD32F1x0_Firmware_Library\\GD32F1x0_standard_peripheral\\Source\\gd32f1x0_usart.c 0x00000000   Number         0  gd32f1x0_usart.o ABSOLUTE
    ..\\..\\..\\..\\GD32F1x0_Firmware_Library\\GD32F1x0_standard_peripheral\\Source\\gd32f1x0_wwdgt.c 0x00000000   Number         0  gd32f1x0_wwdgt.o ABSOLUTE
    ..\\..\\..\\Utilities\\gd32f130g_start.c 0x00000000   Number         0  gd32f130g_start.o ABSOLUTE
    ..\\HARDWARE\\RTC6705.c                  0x00000000   Number         0  rtc6705.o ABSOLUTE
    ..\\HARDWARE\\adc.c                      0x00000000   Number         0  adc.o ABSOLUTE
    ..\\HARDWARE\\led.c                      0x00000000   Number         0  led.o ABSOLUTE
    ..\\HARDWARE\\pwm.c                      0x00000000   Number         0  pwm.o ABSOLUTE
    ..\\HARDWARE\\spi.c                      0x00000000   Number         0  spi.o ABSOLUTE
    ..\\HARDWARE\\uart.c                     0x00000000   Number         0  uart.o ABSOLUTE
    ..\\SOFTWARE\\SmartAudio.c               0x00000000   Number         0  smartaudio.o ABSOLUTE
    ..\\SOFTWARE\\delay.c                    0x00000000   Number         0  delay.o ABSOLUTE
    ..\\SOFTWARE\\filter.c                   0x00000000   Number         0  filter.o ABSOLUTE
    ..\\gd32f1x0_it.c                        0x00000000   Number         0  gd32f1x0_it.o ABSOLUTE
    ..\\main.c                               0x00000000   Number         0  main.o ABSOLUTE
    ..\\systick.c                            0x00000000   Number         0  systick.o ABSOLUTE
    ..\gd32f1x0_it.c                         0x00000000   Number         0  gd32f1x0_it.o ABSOLUTE
    ..\main.c                                0x00000000   Number         0  main.o ABSOLUTE
    ..\systick.c                             0x00000000   Number         0  systick.o ABSOLUTE
    dc.s                                     0x00000000   Number         0  dc.o ABSOLUTE
    RESET                                    0x08000000   Section      360  startup_gd32f1x0.o(RESET)
    !!!main                                  0x08000168   Section        8  __main.o(!!!main)
    !!!scatter                               0x08000170   Section       52  __scatter.o(!!!scatter)
    !!dczerorl                               0x080001a4   Section       58  __dczerorl.o(!!dczerorl)
    !!handler_zi                             0x080001e0   Section       28  __scatter_zi.o(!!handler_zi)
    .ARM.Collect$$libinit$$00000000          0x080001fc   Section        2  libinit.o(.ARM.Collect$$libinit$$00000000)
    .ARM.Collect$$libinit$$00000002          0x080001fe   Section        0  libinit2.o(.ARM.Collect$$libinit$$00000002)
    .ARM.Collect$$libinit$$00000004          0x080001fe   Section        0  libinit2.o(.ARM.Collect$$libinit$$00000004)
    .ARM.Collect$$libinit$$0000000A          0x080001fe   Section        0  libinit2.o(.ARM.Collect$$libinit$$0000000A)
    .ARM.Collect$$libinit$$0000000C          0x080001fe   Section        0  libinit2.o(.ARM.Collect$$libinit$$0000000C)
    .ARM.Collect$$libinit$$0000000E          0x080001fe   Section        0  libinit2.o(.ARM.Collect$$libinit$$0000000E)
    .ARM.Collect$$libinit$$00000011          0x080001fe   Section        0  libinit2.o(.ARM.Collect$$libinit$$00000011)
    .ARM.Collect$$libinit$$00000013          0x080001fe   Section        0  libinit2.o(.ARM.Collect$$libinit$$00000013)
    .ARM.Collect$$libinit$$00000015          0x080001fe   Section        0  libinit2.o(.ARM.Collect$$libinit$$00000015)
    .ARM.Collect$$libinit$$00000017          0x080001fe   Section        0  libinit2.o(.ARM.Collect$$libinit$$00000017)
    .ARM.Collect$$libinit$$00000019          0x080001fe   Section        0  libinit2.o(.ARM.Collect$$libinit$$00000019)
    .ARM.Collect$$libinit$$0000001B          0x080001fe   Section        0  libinit2.o(.ARM.Collect$$libinit$$0000001B)
    .ARM.Collect$$libinit$$0000001D          0x080001fe   Section        0  libinit2.o(.ARM.Collect$$libinit$$0000001D)
    .ARM.Collect$$libinit$$0000001F          0x080001fe   Section        0  libinit2.o(.ARM.Collect$$libinit$$0000001F)
    .ARM.Collect$$libinit$$00000021          0x080001fe   Section        0  libinit2.o(.ARM.Collect$$libinit$$00000021)
    .ARM.Collect$$libinit$$00000023          0x080001fe   Section        0  libinit2.o(.ARM.Collect$$libinit$$00000023)
    .ARM.Collect$$libinit$$00000025          0x080001fe   Section        0  libinit2.o(.ARM.Collect$$libinit$$00000025)
    .ARM.Collect$$libinit$$0000002C          0x080001fe   Section        0  libinit2.o(.ARM.Collect$$libinit$$0000002C)
    .ARM.Collect$$libinit$$0000002E          0x080001fe   Section        0  libinit2.o(.ARM.Collect$$libinit$$0000002E)
    .ARM.Collect$$libinit$$00000030          0x080001fe   Section        0  libinit2.o(.ARM.Collect$$libinit$$00000030)
    .ARM.Collect$$libinit$$00000032          0x080001fe   Section        0  libinit2.o(.ARM.Collect$$libinit$$00000032)
    .ARM.Collect$$libinit$$00000033          0x080001fe   Section        2  libinit2.o(.ARM.Collect$$libinit$$00000033)
    .ARM.Collect$$libshutdown$$00000000      0x08000200   Section        2  libshutdown.o(.ARM.Collect$$libshutdown$$00000000)
    .ARM.Collect$$libshutdown$$00000002      0x08000202   Section        0  libshutdown2.o(.ARM.Collect$$libshutdown$$00000002)
    .ARM.Collect$$libshutdown$$00000004      0x08000202   Section        0  libshutdown2.o(.ARM.Collect$$libshutdown$$00000004)
    .ARM.Collect$$libshutdown$$00000007      0x08000202   Section        0  libshutdown2.o(.ARM.Collect$$libshutdown$$00000007)
    .ARM.Collect$$libshutdown$$0000000A      0x08000202   Section        0  libshutdown2.o(.ARM.Collect$$libshutdown$$0000000A)
    .ARM.Collect$$libshutdown$$0000000C      0x08000202   Section        0  libshutdown2.o(.ARM.Collect$$libshutdown$$0000000C)
    .ARM.Collect$$libshutdown$$0000000F      0x08000202   Section        0  libshutdown2.o(.ARM.Collect$$libshutdown$$0000000F)
    .ARM.Collect$$libshutdown$$00000010      0x08000202   Section        2  libshutdown2.o(.ARM.Collect$$libshutdown$$00000010)
    .ARM.Collect$$rtentry$$00000000          0x08000204   Section        0  __rtentry.o(.ARM.Collect$$rtentry$$00000000)
    .ARM.Collect$$rtentry$$00000002          0x08000204   Section        0  __rtentry2.o(.ARM.Collect$$rtentry$$00000002)
    .ARM.Collect$$rtentry$$00000004          0x08000204   Section        6  __rtentry4.o(.ARM.Collect$$rtentry$$00000004)
    .ARM.Collect$$rtentry$$00000009          0x0800020a   Section        0  __rtentry2.o(.ARM.Collect$$rtentry$$00000009)
    .ARM.Collect$$rtentry$$0000000A          0x0800020a   Section        4  __rtentry2.o(.ARM.Collect$$rtentry$$0000000A)
    .ARM.Collect$$rtentry$$0000000C          0x0800020e   Section        0  __rtentry2.o(.ARM.Collect$$rtentry$$0000000C)
    .ARM.Collect$$rtentry$$0000000D          0x0800020e   Section        8  __rtentry2.o(.ARM.Collect$$rtentry$$0000000D)
    .ARM.Collect$$rtexit$$00000000           0x08000216   Section        2  rtexit.o(.ARM.Collect$$rtexit$$00000000)
    .ARM.Collect$$rtexit$$00000002           0x08000218   Section        0  rtexit2.o(.ARM.Collect$$rtexit$$00000002)
    .ARM.Collect$$rtexit$$00000003           0x08000218   Section        4  rtexit2.o(.ARM.Collect$$rtexit$$00000003)
    .ARM.Collect$$rtexit$$00000004           0x0800021c   Section        6  rtexit2.o(.ARM.Collect$$rtexit$$00000004)
    .text                                    0x08000224   Section       64  startup_gd32f1x0.o(.text)
    .text                                    0x08000264   Section        0  heapauxi.o(.text)
    .text                                    0x0800026a   Section       74  sys_stackheap_outer.o(.text)
    .text                                    0x080002b4   Section        0  exit.o(.text)
    .text                                    0x080002c8   Section        8  libspace.o(.text)
    .text                                    0x080002d0   Section        0  sys_exit.o(.text)
    .text                                    0x080002dc   Section        2  use_no_semi.o(.text)
    .text                                    0x080002de   Section        0  indicate_semi.o(.text)
    i.BusFault_Handler                       0x080002de   Section        0  gd32f1x0_it.o(i.BusFault_Handler)
    i.Constrain                              0x080002e0   Section        0  filter.o(i.Constrain)
    i.DebugMon_Handler                       0x08000320   Section        0  gd32f1x0_it.o(i.DebugMon_Handler)
    i.Delay                                  0x08000322   Section        0  delay.o(i.Delay)
    i.HardFault_Handler                      0x0800032c   Section        0  gd32f1x0_it.o(i.HardFault_Handler)
    i.LED_Init                               0x0800032e   Section        0  led.o(i.LED_Init)
    i.LimitFilter                            0x08000364   Section        0  filter.o(i.LimitFilter)
    i.MemManage_Handler                      0x08000430   Section        0  gd32f1x0_it.o(i.MemManage_Handler)
    i.NMI_Handler                            0x08000432   Section        0  gd32f1x0_it.o(i.NMI_Handler)
    i.PA_Init                                0x08000434   Section        0  rtc6705.o(i.PA_Init)
    i.PendSV_Handler                         0x08000468   Section        0  gd32f1x0_it.o(i.PendSV_Handler)
    i.RTC6705_WriteREG                       0x0800046c   Section        0  rtc6705.o(i.RTC6705_WriteREG)
    i.SPI_Init                               0x08000570   Section        0  spi.o(i.SPI_Init)
    i.SVC_Handler                            0x080005c0   Section        0  gd32f1x0_it.o(i.SVC_Handler)
    i.SetFreq                                0x080005c4   Section        0  rtc6705.o(i.SetFreq)
    i.SmartAudio_VTX_PckTx                   0x080005f4   Section        0  smartaudio.o(i.SmartAudio_VTX_PckTx)
    i.SmartAudio_VTX_VerifyRx                0x080006e0   Section        0  smartaudio.o(i.SmartAudio_VTX_VerifyRx)
    i.SysTick_Handler                        0x08000760   Section        0  gd32f1x0_it.o(i.SysTick_Handler)
    i.SystemInit                             0x08000764   Section        0  system_gd32f1x0.o(i.SystemInit)
    i.TIM1_PWM_Init                          0x08000814   Section        0  pwm.o(i.TIM1_PWM_Init)
    i.TIM2_PWM_Init                          0x080008d8   Section        0  pwm.o(i.TIM2_PWM_Init)
    i.UART0_Init                             0x080009a0   Section        0  uart.o(i.UART0_Init)
    i.USART0_IRQHandler                      0x08000a78   Section        0  uart.o(i.USART0_IRQHandler)
    i.USART0_RestoreReceive                  0x08000b24   Section        0  uart.o(i.USART0_RestoreReceive)
    i.USART0_StopReceive                     0x08000b50   Section        0  uart.o(i.USART0_StopReceive)
    i.UsageFault_Handler                     0x08000b74   Section        0  gd32f1x0_it.o(i.UsageFault_Handler)
    i.Vpd_ADC_Init                           0x08000b76   Section        0  adc.o(i.Vpd_ADC_Init)
    i.adc_calibration_enable                 0x08000bd8   Section        0  gd32f1x0_adc.o(i.adc_calibration_enable)
    i.adc_channel_length_config              0x08000c00   Section        0  gd32f1x0_adc.o(i.adc_channel_length_config)
    i.adc_data_alignment_config              0x08000c48   Section        0  gd32f1x0_adc.o(i.adc_data_alignment_config)
    i.adc_enable                             0x08000c68   Section        0  gd32f1x0_adc.o(i.adc_enable)
    i.adc_external_trigger_config            0x08000c80   Section        0  gd32f1x0_adc.o(i.adc_external_trigger_config)
    i.adc_external_trigger_source_config     0x08000cc8   Section        0  gd32f1x0_adc.o(i.adc_external_trigger_source_config)
    i.adc_flag_clear                         0x08000cf8   Section        0  gd32f1x0_adc.o(i.adc_flag_clear)
    i.adc_flag_get                           0x08000d08   Section        0  gd32f1x0_adc.o(i.adc_flag_get)
    i.adc_regular_channel_config             0x08000d1c   Section        0  gd32f1x0_adc.o(i.adc_regular_channel_config)
    i.adc_regular_data_read                  0x08000dec   Section        0  gd32f1x0_adc.o(i.adc_regular_data_read)
    i.adc_software_trigger_enable            0x08000df8   Section        0  gd32f1x0_adc.o(i.adc_software_trigger_enable)
    i.crc8                                   0x08000e1c   Section        0  smartaudio.o(i.crc8)
    i.delay_decrement                        0x08000e48   Section        0  systick.o(i.delay_decrement)
    i.get_adc_ch                             0x08000e5c   Section        0  adc.o(i.get_adc_ch)
    i.gpio_af_set                            0x08000e86   Section        0  gd32f1x0_gpio.o(i.gpio_af_set)
    i.gpio_bit_reset                         0x08000eea   Section        0  gd32f1x0_gpio.o(i.gpio_bit_reset)
    i.gpio_bit_set                           0x08000eee   Section        0  gd32f1x0_gpio.o(i.gpio_bit_set)
    i.gpio_mode_set                          0x08000ef2   Section        0  gd32f1x0_gpio.o(i.gpio_mode_set)
    i.gpio_output_options_set                0x08000f40   Section        0  gd32f1x0_gpio.o(i.gpio_output_options_set)
    i.main                                   0x08000f88   Section        0  main.o(i.main)
    i.nvic_irq_enable                        0x080010a8   Section        0  gd32f1x0_misc.o(i.nvic_irq_enable)
    i.nvic_priority_group_set                0x08001144   Section        0  gd32f1x0_misc.o(i.nvic_priority_group_set)
    i.nvic_vector_table_set                  0x08001158   Section        0  gd32f1x0_misc.o(i.nvic_vector_table_set)
    i.pid_control                            0x08001170   Section        0  pid.o(i.pid_control)
    i.rcu_adc_clock_config                   0x080011cc   Section        0  gd32f1x0_rcu.o(i.rcu_adc_clock_config)
    i.rcu_clock_freq_get                     0x08001240   Section        0  gd32f1x0_rcu.o(i.rcu_clock_freq_get)
    i.rcu_periph_clock_enable                0x080013f4   Section        0  gd32f1x0_rcu.o(i.rcu_periph_clock_enable)
    i.rcu_periph_reset_disable               0x08001410   Section        0  gd32f1x0_rcu.o(i.rcu_periph_reset_disable)
    i.rcu_periph_reset_enable                0x0800142e   Section        0  gd32f1x0_rcu.o(i.rcu_periph_reset_enable)
    i.system_clock_72m_irc8m                 0x0800144c   Section        0  system_gd32f1x0.o(i.system_clock_72m_irc8m)
    system_clock_72m_irc8m                   0x0800144d   Thumb Code    80  system_gd32f1x0.o(i.system_clock_72m_irc8m)
    i.system_clock_config                    0x080014a0   Section        0  system_gd32f1x0.o(i.system_clock_config)
    system_clock_config                      0x080014a1   Thumb Code     4  system_gd32f1x0.o(i.system_clock_config)
    i.systick_config                         0x080014a4   Section        0  systick.o(i.systick_config)
    i.timer_auto_reload_shadow_enable        0x080014e8   Section        0  gd32f1x0_timer.o(i.timer_auto_reload_shadow_enable)
    i.timer_channel_output_config            0x080014f4   Section        0  gd32f1x0_timer.o(i.timer_channel_output_config)
    i.timer_channel_output_mode_config       0x080016fc   Section        0  gd32f1x0_timer.o(i.timer_channel_output_mode_config)
    i.timer_channel_output_pulse_value_config 0x08001750   Section        0  gd32f1x0_timer.o(i.timer_channel_output_pulse_value_config)
    i.timer_channel_output_shadow_config     0x08001770   Section        0  gd32f1x0_timer.o(i.timer_channel_output_shadow_config)
    i.timer_deinit                           0x080017c4   Section        0  gd32f1x0_timer.o(i.timer_deinit)
    i.timer_enable                           0x080018a4   Section        0  gd32f1x0_timer.o(i.timer_enable)
    i.timer_init                             0x080018b0   Section        0  gd32f1x0_timer.o(i.timer_init)
    i.usart0_data_send                       0x08001968   Section        0  uart.o(i.usart0_data_send)
    i.usart_baudrate_set                     0x0800199c   Section        0  gd32f1x0_usart.o(i.usart_baudrate_set)
    i.usart_clock_disable                    0x080019f8   Section        0  gd32f1x0_usart.o(i.usart_clock_disable)
    i.usart_data_receive                     0x08001a0a   Section        0  gd32f1x0_usart.o(i.usart_data_receive)
    i.usart_data_transmit                    0x08001a12   Section        0  gd32f1x0_usart.o(i.usart_data_transmit)
    i.usart_deinit                           0x08001a1a   Section        0  gd32f1x0_usart.o(i.usart_deinit)
    i.usart_enable                           0x08001a56   Section        0  gd32f1x0_usart.o(i.usart_enable)
    i.usart_flag_get                         0x08001a60   Section        0  gd32f1x0_usart.o(i.usart_flag_get)
    i.usart_halfduplex_enable                0x08001a7c   Section        0  gd32f1x0_usart.o(i.usart_halfduplex_enable)
    i.usart_hardware_flow_cts_config         0x08001a8e   Section        0  gd32f1x0_usart.o(i.usart_hardware_flow_cts_config)
    i.usart_hardware_flow_rts_config         0x08001aa6   Section        0  gd32f1x0_usart.o(i.usart_hardware_flow_rts_config)
    i.usart_interrupt_disable                0x08001abe   Section        0  gd32f1x0_usart.o(i.usart_interrupt_disable)
    i.usart_interrupt_enable                 0x08001ad6   Section        0  gd32f1x0_usart.o(i.usart_interrupt_enable)
    i.usart_interrupt_flag_clear             0x08001aec   Section        0  gd32f1x0_usart.o(i.usart_interrupt_flag_clear)
    i.usart_interrupt_flag_get               0x08001afe   Section        0  gd32f1x0_usart.o(i.usart_interrupt_flag_get)
    i.usart_irda_mode_disable                0x08001b30   Section        0  gd32f1x0_usart.o(i.usart_irda_mode_disable)
    i.usart_lin_mode_disable                 0x08001b42   Section        0  gd32f1x0_usart.o(i.usart_lin_mode_disable)
    i.usart_parity_config                    0x08001b54   Section        0  gd32f1x0_usart.o(i.usart_parity_config)
    i.usart_receive_config                   0x08001b6c   Section        0  gd32f1x0_usart.o(i.usart_receive_config)
    i.usart_smartcard_mode_disable           0x08001b7c   Section        0  gd32f1x0_usart.o(i.usart_smartcard_mode_disable)
    i.usart_stop_bit_set                     0x08001b8e   Section        0  gd32f1x0_usart.o(i.usart_stop_bit_set)
    i.usart_transmit_config                  0x08001ba6   Section        0  gd32f1x0_usart.o(i.usart_transmit_config)
    i.usart_word_length_set                  0x08001bb6   Section        0  gd32f1x0_usart.o(i.usart_word_length_set)
    x$fpl$d2f                                0x08001bd0   Section       98  d2f.o(x$fpl$d2f)
    x$fpl$dadd                               0x08001c34   Section      336  daddsub_clz.o(x$fpl$dadd)
    _dadd1                                   0x08001c45   Thumb Code     0  daddsub_clz.o(x$fpl$dadd)
    x$fpl$dcmpinf                            0x08001d84   Section       24  dcmpi.o(x$fpl$dcmpinf)
    x$fpl$ddiv                               0x08001d9c   Section      688  ddiv.o(x$fpl$ddiv)
    ddiv_entry                               0x08001da3   Thumb Code     0  ddiv.o(x$fpl$ddiv)
    x$fpl$dfixu                              0x0800204c   Section       90  dfixu.o(x$fpl$dfixu)
    x$fpl$dfltu                              0x080020a6   Section       38  dflt_clz.o(x$fpl$dfltu)
    x$fpl$dleqf                              0x080020cc   Section      120  dleqf.o(x$fpl$dleqf)
    x$fpl$dnaninf                            0x08002144   Section      156  dnaninf.o(x$fpl$dnaninf)
    x$fpl$dretinf                            0x080021e0   Section       12  dretinf.o(x$fpl$dretinf)
    x$fpl$dsub                               0x080021ec   Section      468  daddsub_clz.o(x$fpl$dsub)
    _dsub1                                   0x080021fd   Thumb Code     0  daddsub_clz.o(x$fpl$dsub)
    x$fpl$f2d                                0x080023c0   Section       86  f2d.o(x$fpl$f2d)
    x$fpl$fadd                               0x08002418   Section      196  faddsub_clz.o(x$fpl$fadd)
    _fadd1                                   0x08002427   Thumb Code     0  faddsub_clz.o(x$fpl$fadd)
    x$fpl$fcmpinf                            0x080024dc   Section       24  fcmpi.o(x$fpl$fcmpinf)
    x$fpl$fdiv                               0x080024f4   Section      388  fdiv.o(x$fpl$fdiv)
    _fdiv1                                   0x080024f5   Thumb Code     0  fdiv.o(x$fpl$fdiv)
    x$fpl$ffix                               0x08002678   Section       54  ffix.o(x$fpl$ffix)
    x$fpl$ffixu                              0x080026b0   Section       62  ffixu.o(x$fpl$ffixu)
    x$fpl$fflt                               0x080026f0   Section       48  fflt_clz.o(x$fpl$fflt)
    x$fpl$ffltu                              0x08002720   Section       38  fflt_clz.o(x$fpl$ffltu)
    x$fpl$fleqf                              0x08002748   Section      104  fleqf.o(x$fpl$fleqf)
    x$fpl$fmul                               0x080027b0   Section      258  fmul.o(x$fpl$fmul)
    x$fpl$fnaninf                            0x080028b2   Section      140  fnaninf.o(x$fpl$fnaninf)
    x$fpl$fretinf                            0x0800293e   Section       10  fretinf.o(x$fpl$fretinf)
    x$fpl$frleqf                             0x08002948   Section       98  frleqf.o(x$fpl$frleqf)
    x$fpl$frsb                               0x080029aa   Section       20  faddsub_clz.o(x$fpl$frsb)
    x$fpl$fsub                               0x080029c0   Section      234  faddsub_clz.o(x$fpl$fsub)
    _fsub1                                   0x080029cf   Thumb Code     0  faddsub_clz.o(x$fpl$fsub)
    x$fpl$usenofp                            0x08002aaa   Section        0  usenofp.o(x$fpl$usenofp)
    .data                                    0x20000000   Section        4  systick.o(.data)
    delay                                    0x20000000   Data           4  systick.o(.data)
    .data                                    0x20000004   Section       16  main.o(.data)
    .data                                    0x20000014   Section        2  main.o(.data)
    .data                                    0x20000018   Section        4  system_gd32f1x0.o(.data)
    .data                                    0x2000001c   Section       12  pid.o(.data)
    .data                                    0x20000028   Section        2  uart.o(.data)
    .data                                    0x2000002c   Section        8  filter.o(.data)
    flag                                     0x2000002c   Data           1  filter.o(.data)
    previous_output                          0x20000030   Data           4  filter.o(.data)
    .data                                    0x20000034   Section      256  smartaudio.o(.data)
    .bss                                     0x20000134   Section       40  uart.o(.bss)
    .bss                                     0x2000015c   Section       10  smartaudio.o(.bss)
    .bss                                     0x20000168   Section       96  libspace.o(.bss)
    HEAP                                     0x200001c8   Section     1024  startup_gd32f1x0.o(HEAP)
    Heap_Mem                                 0x200001c8   Data        1024  startup_gd32f1x0.o(HEAP)
    STACK                                    0x200005c8   Section     1024  startup_gd32f1x0.o(STACK)
    Stack_Mem                                0x200005c8   Data        1024  startup_gd32f1x0.o(STACK)
    __initial_sp                             0x200009c8   Data           0  startup_gd32f1x0.o(STACK)

    Global Symbols

    Symbol Name                              Value     Ov Type        Size  Object(Section)

    BuildAttributes$$THM_ISAv4$P$D$K$B$S$PE$A:L22UL41UL21$X:L11$S22US41US21$IEEE1$IW$USESV6$~STKCKD$USESV7$~SHL$OTIME$ROPI$EBA8$UX$STANDARDLIB$REQ8$PRES8$EABIv2 0x00000000   Number         0  anon$$obj.o ABSOLUTE
    __ARM_use_no_argv                        0x00000000   Number         0  main.o ABSOLUTE
    __ARM_exceptions_init                     - Undefined Weak Reference
    __alloca_initialize                       - Undefined Weak Reference
    __arm_preinit_                            - Undefined Weak Reference
    __cpp_initialize__aeabi_                  - Undefined Weak Reference
    __cxa_finalize                            - Undefined Weak Reference
    __rt_locale                               - Undefined Weak Reference
    __sigvec_lookup                           - Undefined Weak Reference
    _atexit_init                              - Undefined Weak Reference
    _call_atexit_fns                          - Undefined Weak Reference
    _clock_init                               - Undefined Weak Reference
    _fp_trap_init                             - Undefined Weak Reference
    _fp_trap_shutdown                         - Undefined Weak Reference
    _get_lc_collate                           - Undefined Weak Reference
    _get_lc_ctype                             - Undefined Weak Reference
    _get_lc_monetary                          - Undefined Weak Reference
    _get_lc_numeric                           - Undefined Weak Reference
    _get_lc_time                              - Undefined Weak Reference
    _getenv_init                              - Undefined Weak Reference
    _handle_redirection                       - Undefined Weak Reference
    _init_alloc                               - Undefined Weak Reference
    _init_user_alloc                          - Undefined Weak Reference
    _initio                                   - Undefined Weak Reference
    _rand_init                                - Undefined Weak Reference
    _signal_finish                            - Undefined Weak Reference
    _signal_init                              - Undefined Weak Reference
    _terminate_alloc                          - Undefined Weak Reference
    _terminate_user_alloc                     - Undefined Weak Reference
    _terminateio                              - Undefined Weak Reference
    __Vectors_Size                           0x00000168   Number         0  startup_gd32f1x0.o ABSOLUTE
    __Vectors                                0x08000000   Data           4  startup_gd32f1x0.o(RESET)
    __Vectors_End                            0x08000168   Data           0  startup_gd32f1x0.o(RESET)
    __main                                   0x08000169   Thumb Code     8  __main.o(!!!main)
    __scatterload                            0x08000171   Thumb Code     0  __scatter.o(!!!scatter)
    __scatterload_rt2                        0x08000171   Thumb Code    44  __scatter.o(!!!scatter)
    __scatterload_rt2_thumb_only             0x08000171   Thumb Code     0  __scatter.o(!!!scatter)
    __scatterload_null                       0x0800017f   Thumb Code     0  __scatter.o(!!!scatter)
    __decompress                             0x080001a5   Thumb Code    58  __dczerorl.o(!!dczerorl)
    __decompress0                            0x080001a5   Thumb Code     0  __dczerorl.o(!!dczerorl)
    __scatterload_zeroinit                   0x080001e1   Thumb Code    28  __scatter_zi.o(!!handler_zi)
    __rt_lib_init                            0x080001fd   Thumb Code     0  libinit.o(.ARM.Collect$$libinit$$00000000)
    __rt_lib_init_alloca_1                   0x080001ff   Thumb Code     0  libinit2.o(.ARM.Collect$$libinit$$0000002E)
    __rt_lib_init_argv_1                     0x080001ff   Thumb Code     0  libinit2.o(.ARM.Collect$$libinit$$0000002C)
    __rt_lib_init_atexit_1                   0x080001ff   Thumb Code     0  libinit2.o(.ARM.Collect$$libinit$$0000001B)
    __rt_lib_init_clock_1                    0x080001ff   Thumb Code     0  libinit2.o(.ARM.Collect$$libinit$$00000021)
    __rt_lib_init_cpp_1                      0x080001ff   Thumb Code     0  libinit2.o(.ARM.Collect$$libinit$$00000032)
    __rt_lib_init_exceptions_1               0x080001ff   Thumb Code     0  libinit2.o(.ARM.Collect$$libinit$$00000030)
    __rt_lib_init_fp_1                       0x080001ff   Thumb Code     0  libinit2.o(.ARM.Collect$$libinit$$00000002)
    __rt_lib_init_fp_trap_1                  0x080001ff   Thumb Code     0  libinit2.o(.ARM.Collect$$libinit$$0000001F)
    __rt_lib_init_getenv_1                   0x080001ff   Thumb Code     0  libinit2.o(.ARM.Collect$$libinit$$00000023)
    __rt_lib_init_heap_1                     0x080001ff   Thumb Code     0  libinit2.o(.ARM.Collect$$libinit$$0000000A)
    __rt_lib_init_lc_collate_1               0x080001ff   Thumb Code     0  libinit2.o(.ARM.Collect$$libinit$$00000011)
    __rt_lib_init_lc_ctype_1                 0x080001ff   Thumb Code     0  libinit2.o(.ARM.Collect$$libinit$$00000013)
    __rt_lib_init_lc_monetary_1              0x080001ff   Thumb Code     0  libinit2.o(.ARM.Collect$$libinit$$00000015)
    __rt_lib_init_lc_numeric_1               0x080001ff   Thumb Code     0  libinit2.o(.ARM.Collect$$libinit$$00000017)
    __rt_lib_init_lc_time_1                  0x080001ff   Thumb Code     0  libinit2.o(.ARM.Collect$$libinit$$00000019)
    __rt_lib_init_preinit_1                  0x080001ff   Thumb Code     0  libinit2.o(.ARM.Collect$$libinit$$00000004)
    __rt_lib_init_rand_1                     0x080001ff   Thumb Code     0  libinit2.o(.ARM.Collect$$libinit$$0000000E)
    __rt_lib_init_return                     0x080001ff   Thumb Code     0  libinit2.o(.ARM.Collect$$libinit$$00000033)
    __rt_lib_init_signal_1                   0x080001ff   Thumb Code     0  libinit2.o(.ARM.Collect$$libinit$$0000001D)
    __rt_lib_init_stdio_1                    0x080001ff   Thumb Code     0  libinit2.o(.ARM.Collect$$libinit$$00000025)
    __rt_lib_init_user_alloc_1               0x080001ff   Thumb Code     0  libinit2.o(.ARM.Collect$$libinit$$0000000C)
    __rt_lib_shutdown                        0x08000201   Thumb Code     0  libshutdown.o(.ARM.Collect$$libshutdown$$00000000)
    __rt_lib_shutdown_cpp_1                  0x08000203   Thumb Code     0  libshutdown2.o(.ARM.Collect$$libshutdown$$00000002)
    __rt_lib_shutdown_fp_trap_1              0x08000203   Thumb Code     0  libshutdown2.o(.ARM.Collect$$libshutdown$$00000007)
    __rt_lib_shutdown_heap_1                 0x08000203   Thumb Code     0  libshutdown2.o(.ARM.Collect$$libshutdown$$0000000F)
    __rt_lib_shutdown_return                 0x08000203   Thumb Code     0  libshutdown2.o(.ARM.Collect$$libshutdown$$00000010)
    __rt_lib_shutdown_signal_1               0x08000203   Thumb Code     0  libshutdown2.o(.ARM.Collect$$libshutdown$$0000000A)
    __rt_lib_shutdown_stdio_1                0x08000203   Thumb Code     0  libshutdown2.o(.ARM.Collect$$libshutdown$$00000004)
    __rt_lib_shutdown_user_alloc_1           0x08000203   Thumb Code     0  libshutdown2.o(.ARM.Collect$$libshutdown$$0000000C)
    __rt_entry                               0x08000205   Thumb Code     0  __rtentry.o(.ARM.Collect$$rtentry$$00000000)
    __rt_entry_presh_1                       0x08000205   Thumb Code     0  __rtentry2.o(.ARM.Collect$$rtentry$$00000002)
    __rt_entry_sh                            0x08000205   Thumb Code     0  __rtentry4.o(.ARM.Collect$$rtentry$$00000004)
    __rt_entry_li                            0x0800020b   Thumb Code     0  __rtentry2.o(.ARM.Collect$$rtentry$$0000000A)
    __rt_entry_postsh_1                      0x0800020b   Thumb Code     0  __rtentry2.o(.ARM.Collect$$rtentry$$00000009)
    __rt_entry_main                          0x0800020f   Thumb Code     0  __rtentry2.o(.ARM.Collect$$rtentry$$0000000D)
    __rt_entry_postli_1                      0x0800020f   Thumb Code     0  __rtentry2.o(.ARM.Collect$$rtentry$$0000000C)
    __rt_exit                                0x08000217   Thumb Code     0  rtexit.o(.ARM.Collect$$rtexit$$00000000)
    __rt_exit_ls                             0x08000219   Thumb Code     0  rtexit2.o(.ARM.Collect$$rtexit$$00000003)
    __rt_exit_prels_1                        0x08000219   Thumb Code     0  rtexit2.o(.ARM.Collect$$rtexit$$00000002)
    __rt_exit_exit                           0x0800021d   Thumb Code     0  rtexit2.o(.ARM.Collect$$rtexit$$00000004)
    Reset_Handler                            0x08000225   Thumb Code     8  startup_gd32f1x0.o(.text)
    ADC_CMP_IRQHandler                       0x0800023f   Thumb Code     0  startup_gd32f1x0.o(.text)
    CAN0_RX0_IRQHandler                      0x0800023f   Thumb Code     0  startup_gd32f1x0.o(.text)
    CAN0_RX1_IRQHandler                      0x0800023f   Thumb Code     0  startup_gd32f1x0.o(.text)
    CAN0_SCE_IRQHandler                      0x0800023f   Thumb Code     0  startup_gd32f1x0.o(.text)
    CAN0_TX_IRQHandler                       0x0800023f   Thumb Code     0  startup_gd32f1x0.o(.text)
    CAN1_RX0_IRQHandler                      0x0800023f   Thumb Code     0  startup_gd32f1x0.o(.text)
    CAN1_RX1_IRQHandler                      0x0800023f   Thumb Code     0  startup_gd32f1x0.o(.text)
    CAN1_SCE_IRQHandler                      0x0800023f   Thumb Code     0  startup_gd32f1x0.o(.text)
    CAN1_TX_IRQHandler                       0x0800023f   Thumb Code     0  startup_gd32f1x0.o(.text)
    CEC_IRQHandler                           0x0800023f   Thumb Code     0  startup_gd32f1x0.o(.text)
    DMA_Channel0_IRQHandler                  0x0800023f   Thumb Code     0  startup_gd32f1x0.o(.text)
    DMA_Channel1_2_IRQHandler                0x0800023f   Thumb Code     0  startup_gd32f1x0.o(.text)
    DMA_Channel3_4_IRQHandler                0x0800023f   Thumb Code     0  startup_gd32f1x0.o(.text)
    DMA_Channel5_6_IRQHandler                0x0800023f   Thumb Code     0  startup_gd32f1x0.o(.text)
    EXTI0_1_IRQHandler                       0x0800023f   Thumb Code     0  startup_gd32f1x0.o(.text)
    EXTI2_3_IRQHandler                       0x0800023f   Thumb Code     0  startup_gd32f1x0.o(.text)
    EXTI4_15_IRQHandler                      0x0800023f   Thumb Code     0  startup_gd32f1x0.o(.text)
    FMC_IRQHandler                           0x0800023f   Thumb Code     0  startup_gd32f1x0.o(.text)
    I2C0_ER_IRQHandler                       0x0800023f   Thumb Code     0  startup_gd32f1x0.o(.text)
    I2C0_EV_IRQHandler                       0x0800023f   Thumb Code     0  startup_gd32f1x0.o(.text)
    I2C1_ER_IRQHandler                       0x0800023f   Thumb Code     0  startup_gd32f1x0.o(.text)
    I2C1_EV_IRQHandler                       0x0800023f   Thumb Code     0  startup_gd32f1x0.o(.text)
    I2C2_ER_IRQHandler                       0x0800023f   Thumb Code     0  startup_gd32f1x0.o(.text)
    I2C2_EV_IRQHandler                       0x0800023f   Thumb Code     0  startup_gd32f1x0.o(.text)
    LVD_IRQHandler                           0x0800023f   Thumb Code     0  startup_gd32f1x0.o(.text)
    RCU_IRQHandler                           0x0800023f   Thumb Code     0  startup_gd32f1x0.o(.text)
    RTC_IRQHandler                           0x0800023f   Thumb Code     0  startup_gd32f1x0.o(.text)
    SLCD_IRQHandler                          0x0800023f   Thumb Code     0  startup_gd32f1x0.o(.text)
    SPI0_IRQHandler                          0x0800023f   Thumb Code     0  startup_gd32f1x0.o(.text)
    SPI1_IRQHandler                          0x0800023f   Thumb Code     0  startup_gd32f1x0.o(.text)
    SPI2_IRQHandler                          0x0800023f   Thumb Code     0  startup_gd32f1x0.o(.text)
    TIMER0_BRK_UP_TRG_COM_IRQHandler         0x0800023f   Thumb Code     0  startup_gd32f1x0.o(.text)
    TIMER0_Channel_IRQHandler                0x0800023f   Thumb Code     0  startup_gd32f1x0.o(.text)
    TIMER13_IRQHandler                       0x0800023f   Thumb Code     0  startup_gd32f1x0.o(.text)
    TIMER14_IRQHandler                       0x0800023f   Thumb Code     0  startup_gd32f1x0.o(.text)
    TIMER15_IRQHandler                       0x0800023f   Thumb Code     0  startup_gd32f1x0.o(.text)
    TIMER16_IRQHandler                       0x0800023f   Thumb Code     0  startup_gd32f1x0.o(.text)
    TIMER1_IRQHandler                        0x0800023f   Thumb Code     0  startup_gd32f1x0.o(.text)
    TIMER2_IRQHandler                        0x0800023f   Thumb Code     0  startup_gd32f1x0.o(.text)
    TIMER5_DAC_IRQHandler                    0x0800023f   Thumb Code     0  startup_gd32f1x0.o(.text)
    TSI_IRQHandler                           0x0800023f   Thumb Code     0  startup_gd32f1x0.o(.text)
    USART1_IRQHandler                        0x0800023f   Thumb Code     0  startup_gd32f1x0.o(.text)
    USBDWakeUp_IRQHandler                    0x0800023f   Thumb Code     0  startup_gd32f1x0.o(.text)
    USBD_HP_IRQHandler                       0x0800023f   Thumb Code     0  startup_gd32f1x0.o(.text)
    USBD_LP_IRQHandler                       0x0800023f   Thumb Code     0  startup_gd32f1x0.o(.text)
    WWDGT_IRQHandler                         0x0800023f   Thumb Code     0  startup_gd32f1x0.o(.text)
    __user_initial_stackheap                 0x08000241   Thumb Code    10  startup_gd32f1x0.o(.text)
    __use_two_region_memory                  0x08000265   Thumb Code     2  heapauxi.o(.text)
    __rt_heap_escrow$2region                 0x08000267   Thumb Code     2  heapauxi.o(.text)
    __rt_heap_expand$2region                 0x08000269   Thumb Code     2  heapauxi.o(.text)
    __user_setup_stackheap                   0x0800026b   Thumb Code    74  sys_stackheap_outer.o(.text)
    exit                                     0x080002b5   Thumb Code    18  exit.o(.text)
    __user_libspace                          0x080002c9   Thumb Code     8  libspace.o(.text)
    __user_perproc_libspace                  0x080002c9   Thumb Code     0  libspace.o(.text)
    __user_perthread_libspace                0x080002c9   Thumb Code     0  libspace.o(.text)
    _sys_exit                                0x080002d1   Thumb Code     8  sys_exit.o(.text)
    __I$use$semihosting                      0x080002dd   Thumb Code     0  use_no_semi.o(.text)
    __use_no_semihosting_swi                 0x080002dd   Thumb Code     2  use_no_semi.o(.text)
    BusFault_Handler                         0x080002df   Thumb Code     2  gd32f1x0_it.o(i.BusFault_Handler)
    __semihosting_library_function           0x080002df   Thumb Code     0  indicate_semi.o(.text)
    Constrain                                0x080002e1   Thumb Code    64  filter.o(i.Constrain)
    DebugMon_Handler                         0x08000321   Thumb Code     2  gd32f1x0_it.o(i.DebugMon_Handler)
    Delay                                    0x08000323   Thumb Code    10  delay.o(i.Delay)
    HardFault_Handler                        0x0800032d   Thumb Code     2  gd32f1x0_it.o(i.HardFault_Handler)
    LED_Init                                 0x0800032f   Thumb Code    52  led.o(i.LED_Init)
    LimitFilter                              0x08000365   Thumb Code   194  filter.o(i.LimitFilter)
    MemManage_Handler                        0x08000431   Thumb Code     2  gd32f1x0_it.o(i.MemManage_Handler)
    NMI_Handler                              0x08000433   Thumb Code     2  gd32f1x0_it.o(i.NMI_Handler)
    PA_Init                                  0x08000435   Thumb Code    52  rtc6705.o(i.PA_Init)
    PendSV_Handler                           0x08000469   Thumb Code     2  gd32f1x0_it.o(i.PendSV_Handler)
    RTC6705_WriteREG                         0x0800046d   Thumb Code   256  rtc6705.o(i.RTC6705_WriteREG)
    SPI_Init                                 0x08000571   Thumb Code    76  spi.o(i.SPI_Init)
    SVC_Handler                              0x080005c1   Thumb Code     2  gd32f1x0_it.o(i.SVC_Handler)
    SetFreq                                  0x080005c5   Thumb Code    40  rtc6705.o(i.SetFreq)
    SmartAudio_VTX_PckTx                     0x080005f5   Thumb Code   232  smartaudio.o(i.SmartAudio_VTX_PckTx)
    SmartAudio_VTX_VerifyRx                  0x080006e1   Thumb Code   122  smartaudio.o(i.SmartAudio_VTX_VerifyRx)
    SysTick_Handler                          0x08000761   Thumb Code     4  gd32f1x0_it.o(i.SysTick_Handler)
    SystemInit                               0x08000765   Thumb Code   166  system_gd32f1x0.o(i.SystemInit)
    TIM1_PWM_Init                            0x08000815   Thumb Code   196  pwm.o(i.TIM1_PWM_Init)
    TIM2_PWM_Init                            0x080008d9   Thumb Code   190  pwm.o(i.TIM2_PWM_Init)
    UART0_Init                               0x080009a1   Thumb Code   212  uart.o(i.UART0_Init)
    USART0_IRQHandler                        0x08000a79   Thumb Code   136  uart.o(i.USART0_IRQHandler)
    USART0_RestoreReceive                    0x08000b25   Thumb Code    40  uart.o(i.USART0_RestoreReceive)
    USART0_StopReceive                       0x08000b51   Thumb Code    32  uart.o(i.USART0_StopReceive)
    UsageFault_Handler                       0x08000b75   Thumb Code     2  gd32f1x0_it.o(i.UsageFault_Handler)
    Vpd_ADC_Init                             0x08000b77   Thumb Code    96  adc.o(i.Vpd_ADC_Init)
    adc_calibration_enable                   0x08000bd9   Thumb Code    36  gd32f1x0_adc.o(i.adc_calibration_enable)
    adc_channel_length_config                0x08000c01   Thumb Code    62  gd32f1x0_adc.o(i.adc_channel_length_config)
    adc_data_alignment_config                0x08000c49   Thumb Code    26  gd32f1x0_adc.o(i.adc_data_alignment_config)
    adc_enable                               0x08000c69   Thumb Code    20  gd32f1x0_adc.o(i.adc_enable)
    adc_external_trigger_config              0x08000c81   Thumb Code    66  gd32f1x0_adc.o(i.adc_external_trigger_config)
    adc_external_trigger_source_config       0x08000cc9   Thumb Code    42  gd32f1x0_adc.o(i.adc_external_trigger_source_config)
    adc_flag_clear                           0x08000cf9   Thumb Code    12  gd32f1x0_adc.o(i.adc_flag_clear)
    adc_flag_get                             0x08000d09   Thumb Code    16  gd32f1x0_adc.o(i.adc_flag_get)
    adc_regular_channel_config               0x08000d1d   Thumb Code   186  gd32f1x0_adc.o(i.adc_regular_channel_config)
    adc_regular_data_read                    0x08000ded   Thumb Code     8  gd32f1x0_adc.o(i.adc_regular_data_read)
    adc_software_trigger_enable              0x08000df9   Thumb Code    32  gd32f1x0_adc.o(i.adc_software_trigger_enable)
    crc8                                     0x08000e1d   Thumb Code    38  smartaudio.o(i.crc8)
    delay_decrement                          0x08000e49   Thumb Code    16  systick.o(i.delay_decrement)
    get_adc_ch                               0x08000e5d   Thumb Code    42  adc.o(i.get_adc_ch)
    gpio_af_set                              0x08000e87   Thumb Code   100  gd32f1x0_gpio.o(i.gpio_af_set)
    gpio_bit_reset                           0x08000eeb   Thumb Code     4  gd32f1x0_gpio.o(i.gpio_bit_reset)
    gpio_bit_set                             0x08000eef   Thumb Code     4  gd32f1x0_gpio.o(i.gpio_bit_set)
    gpio_mode_set                            0x08000ef3   Thumb Code    78  gd32f1x0_gpio.o(i.gpio_mode_set)
    gpio_output_options_set                  0x08000f41   Thumb Code    72  gd32f1x0_gpio.o(i.gpio_output_options_set)
    main                                     0x08000f89   Thumb Code   244  main.o(i.main)
    nvic_irq_enable                          0x080010a9   Thumb Code   152  gd32f1x0_misc.o(i.nvic_irq_enable)
    nvic_priority_group_set                  0x08001145   Thumb Code    14  gd32f1x0_misc.o(i.nvic_priority_group_set)
    nvic_vector_table_set                    0x08001159   Thumb Code    20  gd32f1x0_misc.o(i.nvic_vector_table_set)
    pid_control                              0x08001171   Thumb Code    88  pid.o(i.pid_control)
    rcu_adc_clock_config                     0x080011cd   Thumb Code   110  gd32f1x0_rcu.o(i.rcu_adc_clock_config)
    rcu_clock_freq_get                       0x08001241   Thumb Code   398  gd32f1x0_rcu.o(i.rcu_clock_freq_get)
    rcu_periph_clock_enable                  0x080013f5   Thumb Code    28  gd32f1x0_rcu.o(i.rcu_periph_clock_enable)
    rcu_periph_reset_disable                 0x08001411   Thumb Code    30  gd32f1x0_rcu.o(i.rcu_periph_reset_disable)
    rcu_periph_reset_enable                  0x0800142f   Thumb Code    28  gd32f1x0_rcu.o(i.rcu_periph_reset_enable)
    systick_config                           0x080014a5   Thumb Code    58  systick.o(i.systick_config)
    timer_auto_reload_shadow_enable          0x080014e9   Thumb Code    10  gd32f1x0_timer.o(i.timer_auto_reload_shadow_enable)
    timer_channel_output_config              0x080014f5   Thumb Code   512  gd32f1x0_timer.o(i.timer_channel_output_config)
    timer_channel_output_mode_config         0x080016fd   Thumb Code    84  gd32f1x0_timer.o(i.timer_channel_output_mode_config)
    timer_channel_output_pulse_value_config  0x08001751   Thumb Code    32  gd32f1x0_timer.o(i.timer_channel_output_pulse_value_config)
    timer_channel_output_shadow_config       0x08001771   Thumb Code    84  gd32f1x0_timer.o(i.timer_channel_output_shadow_config)
    timer_deinit                             0x080017c5   Thumb Code   220  gd32f1x0_timer.o(i.timer_deinit)
    timer_enable                             0x080018a5   Thumb Code    10  gd32f1x0_timer.o(i.timer_enable)
    timer_init                               0x080018b1   Thumb Code   164  gd32f1x0_timer.o(i.timer_init)
    usart0_data_send                         0x08001969   Thumb Code    46  uart.o(i.usart0_data_send)
    usart_baudrate_set                       0x0800199d   Thumb Code    92  gd32f1x0_usart.o(i.usart_baudrate_set)
    usart_clock_disable                      0x080019f9   Thumb Code    18  gd32f1x0_usart.o(i.usart_clock_disable)
    usart_data_receive                       0x08001a0b   Thumb Code     8  gd32f1x0_usart.o(i.usart_data_receive)
    usart_data_transmit                      0x08001a13   Thumb Code     8  gd32f1x0_usart.o(i.usart_data_transmit)
    usart_deinit                             0x08001a1b   Thumb Code    60  gd32f1x0_usart.o(i.usart_deinit)
    usart_enable                             0x08001a57   Thumb Code    10  gd32f1x0_usart.o(i.usart_enable)
    usart_flag_get                           0x08001a61   Thumb Code    28  gd32f1x0_usart.o(i.usart_flag_get)
    usart_halfduplex_enable                  0x08001a7d   Thumb Code    18  gd32f1x0_usart.o(i.usart_halfduplex_enable)
    usart_hardware_flow_cts_config           0x08001a8f   Thumb Code    24  gd32f1x0_usart.o(i.usart_hardware_flow_cts_config)
    usart_hardware_flow_rts_config           0x08001aa7   Thumb Code    24  gd32f1x0_usart.o(i.usart_hardware_flow_rts_config)
    usart_interrupt_disable                  0x08001abf   Thumb Code    24  gd32f1x0_usart.o(i.usart_interrupt_disable)
    usart_interrupt_enable                   0x08001ad7   Thumb Code    22  gd32f1x0_usart.o(i.usart_interrupt_enable)
    usart_interrupt_flag_clear               0x08001aed   Thumb Code    18  gd32f1x0_usart.o(i.usart_interrupt_flag_clear)
    usart_interrupt_flag_get                 0x08001aff   Thumb Code    50  gd32f1x0_usart.o(i.usart_interrupt_flag_get)
    usart_irda_mode_disable                  0x08001b31   Thumb Code    18  gd32f1x0_usart.o(i.usart_irda_mode_disable)
    usart_lin_mode_disable                   0x08001b43   Thumb Code    18  gd32f1x0_usart.o(i.usart_lin_mode_disable)
    usart_parity_config                      0x08001b55   Thumb Code    24  gd32f1x0_usart.o(i.usart_parity_config)
    usart_receive_config                     0x08001b6d   Thumb Code    16  gd32f1x0_usart.o(i.usart_receive_config)
    usart_smartcard_mode_disable             0x08001b7d   Thumb Code    18  gd32f1x0_usart.o(i.usart_smartcard_mode_disable)
    usart_stop_bit_set                       0x08001b8f   Thumb Code    24  gd32f1x0_usart.o(i.usart_stop_bit_set)
    usart_transmit_config                    0x08001ba7   Thumb Code    16  gd32f1x0_usart.o(i.usart_transmit_config)
    usart_word_length_set                    0x08001bb7   Thumb Code    24  gd32f1x0_usart.o(i.usart_word_length_set)
    __aeabi_d2f                              0x08001bd1   Thumb Code     0  d2f.o(x$fpl$d2f)
    _d2f                                     0x08001bd1   Thumb Code    98  d2f.o(x$fpl$d2f)
    __aeabi_dadd                             0x08001c35   Thumb Code     0  daddsub_clz.o(x$fpl$dadd)
    _dadd                                    0x08001c35   Thumb Code   332  daddsub_clz.o(x$fpl$dadd)
    __fpl_dcmp_Inf                           0x08001d85   Thumb Code    24  dcmpi.o(x$fpl$dcmpinf)
    __aeabi_ddiv                             0x08001d9d   Thumb Code     0  ddiv.o(x$fpl$ddiv)
    _ddiv                                    0x08001d9d   Thumb Code   552  ddiv.o(x$fpl$ddiv)
    __aeabi_d2uiz                            0x0800204d   Thumb Code     0  dfixu.o(x$fpl$dfixu)
    _dfixu                                   0x0800204d   Thumb Code    90  dfixu.o(x$fpl$dfixu)
    __aeabi_ui2d                             0x080020a7   Thumb Code     0  dflt_clz.o(x$fpl$dfltu)
    _dfltu                                   0x080020a7   Thumb Code    38  dflt_clz.o(x$fpl$dfltu)
    __aeabi_cdcmple                          0x080020cd   Thumb Code     0  dleqf.o(x$fpl$dleqf)
    _dcmple                                  0x080020cd   Thumb Code   120  dleqf.o(x$fpl$dleqf)
    __fpl_dcmple_InfNaN                      0x0800212f   Thumb Code     0  dleqf.o(x$fpl$dleqf)
    __fpl_dnaninf                            0x08002145   Thumb Code   156  dnaninf.o(x$fpl$dnaninf)
    __fpl_dretinf                            0x080021e1   Thumb Code    12  dretinf.o(x$fpl$dretinf)
    __aeabi_dsub                             0x080021ed   Thumb Code     0  daddsub_clz.o(x$fpl$dsub)
    _dsub                                    0x080021ed   Thumb Code   464  daddsub_clz.o(x$fpl$dsub)
    __aeabi_f2d                              0x080023c1   Thumb Code     0  f2d.o(x$fpl$f2d)
    _f2d                                     0x080023c1   Thumb Code    86  f2d.o(x$fpl$f2d)
    __aeabi_fadd                             0x08002419   Thumb Code     0  faddsub_clz.o(x$fpl$fadd)
    _fadd                                    0x08002419   Thumb Code   196  faddsub_clz.o(x$fpl$fadd)
    __fpl_fcmp_Inf                           0x080024dd   Thumb Code    24  fcmpi.o(x$fpl$fcmpinf)
    __aeabi_fdiv                             0x080024f5   Thumb Code     0  fdiv.o(x$fpl$fdiv)
    _fdiv                                    0x080024f5   Thumb Code   384  fdiv.o(x$fpl$fdiv)
    __aeabi_f2iz                             0x08002679   Thumb Code     0  ffix.o(x$fpl$ffix)
    _ffix                                    0x08002679   Thumb Code    54  ffix.o(x$fpl$ffix)
    __aeabi_f2uiz                            0x080026b1   Thumb Code     0  ffixu.o(x$fpl$ffixu)
    _ffixu                                   0x080026b1   Thumb Code    62  ffixu.o(x$fpl$ffixu)
    __aeabi_i2f                              0x080026f1   Thumb Code     0  fflt_clz.o(x$fpl$fflt)
    _fflt                                    0x080026f1   Thumb Code    48  fflt_clz.o(x$fpl$fflt)
    __aeabi_ui2f                             0x08002721   Thumb Code     0  fflt_clz.o(x$fpl$ffltu)
    _ffltu                                   0x08002721   Thumb Code    38  fflt_clz.o(x$fpl$ffltu)
    __aeabi_cfcmple                          0x08002749   Thumb Code     0  fleqf.o(x$fpl$fleqf)
    _fcmple                                  0x08002749   Thumb Code   104  fleqf.o(x$fpl$fleqf)
    __fpl_fcmple_InfNaN                      0x0800279b   Thumb Code     0  fleqf.o(x$fpl$fleqf)
    __aeabi_fmul                             0x080027b1   Thumb Code     0  fmul.o(x$fpl$fmul)
    _fmul                                    0x080027b1   Thumb Code   258  fmul.o(x$fpl$fmul)
    __fpl_fnaninf                            0x080028b3   Thumb Code   140  fnaninf.o(x$fpl$fnaninf)
    __fpl_fretinf                            0x0800293f   Thumb Code    10  fretinf.o(x$fpl$fretinf)
    __aeabi_cfrcmple                         0x08002949   Thumb Code     0  frleqf.o(x$fpl$frleqf)
    _frcmple                                 0x08002949   Thumb Code    98  frleqf.o(x$fpl$frleqf)
    __aeabi_frsub                            0x080029ab   Thumb Code     0  faddsub_clz.o(x$fpl$frsb)
    _frsb                                    0x080029ab   Thumb Code    20  faddsub_clz.o(x$fpl$frsb)
    __aeabi_fsub                             0x080029c1   Thumb Code     0  faddsub_clz.o(x$fpl$fsub)
    _fsub                                    0x080029c1   Thumb Code   234  faddsub_clz.o(x$fpl$fsub)
    __I$use$fp                               0x08002aaa   Number         0  usenofp.o(x$fpl$usenofp)
    Region$$Table$$Base                      0x08002aac   Number         0  anon$$obj.o(Region$$Table)
    Region$$Table$$Limit                     0x08002acc   Number         0  anon$$obj.o(Region$$Table)
    set_flag                                 0x20000004   Data           1  main.o(.data)
    Vpd                                      0x20000008   Data           4  main.o(.data)
    set_Vpd                                  0x2000000c   Data           4  main.o(.data)
    set_pwm                                  0x20000010   Data           4  main.o(.data)
    length                                   0x20000014   Data           2  main.o(.data)
    SystemCoreClock                          0x20000018   Data           4  system_gd32f1x0.o(.data)
    integral                                 0x2000001c   Data           4  pid.o(.data)
    prev_error                               0x20000020   Data           4  pid.o(.data)
    derivative                               0x20000024   Data           4  pid.o(.data)
    rxcount0                                 0x20000028   Data           2  uart.o(.data)
    crc8tab                                  0x20000034   Data         256  smartaudio.o(.data)
    transmitter_buffer0                      0x20000134   Data          20  uart.o(.bss)
    receiver_buffer0                         0x20000148   Data          20  uart.o(.bss)
    SmartAudio                               0x2000015c   Data          10  smartaudio.o(.bss)
    __libspace_start                         0x20000168   Data          96  libspace.o(.bss)
    __temporary_stack_top$libspace           0x200001c8   Data           0  libspace.o(.bss)



==============================================================================

Memory Map of the image

  Image Entry point : 0x08000169

  Load Region LR_IROM1 (Base: 0x08000000, Size: 0x00002c00, Max: 0x00008000, ABSOLUTE, COMPRESSED[0x00002bd8])

    Execution Region ER_IROM1 (Exec base: 0x08000000, Load base: 0x08000000, Size: 0x00002acc, Max: 0x00008000, ABSOLUTE)

    Exec Addr    Load Addr    Size         Type   Attr      Idx    E Section Name        Object

    0x08000000   0x08000000   0x00000168   Data   RO         3951    RESET               startup_gd32f1x0.o
    0x08000168   0x08000168   0x00000008   Code   RO         4281  * !!!main             c_w.l(__main.o)
    0x08000170   0x08000170   0x00000034   Code   RO         4509    !!!scatter          c_w.l(__scatter.o)
    0x080001a4   0x080001a4   0x0000003a   Code   RO         4507    !!dczerorl          c_w.l(__dczerorl.o)
    0x080001de   0x080001de   0x00000002   PAD
    0x080001e0   0x080001e0   0x0000001c   Code   RO         4511    !!handler_zi        c_w.l(__scatter_zi.o)
    0x080001fc   0x080001fc   0x00000002   Code   RO         4377    .ARM.Collect$$libinit$$00000000  c_w.l(libinit.o)
    0x080001fe   0x080001fe   0x00000000   Code   RO         4384    .ARM.Collect$$libinit$$00000002  c_w.l(libinit2.o)
    0x080001fe   0x080001fe   0x00000000   Code   RO         4386    .ARM.Collect$$libinit$$00000004  c_w.l(libinit2.o)
    0x080001fe   0x080001fe   0x00000000   Code   RO         4389    .ARM.Collect$$libinit$$0000000A  c_w.l(libinit2.o)
    0x080001fe   0x080001fe   0x00000000   Code   RO         4391    .ARM.Collect$$libinit$$0000000C  c_w.l(libinit2.o)
    0x080001fe   0x080001fe   0x00000000   Code   RO         4393    .ARM.Collect$$libinit$$0000000E  c_w.l(libinit2.o)
    0x080001fe   0x080001fe   0x00000000   Code   RO         4396    .ARM.Collect$$libinit$$00000011  c_w.l(libinit2.o)
    0x080001fe   0x080001fe   0x00000000   Code   RO         4398    .ARM.Collect$$libinit$$00000013  c_w.l(libinit2.o)
    0x080001fe   0x080001fe   0x00000000   Code   RO         4400    .ARM.Collect$$libinit$$00000015  c_w.l(libinit2.o)
    0x080001fe   0x080001fe   0x00000000   Code   RO         4402    .ARM.Collect$$libinit$$00000017  c_w.l(libinit2.o)
    0x080001fe   0x080001fe   0x00000000   Code   RO         4404    .ARM.Collect$$libinit$$00000019  c_w.l(libinit2.o)
    0x080001fe   0x080001fe   0x00000000   Code   RO         4406    .ARM.Collect$$libinit$$0000001B  c_w.l(libinit2.o)
    0x080001fe   0x080001fe   0x00000000   Code   RO         4408    .ARM.Collect$$libinit$$0000001D  c_w.l(libinit2.o)
    0x080001fe   0x080001fe   0x00000000   Code   RO         4410    .ARM.Collect$$libinit$$0000001F  c_w.l(libinit2.o)
    0x080001fe   0x080001fe   0x00000000   Code   RO         4412    .ARM.Collect$$libinit$$00000021  c_w.l(libinit2.o)
    0x080001fe   0x080001fe   0x00000000   Code   RO         4414    .ARM.Collect$$libinit$$00000023  c_w.l(libinit2.o)
    0x080001fe   0x080001fe   0x00000000   Code   RO         4416    .ARM.Collect$$libinit$$00000025  c_w.l(libinit2.o)
    0x080001fe   0x080001fe   0x00000000   Code   RO         4420    .ARM.Collect$$libinit$$0000002C  c_w.l(libinit2.o)
    0x080001fe   0x080001fe   0x00000000   Code   RO         4422    .ARM.Collect$$libinit$$0000002E  c_w.l(libinit2.o)
    0x080001fe   0x080001fe   0x00000000   Code   RO         4424    .ARM.Collect$$libinit$$00000030  c_w.l(libinit2.o)
    0x080001fe   0x080001fe   0x00000000   Code   RO         4426    .ARM.Collect$$libinit$$00000032  c_w.l(libinit2.o)
    0x080001fe   0x080001fe   0x00000002   Code   RO         4427    .ARM.Collect$$libinit$$00000033  c_w.l(libinit2.o)
    0x08000200   0x08000200   0x00000002   Code   RO         4447    .ARM.Collect$$libshutdown$$00000000  c_w.l(libshutdown.o)
    0x08000202   0x08000202   0x00000000   Code   RO         4460    .ARM.Collect$$libshutdown$$00000002  c_w.l(libshutdown2.o)
    0x08000202   0x08000202   0x00000000   Code   RO         4462    .ARM.Collect$$libshutdown$$00000004  c_w.l(libshutdown2.o)
    0x08000202   0x08000202   0x00000000   Code   RO         4465    .ARM.Collect$$libshutdown$$00000007  c_w.l(libshutdown2.o)
    0x08000202   0x08000202   0x00000000   Code   RO         4468    .ARM.Collect$$libshutdown$$0000000A  c_w.l(libshutdown2.o)
    0x08000202   0x08000202   0x00000000   Code   RO         4470    .ARM.Collect$$libshutdown$$0000000C  c_w.l(libshutdown2.o)
    0x08000202   0x08000202   0x00000000   Code   RO         4473    .ARM.Collect$$libshutdown$$0000000F  c_w.l(libshutdown2.o)
    0x08000202   0x08000202   0x00000002   Code   RO         4474    .ARM.Collect$$libshutdown$$00000010  c_w.l(libshutdown2.o)
    0x08000204   0x08000204   0x00000000   Code   RO         4339    .ARM.Collect$$rtentry$$00000000  c_w.l(__rtentry.o)
    0x08000204   0x08000204   0x00000000   Code   RO         4354    .ARM.Collect$$rtentry$$00000002  c_w.l(__rtentry2.o)
    0x08000204   0x08000204   0x00000006   Code   RO         4366    .ARM.Collect$$rtentry$$00000004  c_w.l(__rtentry4.o)
    0x0800020a   0x0800020a   0x00000000   Code   RO         4356    .ARM.Collect$$rtentry$$00000009  c_w.l(__rtentry2.o)
    0x0800020a   0x0800020a   0x00000004   Code   RO         4357    .ARM.Collect$$rtentry$$0000000A  c_w.l(__rtentry2.o)
    0x0800020e   0x0800020e   0x00000000   Code   RO         4359    .ARM.Collect$$rtentry$$0000000C  c_w.l(__rtentry2.o)
    0x0800020e   0x0800020e   0x00000008   Code   RO         4360    .ARM.Collect$$rtentry$$0000000D  c_w.l(__rtentry2.o)
    0x08000216   0x08000216   0x00000002   Code   RO         4381    .ARM.Collect$$rtexit$$00000000  c_w.l(rtexit.o)
    0x08000218   0x08000218   0x00000000   Code   RO         4429    .ARM.Collect$$rtexit$$00000002  c_w.l(rtexit2.o)
    0x08000218   0x08000218   0x00000004   Code   RO         4430    .ARM.Collect$$rtexit$$00000003  c_w.l(rtexit2.o)
    0x0800021c   0x0800021c   0x00000006   Code   RO         4431    .ARM.Collect$$rtexit$$00000004  c_w.l(rtexit2.o)
    0x08000222   0x08000222   0x00000002   PAD
    0x08000224   0x08000224   0x00000040   Code   RO         3952    .text               startup_gd32f1x0.o
    0x08000264   0x08000264   0x00000006   Code   RO         4279    .text               c_w.l(heapauxi.o)
    0x0800026a   0x0800026a   0x0000004a   Code   RO         4368    .text               c_w.l(sys_stackheap_outer.o)
    0x080002b4   0x080002b4   0x00000012   Code   RO         4370    .text               c_w.l(exit.o)
    0x080002c6   0x080002c6   0x00000002   PAD
    0x080002c8   0x080002c8   0x00000008   Code   RO         4378    .text               c_w.l(libspace.o)
    0x080002d0   0x080002d0   0x0000000c   Code   RO         4439    .text               c_w.l(sys_exit.o)
    0x080002dc   0x080002dc   0x00000002   Code   RO         4450    .text               c_w.l(use_no_semi.o)
    0x080002de   0x080002de   0x00000000   Code   RO         4452    .text               c_w.l(indicate_semi.o)
    0x080002de   0x080002de   0x00000002   Code   RO            3    i.BusFault_Handler  gd32f1x0_it.o
    0x080002e0   0x080002e0   0x00000040   Code   RO         4203    i.Constrain         filter.o
    0x08000320   0x08000320   0x00000002   Code   RO            4    i.DebugMon_Handler  gd32f1x0_it.o
    0x08000322   0x08000322   0x0000000a   Code   RO         4183    i.Delay             delay.o
    0x0800032c   0x0800032c   0x00000002   Code   RO            5    i.HardFault_Handler  gd32f1x0_it.o
    0x0800032e   0x0800032e   0x00000034   Code   RO         3987    i.LED_Init          led.o
    0x08000362   0x08000362   0x00000002   PAD
    0x08000364   0x08000364   0x000000cc   Code   RO         4204    i.LimitFilter       filter.o
    0x08000430   0x08000430   0x00000002   Code   RO            6    i.MemManage_Handler  gd32f1x0_it.o
    0x08000432   0x08000432   0x00000002   Code   RO            7    i.NMI_Handler       gd32f1x0_it.o
    0x08000434   0x08000434   0x00000034   Code   RO         4049    i.PA_Init           rtc6705.o
    0x08000468   0x08000468   0x00000002   Code   RO            8    i.PendSV_Handler    gd32f1x0_it.o
    0x0800046a   0x0800046a   0x00000002   PAD
    0x0800046c   0x0800046c   0x00000104   Code   RO         4050    i.RTC6705_WriteREG  rtc6705.o
    0x08000570   0x08000570   0x00000050   Code   RO         3958    i.SPI_Init          spi.o
    0x080005c0   0x080005c0   0x00000002   Code   RO            9    i.SVC_Handler       gd32f1x0_it.o
    0x080005c2   0x080005c2   0x00000002   PAD
    0x080005c4   0x080005c4   0x00000030   Code   RO         4051    i.SetFreq           rtc6705.o
    0x080005f4   0x080005f4   0x000000ec   Code   RO         4240    i.SmartAudio_VTX_PckTx  smartaudio.o
    0x080006e0   0x080006e0   0x00000080   Code   RO         4241    i.SmartAudio_VTX_VerifyRx  smartaudio.o
    0x08000760   0x08000760   0x00000004   Code   RO           10    i.SysTick_Handler   gd32f1x0_it.o
    0x08000764   0x08000764   0x000000b0   Code   RO          323    i.SystemInit        system_gd32f1x0.o
    0x08000814   0x08000814   0x000000c4   Code   RO         4022    i.TIM1_PWM_Init     pwm.o
    0x080008d8   0x080008d8   0x000000c8   Code   RO         4023    i.TIM2_PWM_Init     pwm.o
    0x080009a0   0x080009a0   0x000000d8   Code   RO         4121    i.UART0_Init        uart.o
    0x08000a78   0x08000a78   0x000000ac   Code   RO         4122    i.USART0_IRQHandler  uart.o
    0x08000b24   0x08000b24   0x0000002c   Code   RO         4123    i.USART0_RestoreReceive  uart.o
    0x08000b50   0x08000b50   0x00000024   Code   RO         4124    i.USART0_StopReceive  uart.o
    0x08000b74   0x08000b74   0x00000002   Code   RO           11    i.UsageFault_Handler  gd32f1x0_it.o
    0x08000b76   0x08000b76   0x00000060   Code   RO         4089    i.Vpd_ADC_Init      adc.o
    0x08000bd6   0x08000bd6   0x00000002   PAD
    0x08000bd8   0x08000bd8   0x00000028   Code   RO          364    i.adc_calibration_enable  gd32f1x0_adc.o
    0x08000c00   0x08000c00   0x00000048   Code   RO          365    i.adc_channel_length_config  gd32f1x0_adc.o
    0x08000c48   0x08000c48   0x00000020   Code   RO          366    i.adc_data_alignment_config  gd32f1x0_adc.o
    0x08000c68   0x08000c68   0x00000018   Code   RO          372    i.adc_enable        gd32f1x0_adc.o
    0x08000c80   0x08000c80   0x00000048   Code   RO          373    i.adc_external_trigger_config  gd32f1x0_adc.o
    0x08000cc8   0x08000cc8   0x00000030   Code   RO          374    i.adc_external_trigger_source_config  gd32f1x0_adc.o
    0x08000cf8   0x08000cf8   0x00000010   Code   RO          375    i.adc_flag_clear    gd32f1x0_adc.o
    0x08000d08   0x08000d08   0x00000014   Code   RO          376    i.adc_flag_get      gd32f1x0_adc.o
    0x08000d1c   0x08000d1c   0x000000d0   Code   RO          384    i.adc_regular_channel_config  gd32f1x0_adc.o
    0x08000dec   0x08000dec   0x0000000c   Code   RO          385    i.adc_regular_data_read  gd32f1x0_adc.o
    0x08000df8   0x08000df8   0x00000024   Code   RO          386    i.adc_software_trigger_enable  gd32f1x0_adc.o
    0x08000e1c   0x08000e1c   0x0000002c   Code   RO         4242    i.crc8              smartaudio.o
    0x08000e48   0x08000e48   0x00000014   Code   RO          170    i.delay_decrement   systick.o
    0x08000e5c   0x08000e5c   0x0000002a   Code   RO         4090    i.get_adc_ch        adc.o
    0x08000e86   0x08000e86   0x00000064   Code   RO         1585    i.gpio_af_set       gd32f1x0_gpio.o
    0x08000eea   0x08000eea   0x00000004   Code   RO         1586    i.gpio_bit_reset    gd32f1x0_gpio.o
    0x08000eee   0x08000eee   0x00000004   Code   RO         1587    i.gpio_bit_set      gd32f1x0_gpio.o
    0x08000ef2   0x08000ef2   0x0000004e   Code   RO         1592    i.gpio_mode_set     gd32f1x0_gpio.o
    0x08000f40   0x08000f40   0x00000048   Code   RO         1594    i.gpio_output_options_set  gd32f1x0_gpio.o
    0x08000f88   0x08000f88   0x00000120   Code   RO          249    i.main              main.o
    0x080010a8   0x080010a8   0x0000009c   Code   RO         1881    i.nvic_irq_enable   gd32f1x0_misc.o
    0x08001144   0x08001144   0x00000014   Code   RO         1882    i.nvic_priority_group_set  gd32f1x0_misc.o
    0x08001158   0x08001158   0x00000018   Code   RO         1883    i.nvic_vector_table_set  gd32f1x0_misc.o
    0x08001170   0x08001170   0x0000005c   Code   RO         4005    i.pid_control       pid.o
    0x080011cc   0x080011cc   0x00000074   Code   RO         2026    i.rcu_adc_clock_config  gd32f1x0_rcu.o
    0x08001240   0x08001240   0x000001b4   Code   RO         2035    i.rcu_clock_freq_get  gd32f1x0_rcu.o
    0x080013f4   0x080013f4   0x0000001c   Code   RO         2055    i.rcu_periph_clock_enable  gd32f1x0_rcu.o
    0x08001410   0x08001410   0x0000001e   Code   RO         2058    i.rcu_periph_reset_disable  gd32f1x0_rcu.o
    0x0800142e   0x0800142e   0x0000001c   Code   RO         2059    i.rcu_periph_reset_enable  gd32f1x0_rcu.o
    0x0800144a   0x0800144a   0x00000002   PAD
    0x0800144c   0x0800144c   0x00000054   Code   RO          324    i.system_clock_72m_irc8m  system_gd32f1x0.o
    0x080014a0   0x080014a0   0x00000004   Code   RO          325    i.system_clock_config  system_gd32f1x0.o
    0x080014a4   0x080014a4   0x00000044   Code   RO          171    i.systick_config    systick.o
    0x080014e8   0x080014e8   0x0000000a   Code   RO         2758    i.timer_auto_reload_shadow_enable  gd32f1x0_timer.o
    0x080014f2   0x080014f2   0x00000002   PAD
    0x080014f4   0x080014f4   0x00000208   Code   RO         2775    i.timer_channel_output_config  gd32f1x0_timer.o
    0x080016fc   0x080016fc   0x00000054   Code   RO         2777    i.timer_channel_output_mode_config  gd32f1x0_timer.o
    0x08001750   0x08001750   0x00000020   Code   RO         2779    i.timer_channel_output_pulse_value_config  gd32f1x0_timer.o
    0x08001770   0x08001770   0x00000054   Code   RO         2780    i.timer_channel_output_shadow_config  gd32f1x0_timer.o
    0x080017c4   0x080017c4   0x000000e0   Code   RO         2789    i.timer_deinit      gd32f1x0_timer.o
    0x080018a4   0x080018a4   0x0000000a   Code   RO         2794    i.timer_enable      gd32f1x0_timer.o
    0x080018ae   0x080018ae   0x00000002   PAD
    0x080018b0   0x080018b0   0x000000b8   Code   RO         2804    i.timer_init        gd32f1x0_timer.o
    0x08001968   0x08001968   0x00000034   Code   RO         4126    i.usart0_data_send  uart.o
    0x0800199c   0x0800199c   0x0000005c   Code   RO         3426    i.usart_baudrate_set  gd32f1x0_usart.o
    0x080019f8   0x080019f8   0x00000012   Code   RO         3428    i.usart_clock_disable  gd32f1x0_usart.o
    0x08001a0a   0x08001a0a   0x00000008   Code   RO         3432    i.usart_data_receive  gd32f1x0_usart.o
    0x08001a12   0x08001a12   0x00000008   Code   RO         3433    i.usart_data_transmit  gd32f1x0_usart.o
    0x08001a1a   0x08001a1a   0x0000003c   Code   RO         3434    i.usart_deinit      gd32f1x0_usart.o
    0x08001a56   0x08001a56   0x0000000a   Code   RO         3441    i.usart_enable      gd32f1x0_usart.o
    0x08001a60   0x08001a60   0x0000001c   Code   RO         3443    i.usart_flag_get    gd32f1x0_usart.o
    0x08001a7c   0x08001a7c   0x00000012   Code   RO         3446    i.usart_halfduplex_enable  gd32f1x0_usart.o
    0x08001a8e   0x08001a8e   0x00000018   Code   RO         3447    i.usart_hardware_flow_cts_config  gd32f1x0_usart.o
    0x08001aa6   0x08001aa6   0x00000018   Code   RO         3448    i.usart_hardware_flow_rts_config  gd32f1x0_usart.o
    0x08001abe   0x08001abe   0x00000018   Code   RO         3449    i.usart_interrupt_disable  gd32f1x0_usart.o
    0x08001ad6   0x08001ad6   0x00000016   Code   RO         3450    i.usart_interrupt_enable  gd32f1x0_usart.o
    0x08001aec   0x08001aec   0x00000012   Code   RO         3451    i.usart_interrupt_flag_clear  gd32f1x0_usart.o
    0x08001afe   0x08001afe   0x00000032   Code   RO         3452    i.usart_interrupt_flag_get  gd32f1x0_usart.o
    0x08001b30   0x08001b30   0x00000012   Code   RO         3455    i.usart_irda_mode_disable  gd32f1x0_usart.o
    0x08001b42   0x08001b42   0x00000012   Code   RO         3458    i.usart_lin_mode_disable  gd32f1x0_usart.o
    0x08001b54   0x08001b54   0x00000018   Code   RO         3466    i.usart_parity_config  gd32f1x0_usart.o
    0x08001b6c   0x08001b6c   0x00000010   Code   RO         3468    i.usart_receive_config  gd32f1x0_usart.o
    0x08001b7c   0x08001b7c   0x00000012   Code   RO         3478    i.usart_smartcard_mode_disable  gd32f1x0_usart.o
    0x08001b8e   0x08001b8e   0x00000018   Code   RO         3482    i.usart_stop_bit_set  gd32f1x0_usart.o
    0x08001ba6   0x08001ba6   0x00000010   Code   RO         3484    i.usart_transmit_config  gd32f1x0_usart.o
    0x08001bb6   0x08001bb6   0x00000018   Code   RO         3488    i.usart_word_length_set  gd32f1x0_usart.o
    0x08001bce   0x08001bce   0x00000002   PAD
    0x08001bd0   0x08001bd0   0x00000062   Code   RO         4283    x$fpl$d2f           fz_ws.l(d2f.o)
    0x08001c32   0x08001c32   0x00000002   PAD
    0x08001c34   0x08001c34   0x00000150   Code   RO         4285    x$fpl$dadd          fz_ws.l(daddsub_clz.o)
    0x08001d84   0x08001d84   0x00000018   Code   RO         4340    x$fpl$dcmpinf       fz_ws.l(dcmpi.o)
    0x08001d9c   0x08001d9c   0x000002b0   Code   RO         4292    x$fpl$ddiv          fz_ws.l(ddiv.o)
    0x0800204c   0x0800204c   0x0000005a   Code   RO         4295    x$fpl$dfixu         fz_ws.l(dfixu.o)
    0x080020a6   0x080020a6   0x00000026   Code   RO         4299    x$fpl$dfltu         fz_ws.l(dflt_clz.o)
    0x080020cc   0x080020cc   0x00000078   Code   RO         4305    x$fpl$dleqf         fz_ws.l(dleqf.o)
    0x08002144   0x08002144   0x0000009c   Code   RO         4342    x$fpl$dnaninf       fz_ws.l(dnaninf.o)
    0x080021e0   0x080021e0   0x0000000c   Code   RO         4344    x$fpl$dretinf       fz_ws.l(dretinf.o)
    0x080021ec   0x080021ec   0x000001d4   Code   RO         4287    x$fpl$dsub          fz_ws.l(daddsub_clz.o)
    0x080023c0   0x080023c0   0x00000056   Code   RO         4307    x$fpl$f2d           fz_ws.l(f2d.o)
    0x08002416   0x08002416   0x00000002   PAD
    0x08002418   0x08002418   0x000000c4   Code   RO         4309    x$fpl$fadd          fz_ws.l(faddsub_clz.o)
    0x080024dc   0x080024dc   0x00000018   Code   RO         4346    x$fpl$fcmpinf       fz_ws.l(fcmpi.o)
    0x080024f4   0x080024f4   0x00000184   Code   RO         4316    x$fpl$fdiv          fz_ws.l(fdiv.o)
    0x08002678   0x08002678   0x00000036   Code   RO         4319    x$fpl$ffix          fz_ws.l(ffix.o)
    0x080026ae   0x080026ae   0x00000002   PAD
    0x080026b0   0x080026b0   0x0000003e   Code   RO         4323    x$fpl$ffixu         fz_ws.l(ffixu.o)
    0x080026ee   0x080026ee   0x00000002   PAD
    0x080026f0   0x080026f0   0x00000030   Code   RO         4328    x$fpl$fflt          fz_ws.l(fflt_clz.o)
    0x08002720   0x08002720   0x00000026   Code   RO         4327    x$fpl$ffltu         fz_ws.l(fflt_clz.o)
    0x08002746   0x08002746   0x00000002   PAD
    0x08002748   0x08002748   0x00000068   Code   RO         4333    x$fpl$fleqf         fz_ws.l(fleqf.o)
    0x080027b0   0x080027b0   0x00000102   Code   RO         4335    x$fpl$fmul          fz_ws.l(fmul.o)
    0x080028b2   0x080028b2   0x0000008c   Code   RO         4348    x$fpl$fnaninf       fz_ws.l(fnaninf.o)
    0x0800293e   0x0800293e   0x0000000a   Code   RO         4350    x$fpl$fretinf       fz_ws.l(fretinf.o)
    0x08002948   0x08002948   0x00000062   Code   RO         4337    x$fpl$frleqf        fz_ws.l(frleqf.o)
    0x080029aa   0x080029aa   0x00000014   Code   RO         4310    x$fpl$frsb          fz_ws.l(faddsub_clz.o)
    0x080029be   0x080029be   0x00000002   PAD
    0x080029c0   0x080029c0   0x000000ea   Code   RO         4311    x$fpl$fsub          fz_ws.l(faddsub_clz.o)
    0x08002aaa   0x08002aaa   0x00000000   Code   RO         4352    x$fpl$usenofp       fz_ws.l(usenofp.o)
    0x08002aaa   0x08002aaa   0x00000002   PAD
    0x08002aac   0x08002aac   0x00000020   Data   RO         4505    Region$$Table       anon$$obj.o


    Execution Region RW_IRAM1 (Exec base: 0x20000000, Load base: 0x08002acc, Size: 0x000009c8, Max: 0x00001000, ABSOLUTE, COMPRESSED[0x0000010c])

    Exec Addr    Load Addr    Size         Type   Attr      Idx    E Section Name        Object

    0x20000000   COMPRESSED   0x00000004   Data   RW          172    .data               systick.o
    0x20000004   COMPRESSED   0x00000010   Data   RW          250    .data               main.o
    0x20000014   COMPRESSED   0x00000002   Data   RW          254    .data               main.o
    0x20000016   COMPRESSED   0x00000002   PAD
    0x20000018   COMPRESSED   0x00000004   Data   RW          326    .data               system_gd32f1x0.o
    0x2000001c   COMPRESSED   0x0000000c   Data   RW         4006    .data               pid.o
    0x20000028   COMPRESSED   0x00000002   Data   RW         4129    .data               uart.o
    0x2000002a   COMPRESSED   0x00000002   PAD
    0x2000002c   COMPRESSED   0x00000008   Data   RW         4206    .data               filter.o
    0x20000034   COMPRESSED   0x00000100   Data   RW         4244    .data               smartaudio.o
    0x20000134        -       0x00000028   Zero   RW         4127    .bss                uart.o
    0x2000015c        -       0x0000000a   Zero   RW         4243    .bss                smartaudio.o
    0x20000166   COMPRESSED   0x00000002   PAD
    0x20000168        -       0x00000060   Zero   RW         4379    .bss                c_w.l(libspace.o)
    0x200001c8        -       0x00000400   Zero   RW         3950    HEAP                startup_gd32f1x0.o
    0x200005c8        -       0x00000400   Zero   RW         3949    STACK               startup_gd32f1x0.o


==============================================================================

Image component sizes


      Code (inc. data)   RO Data    RW Data    ZI Data      Debug   Object Name

       138          0          0          0          0       1064   adc.o
        10          0          0          0          0        464   delay.o
       268         10          0          8          0       1554   filter.o
       580         74          0          0          0       7912   gd32f1x0_adc.o
       258          0          0          0          0       4044   gd32f1x0_gpio.o
        20          0          0          0          0      51362   gd32f1x0_it.o
       200         14          0          0          0       2356   gd32f1x0_misc.o
       638         58          0          0          0       5783   gd32f1x0_rcu.o
      1148         32          0          0          0       7297   gd32f1x0_timer.o
       562          0          0          0          0      15432   gd32f1x0_usart.o
        52          0          0          0          0        475   led.o
       288         44          0         18          0       1007   main.o
        92          4          0         12          0       1059   pid.o
       396         10          0          0          0       1320   pwm.o
       360         12          0          0          0       1867   rtc6705.o
       408         36          0        256         10       3489   smartaudio.o
        80          4          0          0          0        487   spi.o
        64         26        360          0       2048        984   startup_gd32f1x0.o
       264         14          0          4          0       3027   system_gd32f1x0.o
        88         14          0          4          0      29982   systick.o
       520         54          0          2         40       3578   uart.o

    ----------------------------------------------------------------------
      6450        406        392        308       2100     144543   Object Totals
         0          0         32          0          0          0   (incl. Generated)
        16          0          0          4          2          0   (incl. Padding)

    ----------------------------------------------------------------------

      Code (inc. data)   RO Data    RW Data    ZI Data      Debug   Library Member Name

        58          0          0          0          0          0   __dczerorl.o
         8          0          0          0          0         68   __main.o
         0          0          0          0          0          0   __rtentry.o
        12          0          0          0          0          0   __rtentry2.o
         6          0          0          0          0          0   __rtentry4.o
        52          8          0          0          0          0   __scatter.o
        28          0          0          0          0          0   __scatter_zi.o
        18          0          0          0          0         80   exit.o
         6          0          0          0          0        152   heapauxi.o
         0          0          0          0          0          0   indicate_semi.o
         2          0          0          0          0          0   libinit.o
         2          0          0          0          0          0   libinit2.o
         2          0          0          0          0          0   libshutdown.o
         2          0          0          0          0          0   libshutdown2.o
         8          4          0          0         96         68   libspace.o
         2          0          0          0          0          0   rtexit.o
        10          0          0          0          0          0   rtexit2.o
        12          4          0          0          0         68   sys_exit.o
        74          0          0          0          0         80   sys_stackheap_outer.o
         2          0          0          0          0         68   use_no_semi.o
        98          4          0          0          0         92   d2f.o
       804         16          0          0          0        272   daddsub_clz.o
        24          0          0          0          0         68   dcmpi.o
       688        140          0          0          0        208   ddiv.o
        90          4          0          0          0         92   dfixu.o
        38          0          0          0          0         68   dflt_clz.o
       120          4          0          0          0         92   dleqf.o
       156          4          0          0          0         92   dnaninf.o
        12          0          0          0          0         68   dretinf.o
        86          4          0          0          0         84   f2d.o
       450          8          0          0          0        236   faddsub_clz.o
        24          0          0          0          0         68   fcmpi.o
       388         76          0          0          0         96   fdiv.o
        54          4          0          0          0         84   ffix.o
        62          4          0          0          0         84   ffixu.o
        86          0          0          0          0        136   fflt_clz.o
       104          4          0          0          0         84   fleqf.o
       258          4          0          0          0         84   fmul.o
       140          4          0          0          0         84   fnaninf.o
        10          0          0          0          0         68   fretinf.o
        98          0          0          0          0         68   frleqf.o
         0          0          0          0          0          0   usenofp.o

    ----------------------------------------------------------------------
      4114        296          0          0         96       2812   Library Totals
        20          0          0          0          0          0   (incl. Padding)

    ----------------------------------------------------------------------

      Code (inc. data)   RO Data    RW Data    ZI Data      Debug   Library Name

       304         16          0          0         96        584   c_w.l
      3790        280          0          0          0       2228   fz_ws.l

    ----------------------------------------------------------------------
      4114        296          0          0         96       2812   Library Totals

    ----------------------------------------------------------------------

==============================================================================


      Code (inc. data)   RO Data    RW Data    ZI Data      Debug   

     10564        702        392        308       2196     141475   Grand Totals
     10564        702        392        268       2196     141475   ELF Image Totals (compressed)
     10564        702        392        268          0          0   ROM Totals

==============================================================================

    Total RO  Size (Code + RO Data)                10956 (  10.70kB)
    Total RW  Size (RW Data + ZI Data)              2504 (   2.45kB)
    Total ROM Size (Code + RO Data + RW Data)      11224 (  10.96kB)

==============================================================================

