<html>
<body>
<pre>
<h1>µVision Build Log</h1>
<h2>Tool Versions:</h2>
IDE-Version: ¦ÌVision V5.28.0.0
Copyright (C) 2019 ARM Ltd and ARM Germany GmbH. All rights reserved.
License Information: 1 hm, 1, LIC=QF82M-XEKGP-63AMB-2Y3IE-YSS4P-YHYZ2
 
Tool Versions:
Toolchain:       MDK-ARM Plus  Version: 5.28.0.0
Toolchain Path:  C:\Keil_v5\ARM\ARMCC\Bin
C Compiler:      Armcc.exe V5.06 update 6 (build 750)
Assembler:       Armasm.exe V5.06 update 6 (build 750)
Linker/Locator:  ArmLink.exe V5.06 update 6 (build 750)
Library Manager: ArmAr.exe V5.06 update 6 (build 750)
Hex Converter:   FromElf.exe V5.06 update 6 (build 750)
CPU DLL:         SARMCM3.DLL V5.28.0.0
Dialog DLL:      DCM.DLL V1.17.3.0
Target DLL:      STLink\ST-LINKIII-KEIL_SWO.dll V3.0.6.0
Dialog DLL:      TCM.DLL V1.36.2.0
 
<h2>Project:</h2>
E:\git\MO4-GD32f103g6-\GD32130G_START_Demo_Suites\Project\01_GPIO_Running_LED\MDK-ARM\GD32130G_START.uvprojx
Project File Date:  11/16/2023

<h2>Output:</h2>
*** Using Compiler 'V5.06 update 6 (build 750)', folder: 'C:\Keil_v5\ARM\ARMCC\Bin'
Build target 'GD32130G_START'
compiling main.c...
..\main.c(100): warning:  #223-D: function "memset" declared implicitly
          memset(receiver_buffer0,0,20);
..\main.c: 1 warning, 0 errors
linking...
Program Size: Code=10564 RO-data=392 RW-data=308 ZI-data=2196  
FromELF: creating hex file...
".\output\GD32130G_START.axf" - 0 Error(s), 1 Warning(s).

<h2>Software Packages used:</h2>

Package Vendor: ARM
                http://www.keil.com/pack/ARM.CMSIS.5.9.0.pack
                ARM.CMSIS.5.9.0
                CMSIS (Common Microcontroller Software Interface Standard)
   * Component: CORE Version: 5.6.0

Package Vendor: GigaDevice
                https://gd32mcu.com/data/documents/pack/GigaDevice.GD32F1x0_DFP.3.2.1.pack
                GigaDevice.GD32F1x0_DFP.3.2.1
                GigaDevice GD32F1x0 Series Device Support and Examples

<h2>Collection of Component include folders:</h2>
  .\RTE\_GD32130G_START
  C:\Users\hm\AppData\Local\Arm\Packs\ARM\CMSIS\5.9.0\CMSIS\Core\Include
  C:\Users\hm\AppData\Local\Arm\Packs\GigaDevice\GD32F1x0_DFP\3.2.1\Device\Include

<h2>Collection of Component Files used:</h2>

   * Component: ARM::CMSIS:CORE:5.6.0
Build Time Elapsed:  00:00:01
</pre>
</body>
</html>
