<html>
<body>
<pre>
<h1>µVision Build Log</h1>
<h2>Tool Versions:</h2>
IDE-Version: ¦ÌVision V5.28.0.0
Copyright (C) 2019 ARM Ltd and ARM Germany GmbH. All rights reserved.
License Information: 1 hm, 1, LIC=QF82M-XEKGP-63AMB-2Y3IE-YSS4P-YHYZ2
 
Tool Versions:
Toolchain:       MDK-ARM Plus  Version: 5.28.0.0
Toolchain Path:  C:\Keil_v5\ARM\ARMCC\Bin
C Compiler:      Armcc.exe V5.06 update 6 (build 750)
Assembler:       Armasm.exe V5.06 update 6 (build 750)
Linker/Locator:  ArmLink.exe V5.06 update 6 (build 750)
Library Manager: ArmAr.exe V5.06 update 6 (build 750)
Hex Converter:   FromElf.exe V5.06 update 6 (build 750)
CPU DLL:         SARMCM3.DLL V5.28.0.0
Dialog DLL:      DCM.DLL V1.17.3.0
Target DLL:      STLink\ST-LINKIII-KEIL_SWO.dll V3.0.6.0
Dialog DLL:      TCM.DLL V1.36.2.0
 
<h2>Project:</h2>
E:\git\MO4-GD32f103g6-\GD32130G_START_Demo_Suites\Project\01_GPIO_Running_LED\MDK-ARM\GD32130G_START.uvprojx
Project File Date:  11/16/2023

<h2>Output:</h2>
*** Using Compiler 'V5.06 update 6 (build 750)', folder: 'C:\Keil_v5\ARM\ARMCC\Bin'
Rebuild target 'GD32130G_START'
compiling gd32f1x0_can.c...
compiling gd32f1x0_it.c...
compiling system_gd32f1x0.c...
compiling gd32f1x0_cec.c...
compiling systick.c...
compiling gd32f1x0_cmp.c...
compiling gd32f1x0_dac.c...
compiling gd32f1x0_dma.c...
compiling gd32f1x0_crc.c...
compiling gd32f1x0_dbg.c...
compiling main.c...
compiling gd32f1x0_adc.c...
compiling gd32f1x0_exti.c...
compiling gd32f1x0_ivref.c...
compiling gd32f1x0_opa.c...
compiling gd32f1x0_slcd.c...
compiling gd32f1x0_fwdgt.c...
compiling gd32f1x0_fmc.c...
compiling gd32f1x0_gpio.c...
compiling gd32f1x0_misc.c...
compiling gd32f1x0_i2c.c...
compiling gd32f1x0_pmu.c...
compiling gd32f1x0_rcu.c...
compiling gd32f1x0_syscfg.c...
assembling startup_gd32f1x0.s...
compiling gd32f1x0_spi.c...
compiling gd32f1x0_rtc.c...
compiling gd32f1x0_timer.c...
compiling gd32f1x0_wwdgt.c...
compiling pid.c...
compiling gd32f1x0_tsi.c...
compiling gd32f130g_start.c...
compiling spi.c...
compiling gd32f1x0_usart.c...
compiling led.c...
compiling RTC6705.c...
compiling pwm.c...
compiling uart.c...
compiling adc.c...
compiling delay.c...
compiling filter.c...
compiling SmartAudio.c...
..\SOFTWARE\SmartAudio.c(44): warning:  #940-D: missing return statement at end of non-void function "SmartAudio_VTX_PckTx" 
  }
..\SOFTWARE\SmartAudio.c(86): warning:  #940-D: missing return statement at end of non-void function "SmartAudio_VTX_VerifyRx" 
  }
..\SOFTWARE\SmartAudio.c: 2 warnings, 0 errors
linking...
Program Size: Code=9868 RO-data=392 RW-data=44 ZI-data=2244  
FromELF: creating hex file...
".\output\GD32130G_START.axf" - 0 Error(s), 2 Warning(s).

<h2>Software Packages used:</h2>

Package Vendor: ARM
                http://www.keil.com/pack/ARM.CMSIS.5.9.0.pack
                ARM.CMSIS.5.9.0
                CMSIS (Common Microcontroller Software Interface Standard)
   * Component: CORE Version: 5.6.0

Package Vendor: GigaDevice
                https://gd32mcu.com/data/documents/pack/GigaDevice.GD32F1x0_DFP.3.2.1.pack
                GigaDevice.GD32F1x0_DFP.3.2.1
                GigaDevice GD32F1x0 Series Device Support and Examples

<h2>Collection of Component include folders:</h2>
  .\RTE\_GD32130G_START
  C:\Users\hm\AppData\Local\Arm\Packs\ARM\CMSIS\5.9.0\CMSIS\Core\Include
  C:\Users\hm\AppData\Local\Arm\Packs\GigaDevice\GD32F1x0_DFP\3.2.1\Device\Include

<h2>Collection of Component Files used:</h2>

   * Component: ARM::CMSIS:CORE:5.6.0
Build Time Elapsed:  00:00:02
</pre>
</body>
</html>
